Archive member included to satisfy reference by file (symbol)

c:/progra~1/raspbe~1/picosd~1.1/gcc-ar~1/bin/../lib/gcc/arm-none-eabi/10.3.1/../../../../arm-none-eabi/lib/thumb/v6-m/nofp\libstdc++.a(eh_arm.o)
                              CMakeFiles/helloworld.dir/main.cpp.obj (__cxa_end_cleanup)
c:/progra~1/raspbe~1/picosd~1.1/gcc-ar~1/bin/../lib/gcc/arm-none-eabi/10.3.1/../../../../arm-none-eabi/lib/thumb/v6-m/nofp\libstdc++.a(eh_aux_runtime.o)
                              CMakeFiles/helloworld.dir/WS2812.cpp.obj (__cxa_throw_bad_array_new_length)
c:/progra~1/raspbe~1/picosd~1.1/gcc-ar~1/bin/../lib/gcc/arm-none-eabi/10.3.1/../../../../arm-none-eabi/lib/thumb/v6-m/nofp\libstdc++.a(eh_exception.o)
                              c:/progra~1/raspbe~1/picosd~1.1/gcc-ar~1/bin/../lib/gcc/arm-none-eabi/10.3.1/../../../../arm-none-eabi/lib/thumb/v6-m/nofp\libstdc++.a(eh_arm.o) (typeinfo for __cxxabiv1::__forced_unwind)
c:/progra~1/raspbe~1/picosd~1.1/gcc-ar~1/bin/../lib/gcc/arm-none-eabi/10.3.1/../../../../arm-none-eabi/lib/thumb/v6-m/nofp\libstdc++.a(eh_globals.o)
                              c:/progra~1/raspbe~1/picosd~1.1/gcc-ar~1/bin/../lib/gcc/arm-none-eabi/10.3.1/../../../../arm-none-eabi/lib/thumb/v6-m/nofp\libstdc++.a(eh_arm.o) (__cxa_get_globals)
c:/progra~1/raspbe~1/picosd~1.1/gcc-ar~1/bin/../lib/gcc/arm-none-eabi/10.3.1/../../../../arm-none-eabi/lib/thumb/v6-m/nofp\libstdc++.a(eh_personality.o)
                              CMakeFiles/helloworld.dir/main.cpp.obj (__gxx_personality_v0)
c:/progra~1/raspbe~1/picosd~1.1/gcc-ar~1/bin/../lib/gcc/arm-none-eabi/10.3.1/../../../../arm-none-eabi/lib/thumb/v6-m/nofp\libstdc++.a(eh_terminate.o)
                              c:/progra~1/raspbe~1/picosd~1.1/gcc-ar~1/bin/../lib/gcc/arm-none-eabi/10.3.1/../../../../arm-none-eabi/lib/thumb/v6-m/nofp\libstdc++.a(eh_arm.o) (std::terminate())
c:/progra~1/raspbe~1/picosd~1.1/gcc-ar~1/bin/../lib/gcc/arm-none-eabi/10.3.1/../../../../arm-none-eabi/lib/thumb/v6-m/nofp\libstdc++.a(eh_throw.o)
                              c:/progra~1/raspbe~1/picosd~1.1/gcc-ar~1/bin/../lib/gcc/arm-none-eabi/10.3.1/../../../../arm-none-eabi/lib/thumb/v6-m/nofp\libstdc++.a(eh_aux_runtime.o) (__cxa_throw)
c:/progra~1/raspbe~1/picosd~1.1/gcc-ar~1/bin/../lib/gcc/arm-none-eabi/10.3.1/../../../../arm-none-eabi/lib/thumb/v6-m/nofp\libstdc++.a(eh_unex_handler.o)
                              c:/progra~1/raspbe~1/picosd~1.1/gcc-ar~1/bin/../lib/gcc/arm-none-eabi/10.3.1/../../../../arm-none-eabi/lib/thumb/v6-m/nofp\libstdc++.a(eh_terminate.o) (__cxxabiv1::__unexpected_handler)
c:/progra~1/raspbe~1/picosd~1.1/gcc-ar~1/bin/../lib/gcc/arm-none-eabi/10.3.1/../../../../arm-none-eabi/lib/thumb/v6-m/nofp\libstdc++.a(new_opv.o)
                              CMakeFiles/helloworld.dir/WS2812.cpp.obj (operator new[](unsigned int))
c:/progra~1/raspbe~1/picosd~1.1/gcc-ar~1/bin/../lib/gcc/arm-none-eabi/10.3.1/../../../../arm-none-eabi/lib/thumb/v6-m/nofp\libstdc++.a(pure.o)
                              c:/progra~1/raspbe~1/picosd~1.1/gcc-ar~1/bin/../lib/gcc/arm-none-eabi/10.3.1/../../../../arm-none-eabi/lib/thumb/v6-m/nofp\libstdc++.a(eh_exception.o) (__cxa_pure_virtual)
c:/progra~1/raspbe~1/picosd~1.1/gcc-ar~1/bin/../lib/gcc/arm-none-eabi/10.3.1/../../../../arm-none-eabi/lib/thumb/v6-m/nofp\libstdc++.a(si_class_type_info.o)
                              c:/progra~1/raspbe~1/picosd~1.1/gcc-ar~1/bin/../lib/gcc/arm-none-eabi/10.3.1/../../../../arm-none-eabi/lib/thumb/v6-m/nofp\libstdc++.a(eh_exception.o) (vtable for __cxxabiv1::__si_class_type_info)
c:/progra~1/raspbe~1/picosd~1.1/gcc-ar~1/bin/../lib/gcc/arm-none-eabi/10.3.1/../../../../arm-none-eabi/lib/thumb/v6-m/nofp\libstdc++.a(tinfo.o)
                              c:/progra~1/raspbe~1/picosd~1.1/gcc-ar~1/bin/../lib/gcc/arm-none-eabi/10.3.1/../../../../arm-none-eabi/lib/thumb/v6-m/nofp\libstdc++.a(si_class_type_info.o) (std::type_info::__is_pointer_p() const)
c:/progra~1/raspbe~1/picosd~1.1/gcc-ar~1/bin/../lib/gcc/arm-none-eabi/10.3.1/../../../../arm-none-eabi/lib/thumb/v6-m/nofp\libstdc++.a(vterminate.o)
                              c:/progra~1/raspbe~1/picosd~1.1/gcc-ar~1/bin/../lib/gcc/arm-none-eabi/10.3.1/../../../../arm-none-eabi/lib/thumb/v6-m/nofp\libstdc++.a(eh_terminate.o) (__gnu_cxx::__verbose_terminate_handler())
c:/progra~1/raspbe~1/picosd~1.1/gcc-ar~1/bin/../lib/gcc/arm-none-eabi/10.3.1/../../../../arm-none-eabi/lib/thumb/v6-m/nofp\libstdc++.a(bad_array_new.o)
                              c:/progra~1/raspbe~1/picosd~1.1/gcc-ar~1/bin/../lib/gcc/arm-none-eabi/10.3.1/../../../../arm-none-eabi/lib/thumb/v6-m/nofp\libstdc++.a(eh_aux_runtime.o) (std::bad_array_new_length::~bad_array_new_length())
c:/progra~1/raspbe~1/picosd~1.1/gcc-ar~1/bin/../lib/gcc/arm-none-eabi/10.3.1/../../../../arm-none-eabi/lib/thumb/v6-m/nofp\libstdc++.a(bad_cast.o)
[...]
Memory Configuration

Name             Origin             Length             Attributes
FLASH            0x10000000         0x00200000         xr
RAM              0x20000000         0x00040000         xrw
SCRATCH_X        0x20040000         0x00001000         xrw
SCRATCH_Y        0x20041000         0x00001000         xrw
*default*        0x00000000         0xffffffff

Linker script and memory map

LOAD c:/progra~1/raspbe~1/picosd~1.1/gcc-ar~1/bin/../lib/gcc/arm-none-eabi/10.3.1/thumb/v6-m/nofp/crti.o
LOAD c:/progra~1/raspbe~1/picosd~1.1/gcc-ar~1/bin/../lib/gcc/arm-none-eabi/10.3.1/thumb/v6-m/nofp/crtbegin.o
LOAD c:/progra~1/raspbe~1/picosd~1.1/gcc-ar~1/bin/../lib/gcc/arm-none-eabi/10.3.1/../../../../arm-none-eabi/lib/thumb/v6-m/nofp/crt0.o

.flash_begin    0x10000000        0x0
                0x10000000                __flash_binary_start = .

.boot2          0x10000000      0x100
                0x10000000                __boot2_start__ = .
 *(.boot2)
 .boot2         0x10000000      0x100 C:\Users\nicol\AppData\Local\Temp\cc8z2zJj.o
                0x10000100                __boot2_end__ = .
                0x00000001                ASSERT (((__boot2_end__ - __boot2_start__) == 0x100), ERROR: Pico second stage bootloader must be 256 bytes in size)

.text           0x10000100    0x10c48
                0x10000100                __logical_binary_start = .
 *(.vectors)
 .vectors       0x10000100       0xd4 CMakeFiles/helloworld.dir/C_/Program_Files/Raspberry_Pi/Pico_SDK_v1.5.1/pico-sdk/src/rp2_common/pico_standard_link/crt0.S.obj
                0x10000100                __VECTOR_TABLE
                0x10000100                __vectors
                0x100001c0                isr_invalid
                0x100001c0                __default_isrs_start
                0x100001c2                isr_nmi
                0x100001c4                isr_hardfault
                0x100001c6                isr_svcall
                0x100001c8                isr_pendsv
                0x100001ca                isr_systick
                0x100001cc                isr_irq23
                0x100001cc                isr_irq18
                0x100001cc                isr_irq11
                0x100001cc                isr_irq28
                0x100001cc                isr_irq19
                0x100001cc                isr_irq0
                0x100001cc                isr_irq6
                0x100001cc                isr_irq5
                0x100001cc                isr_irq12
                0x100001cc                isr_irq22
                0x100001cc                isr_irq31
                0x100001cc                isr_irq17
                0x100001cc                isr_irq27
                0x100001cc                isr_irq30
                0x100001cc                isr_irq2
                0x100001cc                isr_irq10
                0x100001cc                isr_irq8
                0x100001cc                isr_irq24
                0x100001cc                isr_irq1
                0x100001cc                isr_irq7
                0x100001cc                isr_irq21
                0x100001cc                isr_irq20
                0x100001cc                isr_irq15
                0x100001cc                isr_irq25
                0x100001cc                isr_irq13
                0x100001cc                __unhandled_user_irq
                0x100001cc                isr_irq4
                0x100001cc                isr_irq16
                0x100001cc                isr_irq29
                0x100001cc                isr_irq26
                0x100001cc                __default_isrs_end
                0x100001cc                isr_irq3
                0x100001cc                isr_irq14
                0x100001cc                isr_irq9
                0x100001d2                unhandled_user_irq_num_in_r0
 *(.binary_info_header)
 .binary_info_header
                0x100001d4       0x14 CMakeFiles/helloworld.dir/C_/Program_Files/Raspberry_Pi/Pico_SDK_v1.5.1/pico-sdk/src/rp2_common/pico_standard_link/crt0.S.obj
                0x100001e8                __binary_info_header_end = .
 *(.reset)
 .reset         0x100001e8       0xa0 CMakeFiles/helloworld.dir/C_/Program_Files/Raspberry_Pi/Pico_SDK_v1.5.1/pico-sdk/src/rp2_common/pico_standard_link/crt0.S.obj
                0x100001e8                _entry_point
 .reset         0x10000288       0x30 CMakeFiles/helloworld.dir/C_/Program_Files/Raspberry_Pi/Pico_SDK_v1.5.1/pico-sdk/src/rp2_common/pico_standard_link/binary_info.c.obj
 *(.init)
 .init          0x100002b8        0x4 c:/progra~1/raspbe~1/picosd~1.1/gcc-ar~1/bin/../lib/gcc/arm-none-eabi/10.3.1/thumb/v6-m/nofp/crti.o
                0x100002b8                _init
 *(EXCLUDE_FILE(*libm.a: *libc.a:*lib_a-mem*.o *libgcc.a:) .text*)
 .text          0x100002bc       0x48 c:/progra~1/raspbe~1/picosd~1.1/gcc-ar~1/bin/../lib/gcc/arm-none-eabi/10.3.1/thumb/v6-m/nofp/crtbegin.o
 .text.main     0x10000304       0x9c CMakeFiles/helloworld.dir/main.cpp.obj
                0x10000304                main
 .text._ZN6WS2812D2Ev
                0x100003a0        0x2 CMakeFiles/helloworld.dir/WS2812.cpp.obj
                0x100003a0                WS2812::~WS2812()
                0x100003a0                WS2812::~WS2812()
 *fill*         0x100003a2        0x2 
 .text._ZN6WS281210initializeEjjP8pio_hw_tjNS_8DataByteES2_S2_S2_
                0x100003a4      0x16c CMakeFiles/helloworld.dir/WS2812.cpp.obj
                0x100003a4                WS2812::initialize(unsigned int, unsigned int, pio_hw_t*, unsigned int, WS2812::DataByte, WS2812::DataByte, WS2812::DataByte, WS2812::DataByte)
 .text._ZN6WS2812C2EjjP8pio_hw_tjNS_10DataFormatE
                0x10000510       0x6c CMakeFiles/helloworld.dir/WS2812.cpp.obj
                0x10000510                WS2812::WS2812(unsigned int, unsigned int, pio_hw_t*, unsigned int, WS2812::DataFormat)
                0x10000510                WS2812::WS2812(unsigned int, unsigned int, pio_hw_t*, unsigned int, WS2812::DataFormat)
 .text._ZN6WS281211convertDataEm
                0x1000057c       0x4a CMakeFiles/helloworld.dir/WS2812.cpp.obj
                0x1000057c                WS2812::convertData(unsigned long)
 .text._ZN6WS28124fillEmjj
                0x100005c6       0x26 CMakeFiles/helloworld.dir/WS2812.cpp.obj
                0x100005c6                WS2812::fill(unsigned long, unsigned int, unsigned int)
 .text._ZN6WS28124fillEm
                0x100005ec        0xc CMakeFiles/helloworld.dir/WS2812.cpp.obj
                0x100005ec                WS2812::fill(unsigned long)
 .text._ZN6WS28124showEv
                0x100005f8       0x30 CMakeFiles/helloworld.dir/WS2812.cpp.obj
                0x100005f8                WS2812::show()
 .text.gpio_set_function
                0x10000628       0x30 CMakeFiles/helloworld.dir/C_/Program_Files/Raspberry_Pi/Pico_SDK_v1.5.1/pico-sdk/src/rp2_common/hardware_gpio/gpio.c.obj
                0x10000628                gpio_set_function
 .text.running_on_fpga
                0x10000658       0x14 CMakeFiles/helloworld.dir/C_/Program_Files/Raspberry_Pi/Pico_SDK_v1.5.1/pico-sdk/src/rp2_common/pico_platform/platform.c.obj
                0x10000658                running_on_fpga
 .text.hw_claim_lock
                0x1000066c       0x18 CMakeFiles/helloworld.dir/C_/Program_Files/Raspberry_Pi/Pico_SDK_v1.5.1/pico-sdk/src/rp2_common/hardware_claim/claim.c.obj
                0x1000066c                hw_claim_lock
 .text.hw_claim_unlock
                0x10000684       0x14 CMakeFiles/helloworld.dir/C_/Program_Files/Raspberry_Pi/Pico_SDK_v1.5.1/pico-sdk/src/rp2_common/hardware_claim/claim.c.obj
                0x10000684                hw_claim_unlock
 .text.hw_claim_or_assert
                0x10000698       0x32 CMakeFiles/helloworld.dir/C_/Program_Files/Raspberry_Pi/Pico_SDK_v1.5.1/pico-sdk/src/rp2_common/hardware_claim/claim.c.obj
                0x10000698                hw_claim_or_assert
 .text.hw_claim_unused_from_range
                0x100006ca       0x50 CMakeFiles/helloworld.dir/C_/Program_Files/Raspberry_Pi/Pico_SDK_v1.5.1/pico-sdk/src/rp2_common/hardware_claim/claim.c.obj
                0x100006ca                hw_claim_unused_from_range
 *fill*         0x1000071a        0x2 
 .text.spin_locks_reset
                0x1000071c       0x20 CMakeFiles/helloworld.dir/C_/Program_Files/Raspberry_Pi/Pico_SDK_v1.5.1/pico-sdk/src/rp2_common/hardware_sync/sync.c.obj
                0x1000071c                spin_locks_reset
 .text.next_striped_spin_lock_num
                0x1000073c       0x1c CMakeFiles/helloworld.dir/C_/Program_Files/Raspberry_Pi/Pico_SDK_v1.5.1/pico-sdk/src/rp2_common/hardware_sync/sync.c.obj
                0x1000073c                next_striped_spin_lock_num
 .text.spin_lock_claim_unused
                0x10000758       0x20 CMakeFiles/helloworld.dir/C_/Program_Files/Raspberry_Pi/Pico_SDK_v1.5.1/pico-sdk/src/rp2_common/hardware_sync/sync.c.obj
                0x10000758                spin_lock_claim_unused
 .text.set_raw_irq_handler_and_unlock
                0x10000778       0x28 CMakeFiles/helloworld.dir/C_/Program_Files/Raspberry_Pi/Pico_SDK_v1.5.1/pico-sdk/src/rp2_common/hardware_irq/irq.c.obj
 .text.make_branch
                0x100007a0       0x48 CMakeFiles/helloworld.dir/C_/Program_Files/Raspberry_Pi/Pico_SDK_v1.5.1/pico-sdk/src/rp2_common/hardware_irq/irq.c.obj
 .text.insert_branch_and_link
                0x100007e8       0x40 CMakeFiles/helloworld.dir/C_/Program_Files/Raspberry_Pi/Pico_SDK_v1.5.1/pico-sdk/src/rp2_common/hardware_irq/irq.c.obj
 .text.irq_is_enabled
                0x10000828       0x18 CMakeFiles/helloworld.dir/C_/Program_Files/Raspberry_Pi/Pico_SDK_v1.5.1/pico-sdk/src/rp2_common/hardware_irq/irq.c.obj
                0x10000828                irq_is_enabled
 .text.irq_set_mask_enabled
                0x10000840       0x20 CMakeFiles/helloworld.dir/C_/Program_Files/Raspberry_Pi/Pico_SDK_v1.5.1/pico-sdk/src/rp2_common/hardware_irq/irq.c.obj
                0x10000840                irq_set_mask_enabled
 .text.irq_set_enabled
                0x10000860        0xe CMakeFiles/helloworld.dir/C_/Program_Files/Raspberry_Pi/Pico_SDK_v1.5.1/pico-sdk/src/rp2_common/hardware_irq/irq.c.obj
                0x10000860                irq_set_enabled
 *fill*         0x1000086e        0x2 
 .text.irq_set_pending
                0x10000870       0x10 CMakeFiles/helloworld.dir/C_/Program_Files/Raspberry_Pi/Pico_SDK_v1.5.1/pico-sdk/src/rp2_common/hardware_irq/irq.c.obj
                0x10000870                irq_set_pending
 .text.irq_get_vtable_handler
                0x10000880       0x10 CMakeFiles/helloworld.dir/C_/Program_Files/Raspberry_Pi/Pico_SDK_v1.5.1/pico-sdk/src/rp2_common/hardware_irq/irq.c.obj
                0x10000880                irq_get_vtable_handler
 .text.irq_has_shared_handler
                0x10000890       0x24 CMakeFiles/helloworld.dir/C_/Program_Files/Raspberry_Pi/Pico_SDK_v1.5.1/pico-sdk/src/rp2_common/hardware_irq/irq.c.obj
                0x10000890                irq_has_shared_handler
 .text.irq_set_exclusive_handler
                0x100008b4       0x54 CMakeFiles/helloworld.dir/C_/Program_Files/Raspberry_Pi/Pico_SDK_v1.5.1/pico-sdk/src/rp2_common/hardware_irq/irq.c.obj
                0x100008b4                irq_set_exclusive_handler
 .text.irq_add_shared_handler
                0x10000908      0x234 CMakeFiles/helloworld.dir/C_/Program_Files/Raspberry_Pi/Pico_SDK_v1.5.1/pico-sdk/src/rp2_common/hardware_irq/irq.c.obj
                0x10000908                irq_add_shared_handler
 .text.irq_remove_handler
                0x10000b3c      0x1ac CMakeFiles/helloworld.dir/C_/Program_Files/Raspberry_Pi/Pico_SDK_v1.5.1/pico-sdk/src/rp2_common/hardware_irq/irq.c.obj
                0x10000b3c                irq_remove_handler
 .text.irq_add_tail_to_free_list
                0x10000ce8       0xf0 CMakeFiles/helloworld.dir/C_/Program_Files/Raspberry_Pi/Pico_SDK_v1.5.1/pico-sdk/src/rp2_common/hardware_irq/irq.c.obj
                0x10000ce8                irq_add_tail_to_free_list
 .text.irq_init_priorities
                0x10000dd8       0x1c CMakeFiles/helloworld.dir/C_/Program_Files/Raspberry_Pi/Pico_SDK_v1.5.1/pico-sdk/src/rp2_common/hardware_irq/irq.c.obj
                0x10000dd8                irq_init_priorities
 .text.user_irq_claim_unused
                0x10000df4       0x28 CMakeFiles/helloworld.dir/C_/Program_Files/Raspberry_Pi/Pico_SDK_v1.5.1/pico-sdk/src/rp2_common/hardware_irq/irq.c.obj
                0x10000df4                user_irq_claim_unused
 .text.lock_init
                0x10000e1c       0x10 CMakeFiles/helloworld.dir/C_/Program_Files/Raspberry_Pi/Pico_SDK_v1.5.1/pico-sdk/src/common/pico_sync/lock_core.c.obj
                0x10000e1c                lock_init
 .text.mutex_init
                0x10000e2c       0x1a CMakeFiles/helloworld.dir/C_/Program_Files/Raspberry_Pi/Pico_SDK_v1.5.1/pico-sdk/src/common/pico_sync/mutex.c.obj
                0x10000e2c                mutex_init
 .text.recursive_mutex_init
                0x10000e46       0x1e CMakeFiles/helloworld.dir/C_/Program_Files/Raspberry_Pi/Pico_SDK_v1.5.1/pico-sdk/src/common/pico_sync/mutex.c.obj
                0x10000e46                recursive_mutex_init
 .text.critical_section_init_with_lock_num
                0x10000e64       0x14 CMakeFiles/helloworld.dir/C_/Program_Files/Raspberry_Pi/Pico_SDK_v1.5.1/pico-sdk/src/common/pico_sync/critical_section.c.obj
                0x10000e64                critical_section_init_with_lock_num
 .text.critical_section_init
                0x10000e78       0x14 CMakeFiles/helloworld.dir/C_/Program_Files/Raspberry_Pi/Pico_SDK_v1.5.1/pico-sdk/src/common/pico_sync/critical_section.c.obj
                0x10000e78                critical_section_init
 .text.alarm_pool_post_alloc_init
                0x10000e8c       0x40 CMakeFiles/helloworld.dir/C_/Program_Files/Raspberry_Pi/Pico_SDK_v1.5.1/pico-sdk/src/common/pico_time/time.c.obj
 .text.sleep_until_callback
                0x10000ecc       0x30 CMakeFiles/helloworld.dir/C_/Program_Files/Raspberry_Pi/Pico_SDK_v1.5.1/pico-sdk/src/common/pico_time/time.c.obj
 .text.timer_pool_entry_comparator
                0x10000efc       0x7c CMakeFiles/helloworld.dir/C_/Program_Files/Raspberry_Pi/Pico_SDK_v1.5.1/pico-sdk/src/common/pico_time/time.c.obj
                0x10000efc                timer_pool_entry_comparator
 .text.ph_add_child_node
                0x10000f78       0xa4 CMakeFiles/helloworld.dir/C_/Program_Files/Raspberry_Pi/Pico_SDK_v1.5.1/pico-sdk/src/common/pico_time/time.c.obj
 .text.ph_merge_nodes
                0x1000101c       0x3e CMakeFiles/helloworld.dir/C_/Program_Files/Raspberry_Pi/Pico_SDK_v1.5.1/pico-sdk/src/common/pico_time/time.c.obj
 *fill*         0x1000105a        0x2 
 .text.add_alarm_under_lock
                0x1000105c      0x174 CMakeFiles/helloworld.dir/C_/Program_Files/Raspberry_Pi/Pico_SDK_v1.5.1/pico-sdk/src/common/pico_time/time.c.obj
 .text.alarm_pool_alarm_callback
                0x100011d0      0x33c CMakeFiles/helloworld.dir/C_/Program_Files/Raspberry_Pi/Pico_SDK_v1.5.1/pico-sdk/src/common/pico_time/time.c.obj
 .text.alarm_pool_init_default
                0x1000150c       0x40 CMakeFiles/helloworld.dir/C_/Program_Files/Raspberry_Pi/Pico_SDK_v1.5.1/pico-sdk/src/common/pico_time/time.c.obj
                0x1000150c                alarm_pool_init_default
 .text.alarm_pool_get_default
                0x1000154c       0x2c CMakeFiles/helloworld.dir/C_/Program_Files/Raspberry_Pi/Pico_SDK_v1.5.1/pico-sdk/src/common/pico_time/time.c.obj
                0x1000154c                alarm_pool_get_default
 .text.alarm_pool_add_alarm_at
                0x10001578      0x168 CMakeFiles/helloworld.dir/C_/Program_Files/Raspberry_Pi/Pico_SDK_v1.5.1/pico-sdk/src/common/pico_time/time.c.obj
                0x10001578                alarm_pool_add_alarm_at
 .text.alarm_pool_cancel_alarm
                0x100016e0       0xf8 CMakeFiles/helloworld.dir/C_/Program_Files/Raspberry_Pi/Pico_SDK_v1.5.1/pico-sdk/src/common/pico_time/time.c.obj
                0x100016e0                alarm_pool_cancel_alarm
 .text.alarm_pool_core_num
                0x100017d8        0x4 CMakeFiles/helloworld.dir/C_/Program_Files/Raspberry_Pi/Pico_SDK_v1.5.1/pico-sdk/src/common/pico_time/time.c.obj
                0x100017d8                alarm_pool_core_num
 .text.sleep_until
                0x100017dc       0xfc CMakeFiles/helloworld.dir/C_/Program_Files/Raspberry_Pi/Pico_SDK_v1.5.1/pico-sdk/src/common/pico_time/time.c.obj
                0x100017dc                sleep_until
 .text.sleep_us
                0x100018d8       0x58 CMakeFiles/helloworld.dir/C_/Program_Files/Raspberry_Pi/Pico_SDK_v1.5.1/pico-sdk/src/common/pico_time/time.c.obj
                0x100018d8                sleep_us
 .text.sleep_ms
                0x10001930       0x14 CMakeFiles/helloworld.dir/C_/Program_Files/Raspberry_Pi/Pico_SDK_v1.5.1/pico-sdk/src/common/pico_time/time.c.obj
                0x10001930                sleep_ms
 .text.best_effort_wfe_or_timeout
                0x10001944       0xac CMakeFiles/helloworld.dir/C_/Program_Files/Raspberry_Pi/Pico_SDK_v1.5.1/pico-sdk/src/common/pico_time/time.c.obj
                0x10001944                best_effort_wfe_or_timeout
 .text.hardware_alarm_irq_handler
                0x100019f0       0x90 CMakeFiles/helloworld.dir/C_/Program_Files/Raspberry_Pi/Pico_SDK_v1.5.1/pico-sdk/src/rp2_common/hardware_timer/timer.c.obj
 .text.hardware_alarm_claim
                0x10001a80       0x18 CMakeFiles/helloworld.dir/C_/Program_Files/Raspberry_Pi/Pico_SDK_v1.5.1/pico-sdk/src/rp2_common/hardware_timer/timer.c.obj
                0x10001a80                hardware_alarm_claim
 .text.time_us_64
                0x10001a98       0x18 CMakeFiles/helloworld.dir/C_/Program_Files/Raspberry_Pi/Pico_SDK_v1.5.1/pico-sdk/src/rp2_common/hardware_timer/timer.c.obj
                0x10001a98                time_us_64
 .text.busy_wait_until
                0x10001ab0       0x28 CMakeFiles/helloworld.dir/C_/Program_Files/Raspberry_Pi/Pico_SDK_v1.5.1/pico-sdk/src/rp2_common/hardware_timer/timer.c.obj
                0x10001ab0                busy_wait_until
 .text.busy_wait_us
                0x10001ad8       0x48 CMakeFiles/helloworld.dir/C_/Program_Files/Raspberry_Pi/Pico_SDK_v1.5.1/pico-sdk/src/rp2_common/hardware_timer/timer.c.obj
                0x10001ad8                busy_wait_us
 .text.hardware_alarm_set_callback
                0x10001b20       0x90 CMakeFiles/helloworld.dir/C_/Program_Files/Raspberry_Pi/Pico_SDK_v1.5.1/pico-sdk/src/rp2_common/hardware_timer/timer.c.obj
                0x10001b20                hardware_alarm_set_callback
 .text.hardware_alarm_set_target
                0x10001bb0       0xe8 CMakeFiles/helloworld.dir/C_/Program_Files/Raspberry_Pi/Pico_SDK_v1.5.1/pico-sdk/src/rp2_common/hardware_timer/timer.c.obj
                0x10001bb0                hardware_alarm_set_target
 .text.hardware_alarm_cancel
                0x10001c98       0x40 CMakeFiles/helloworld.dir/C_/Program_Files/Raspberry_Pi/Pico_SDK_v1.5.1/pico-sdk/src/rp2_common/hardware_timer/timer.c.obj
                0x10001c98                hardware_alarm_cancel
 .text.ph_add_child_node
                0x10001cd8       0xa4 CMakeFiles/helloworld.dir/C_/Program_Files/Raspberry_Pi/Pico_SDK_v1.5.1/pico-sdk/src/common/pico_util/pheap.c.obj
 .text.ph_merge_nodes
                0x10001d7c       0x3e CMakeFiles/helloworld.dir/C_/Program_Files/Raspberry_Pi/Pico_SDK_v1.5.1/pico-sdk/src/common/pico_util/pheap.c.obj
 *fill*         0x10001dba        0x2 
 .text.ph_clear
                0x10001dbc       0x70 CMakeFiles/helloworld.dir/C_/Program_Files/Raspberry_Pi/Pico_SDK_v1.5.1/pico-sdk/src/common/pico_util/pheap.c.obj
                0x10001dbc                ph_clear
 .text.ph_post_alloc_init
                0x10001e2c        0xe CMakeFiles/helloworld.dir/C_/Program_Files/Raspberry_Pi/Pico_SDK_v1.5.1/pico-sdk/src/common/pico_util/pheap.c.obj
                0x10001e2c                ph_post_alloc_init
 *fill*         0x10001e3a        0x2 
 .text.ph_merge_two_pass
                0x10001e3c       0xa8 CMakeFiles/helloworld.dir/C_/Program_Files/Raspberry_Pi/Pico_SDK_v1.5.1/pico-sdk/src/common/pico_util/pheap.c.obj
                0x10001e3c                ph_merge_two_pass
 .text.ph_remove_any_head
                0x10001ee4      0x128 CMakeFiles/helloworld.dir/C_/Program_Files/Raspberry_Pi/Pico_SDK_v1.5.1/pico-sdk/src/common/pico_util/pheap.c.obj
 .text.ph_remove_head
                0x1000200c       0x14 CMakeFiles/helloworld.dir/C_/Program_Files/Raspberry_Pi/Pico_SDK_v1.5.1/pico-sdk/src/common/pico_util/pheap.c.obj
                0x1000200c                ph_remove_head
 .text.ph_remove_and_free_node
                0x10002020       0xf8 CMakeFiles/helloworld.dir/C_/Program_Files/Raspberry_Pi/Pico_SDK_v1.5.1/pico-sdk/src/common/pico_util/pheap.c.obj
                0x10002020                ph_remove_and_free_node
 .text.clock_configure
                0x10002118      0x108 CMakeFiles/helloworld.dir/C_/Program_Files/Raspberry_Pi/Pico_SDK_v1.5.1/pico-sdk/src/rp2_common/hardware_clocks/clocks.c.obj
                0x10002118                clock_configure
 .text.clocks_init
                0x10002220      0x100 CMakeFiles/helloworld.dir/C_/Program_Files/Raspberry_Pi/Pico_SDK_v1.5.1/pico-sdk/src/rp2_common/hardware_clocks/clocks.c.obj
                0x10002220                clocks_init
 .text.clock_get_hz
                0x10002320        0xc CMakeFiles/helloworld.dir/C_/Program_Files/Raspberry_Pi/Pico_SDK_v1.5.1/pico-sdk/src/rp2_common/hardware_clocks/clocks.c.obj
                0x10002320                clock_get_hz
 .text.pll_init
                0x1000232c      0x120 CMakeFiles/helloworld.dir/C_/Program_Files/Raspberry_Pi/Pico_SDK_v1.5.1/pico-sdk/src/rp2_common/hardware_pll/pll.c.obj
                0x1000232c                pll_init
 .text.watchdog_start_tick
                0x1000244c       0x10 CMakeFiles/helloworld.dir/C_/Program_Files/Raspberry_Pi/Pico_SDK_v1.5.1/pico-sdk/src/rp2_common/hardware_watchdog/watchdog.c.obj
                0x1000244c                watchdog_start_tick
 .text.watchdog_update
                0x1000245c       0x14 CMakeFiles/helloworld.dir/C_/Program_Files/Raspberry_Pi/Pico_SDK_v1.5.1/pico-sdk/src/rp2_common/hardware_watchdog/watchdog.c.obj
                0x1000245c                watchdog_update
 .text._watchdog_enable
                0x10002470       0x78 CMakeFiles/helloworld.dir/C_/Program_Files/Raspberry_Pi/Pico_SDK_v1.5.1/pico-sdk/src/rp2_common/hardware_watchdog/watchdog.c.obj
                0x10002470                _watchdog_enable
 .text.watchdog_reboot
                0x100024e8       0x48 CMakeFiles/helloworld.dir/C_/Program_Files/Raspberry_Pi/Pico_SDK_v1.5.1/pico-sdk/src/rp2_common/hardware_watchdog/watchdog.c.obj
                0x100024e8                watchdog_reboot
 .text.xosc_init
                0x10002530       0x28 CMakeFiles/helloworld.dir/C_/Program_Files/Raspberry_Pi/Pico_SDK_v1.5.1/pico-sdk/src/rp2_common/hardware_xosc/xosc.c.obj
                0x10002530                xosc_init
 .text._exit    0x10002558        0x4 CMakeFiles/helloworld.dir/C_/Program_Files/Raspberry_Pi/Pico_SDK_v1.5.1/pico-sdk/src/rp2_common/pico_runtime/runtime.c.obj
                0x10002558                _exit
 .text._sbrk    0x1000255c       0x38 CMakeFiles/helloworld.dir/C_/Program_Files/Raspberry_Pi/Pico_SDK_v1.5.1/pico-sdk/src/rp2_common/pico_runtime/runtime.c.obj
                0x1000255c                _sbrk
 .text._getpid  0x10002594        0x4 CMakeFiles/helloworld.dir/C_/Program_Files/Raspberry_Pi/Pico_SDK_v1.5.1/pico-sdk/src/rp2_common/pico_runtime/runtime.c.obj
                0x10002594                _getpid
 .text._kill    0x10002598        0x6 CMakeFiles/helloworld.dir/C_/Program_Files/Raspberry_Pi/Pico_SDK_v1.5.1/pico-sdk/src/rp2_common/pico_runtime/runtime.c.obj
                0x10002598                _kill
 .text.exit     0x1000259e        0x6 CMakeFiles/helloworld.dir/C_/Program_Files/Raspberry_Pi/Pico_SDK_v1.5.1/pico-sdk/src/rp2_common/pico_runtime/runtime.c.obj
                0x1000259e                exit
 .text.__assert_func
                0x100025a4       0x3c CMakeFiles/helloworld.dir/C_/Program_Files/Raspberry_Pi/Pico_SDK_v1.5.1/pico-sdk/src/rp2_common/pico_runtime/runtime.c.obj
                0x100025a4                __assert_func
 .text.runtime_init
                0x100025e0       0xf8 CMakeFiles/helloworld.dir/C_/Program_Files/Raspberry_Pi/Pico_SDK_v1.5.1/pico-sdk/src/rp2_common/pico_runtime/runtime.c.obj
                0x100025e0                runtime_init
 .text.panic    0x100026d8       0x30 CMakeFiles/helloworld.dir/C_/Program_Files/Raspberry_Pi/Pico_SDK_v1.5.1/pico-sdk/src/rp2_common/pico_runtime/runtime.c.obj
                0x100026d8                panic
 .text._out_buffer
                0x10002708        0x8 CMakeFiles/helloworld.dir/C_/Program_Files/Raspberry_Pi/Pico_SDK_v1.5.1/pico-sdk/src/rp2_common/pico_printf/printf.c.obj
 .text._out_null
                0x10002710        0x2 CMakeFiles/helloworld.dir/C_/Program_Files/Raspberry_Pi/Pico_SDK_v1.5.1/pico-sdk/src/rp2_common/pico_printf/printf.c.obj
 .text._out_fct
                0x10002712        0xe CMakeFiles/helloworld.dir/C_/Program_Files/Raspberry_Pi/Pico_SDK_v1.5.1/pico-sdk/src/rp2_common/pico_printf/printf.c.obj
 .text._atoi    0x10002720       0x24 CMakeFiles/helloworld.dir/C_/Program_Files/Raspberry_Pi/Pico_SDK_v1.5.1/pico-sdk/src/rp2_common/pico_printf/printf.c.obj
 .text._out_rev
                0x10002744       0xae CMakeFiles/helloworld.dir/C_/Program_Files/Raspberry_Pi/Pico_SDK_v1.5.1/pico-sdk/src/rp2_common/pico_printf/printf.c.obj
 .text._ntoa_format
                0x100027f2      0x112 CMakeFiles/helloworld.dir/C_/Program_Files/Raspberry_Pi/Pico_SDK_v1.5.1/pico-sdk/src/rp2_common/pico_printf/printf.c.obj
 .text._ntoa_long
                0x10002904       0xbc CMakeFiles/helloworld.dir/C_/Program_Files/Raspberry_Pi/Pico_SDK_v1.5.1/pico-sdk/src/rp2_common/pico_printf/printf.c.obj
 .text._ntoa_long_long
                0x100029c0       0xe2 CMakeFiles/helloworld.dir/C_/Program_Files/Raspberry_Pi/Pico_SDK_v1.5.1/pico-sdk/src/rp2_common/pico_printf/printf.c.obj
 *fill*         0x10002aa2        0x2 
 .text._etoa    0x10002aa4      0x414 CMakeFiles/helloworld.dir/C_/Program_Files/Raspberry_Pi/Pico_SDK_v1.5.1/pico-sdk/src/rp2_common/pico_printf/printf.c.obj
 .text._ftoa    0x10002eb8      0x354 CMakeFiles/helloworld.dir/C_/Program_Files/Raspberry_Pi/Pico_SDK_v1.5.1/pico-sdk/src/rp2_common/pico_printf/printf.c.obj
 .text._vsnprintf
                0x1000320c      0x624 CMakeFiles/helloworld.dir/C_/Program_Files/Raspberry_Pi/Pico_SDK_v1.5.1/pico-sdk/src/rp2_common/pico_printf/printf.c.obj
 .text.__wrap_sprintf
                0x10003830       0x28 CMakeFiles/helloworld.dir/C_/Program_Files/Raspberry_Pi/Pico_SDK_v1.5.1/pico-sdk/src/rp2_common/pico_printf/printf.c.obj
                0x10003830                __wrap_sprintf
 .text.vfctprintf
                0x10003858       0x20 CMakeFiles/helloworld.dir/C_/Program_Files/Raspberry_Pi/Pico_SDK_v1.5.1/pico-sdk/src/rp2_common/pico_printf/printf.c.obj
                0x10003858                vfctprintf
 .text          0x10003878       0x10 CMakeFiles/helloworld.dir/C_/Program_Files/Raspberry_Pi/Pico_SDK_v1.5.1/pico-sdk/src/rp2_common/pico_bit_ops/bit_ops_aeabi.S.obj
 .text.rom_func_lookup
                0x10003888       0x10 CMakeFiles/helloworld.dir/C_/Program_Files/Raspberry_Pi/Pico_SDK_v1.5.1/pico-sdk/src/rp2_common/pico_bootrom/bootrom.c.obj
                0x10003888                rom_func_lookup
 .text.rom_data_lookup
                0x10003898       0x10 CMakeFiles/helloworld.dir/C_/Program_Files/Raspberry_Pi/Pico_SDK_v1.5.1/pico-sdk/src/rp2_common/pico_bootrom/bootrom.c.obj
                0x10003898                rom_data_lookup
 .text.rom_funcs_lookup
                0x100038a8       0x36 CMakeFiles/helloworld.dir/C_/Program_Files/Raspberry_Pi/Pico_SDK_v1.5.1/pico-sdk/src/rp2_common/pico_bootrom/bootrom.c.obj
                0x100038a8                rom_funcs_lookup
 *fill*         0x100038de        0x2 
 .text.__wrap___aeabi_idiv
                0x100038e0       0x50 CMakeFiles/helloworld.dir/C_/Program_Files/Raspberry_Pi/Pico_SDK_v1.5.1/pico-sdk/src/rp2_common/pico_divider/divider.S.obj
                0x100038e0                __wrap___aeabi_idivmod
                0x100038e0                divmod_s32s32
                0x100038e0                div_s32s32
                0x100038e0                __wrap___aeabi_idiv
                0x100038e8                divmod_s32s32_unsafe
                0x10003914                divmod_s32s32_savestate
 .text.__wrap___aeabi_uidiv
                0x10003930       0x4c CMakeFiles/helloworld.dir/C_/Program_Files/Raspberry_Pi/Pico_SDK_v1.5.1/pico-sdk/src/rp2_common/pico_divider/divider.S.obj
                0x10003930                __wrap___aeabi_uidiv
                0x10003930                __wrap___aeabi_uidivmod
                0x10003930                div_u32u32
                0x10003930                divmod_u32u32
                0x10003938                divmod_u32u32_unsafe
                0x10003960                divmod_u32u32_savestate
 .text.__wrap___aeabi_ldiv
                0x1000397c      0x424 CMakeFiles/helloworld.dir/C_/Program_Files/Raspberry_Pi/Pico_SDK_v1.5.1/pico-sdk/src/rp2_common/pico_divider/divider.S.obj
                0x1000397c                div_s64s64
                0x1000397c                divmod_s64s64
                0x1000397c                __wrap___aeabi_ldivmod
                0x100039ac                divmod_u64u64
                0x100039ac                div_u64u64
                0x100039ac                __wrap___aeabi_uldivmod
                0x100039bc                divmod_u64u64_savestate
                0x100039dc                divmod_s64s64_unsafe
                0x10003a64                divmod_u64u64_unsafe
 .text.__wrap___aeabi_darithmetic
                0x10003da0       0x80 CMakeFiles/helloworld.dir/C_/Program_Files/Raspberry_Pi/Pico_SDK_v1.5.1/pico-sdk/src/rp2_common/pico_double/double_aeabi.S.obj
                0x10003da0                __wrap___aeabi_drsub
                0x10003da6                __wrap___aeabi_dsub
                0x10003db8                __wrap___aeabi_dadd
                0x10003dca                __wrap___aeabi_ddiv
                0x10003e06                __wrap___aeabi_dmul
 .text.__wrap___aeabi_cdcmple
                0x10003e20       0x6c CMakeFiles/helloworld.dir/C_/Program_Files/Raspberry_Pi/Pico_SDK_v1.5.1/pico-sdk/src/rp2_common/pico_double/double_aeabi.S.obj
                0x10003e20                __wrap___aeabi_cdrcmple
                0x10003e30                __wrap___aeabi_cdcmpeq
                0x10003e30                __wrap___aeabi_cdcmple
 .text.__wrap___aeabi_dcmplt
                0x10003e8c        0xc CMakeFiles/helloworld.dir/C_/Program_Files/Raspberry_Pi/Pico_SDK_v1.5.1/pico-sdk/src/rp2_common/pico_double/double_aeabi.S.obj
                0x10003e8c                __wrap___aeabi_dcmplt
 .text.__wrap___aeabi_dcmple
                0x10003e98       0x10 CMakeFiles/helloworld.dir/C_/Program_Files/Raspberry_Pi/Pico_SDK_v1.5.1/pico-sdk/src/rp2_common/pico_double/double_aeabi.S.obj
                0x10003e98                __wrap___aeabi_dcmple
 .text.__wrap___aeabi_dcmpge
                0x10003ea8       0x10 CMakeFiles/helloworld.dir/C_/Program_Files/Raspberry_Pi/Pico_SDK_v1.5.1/pico-sdk/src/rp2_common/pico_double/double_aeabi.S.obj
                0x10003ea8                __wrap___aeabi_dcmpge
 .text.__wrap___aeabi_dcmpgt
                0x10003eb8        0xa CMakeFiles/helloworld.dir/C_/Program_Files/Raspberry_Pi/Pico_SDK_v1.5.1/pico-sdk/src/rp2_common/pico_double/double_aeabi.S.obj
                0x10003eb8                __wrap___aeabi_dcmpgt
 .text.__wrap___aeabi_dcmpun
                0x10003ec2       0x1c CMakeFiles/helloworld.dir/C_/Program_Files/Raspberry_Pi/Pico_SDK_v1.5.1/pico-sdk/src/rp2_common/pico_double/double_aeabi.S.obj
                0x10003ec2                __wrap___aeabi_dcmpun
 *fill*         0x10003ede        0x2 
 .text.__wrap___aeabi_i2d
                0x10003ee0       0x38 CMakeFiles/helloworld.dir/C_/Program_Files/Raspberry_Pi/Pico_SDK_v1.5.1/pico-sdk/src/rp2_common/pico_double/double_aeabi.S.obj
                0x10003ee0                __wrap___aeabi_ui2d
                0x10003ee8                __wrap___aeabi_i2d
 .text.__wrap___aeabi_d2iz
                0x10003f18       0x48 CMakeFiles/helloworld.dir/C_/Program_Files/Raspberry_Pi/Pico_SDK_v1.5.1/pico-sdk/src/rp2_common/pico_double/double_aeabi.S.obj
                0x10003f18                double2int_z
                0x10003f18                __wrap___aeabi_d2iz
 .text.__wrap___aeabi_d2uiz
                0x10003f60       0x18 CMakeFiles/helloworld.dir/C_/Program_Files/Raspberry_Pi/Pico_SDK_v1.5.1/pico-sdk/src/rp2_common/pico_double/double_aeabi.S.obj
                0x10003f60                __wrap___aeabi_d2uiz
                0x10003f60                double2uint
 .text.__aeabi_double_init
                0x10003f78       0xc8 CMakeFiles/helloworld.dir/C_/Program_Files/Raspberry_Pi/Pico_SDK_v1.5.1/pico-sdk/src/rp2_common/pico_double/double_init_rom.c.obj
                0x10003f78                __aeabi_double_init
 .text.double_table_shim_on_use_helper
                0x10004040       0x34 CMakeFiles/helloworld.dir/C_/Program_Files/Raspberry_Pi/Pico_SDK_v1.5.1/pico-sdk/src/rp2_common/pico_double/double_v1_rom_shim.S.obj
                0x10004040                double_table_shim_on_use_helper
 .text.__wrap___aeabi_dsub
                0x10004074       0x10 CMakeFiles/helloworld.dir/C_/Program_Files/Raspberry_Pi/Pico_SDK_v1.5.1/pico-sdk/src/rp2_common/pico_double/double_v1_rom_shim.S.obj
                0x10004074                drsub_shim
                0x1000407a                dsub_shim
 .text.dadd_shim
                0x10004084      0x15c CMakeFiles/helloworld.dir/C_/Program_Files/Raspberry_Pi/Pico_SDK_v1.5.1/pico-sdk/src/rp2_common/pico_double/double_v1_rom_shim.S.obj
                0x10004084                dadd_shim
 .text.dmul_shim
                0x100041e0      0x15c CMakeFiles/helloworld.dir/C_/Program_Files/Raspberry_Pi/Pico_SDK_v1.5.1/pico-sdk/src/rp2_common/pico_double/double_v1_rom_shim.S.obj
                0x100041e0                dmul_shim
 .text.ddiv_shim
                0x1000433c      0x1b0 CMakeFiles/helloworld.dir/C_/Program_Files/Raspberry_Pi/Pico_SDK_v1.5.1/pico-sdk/src/rp2_common/pico_double/double_v1_rom_shim.S.obj
                0x1000433c                ddiv_shim
 .text.double2uint_shim
                0x100044ec        0xe CMakeFiles/helloworld.dir/C_/Program_Files/Raspberry_Pi/Pico_SDK_v1.5.1/pico-sdk/src/rp2_common/pico_double/double_v1_rom_shim.S.obj
                0x100044ec                double2uint_shim
                0x100044ee                double2ufix_shim
 *fill*         0x100044fa        0x2 
 .text.double2uint64_shim
                0x100044fc       0x70 CMakeFiles/helloworld.dir/C_/Program_Files/Raspberry_Pi/Pico_SDK_v1.5.1/pico-sdk/src/rp2_common/pico_double/double_v1_rom_shim.S.obj
                0x100044fc                double2uint64_shim
                0x100044fe                double2ufix64_shim
                0x1000451e                d2fix_a
 .text.dunpacks
                0x1000456c       0x3c CMakeFiles/helloworld.dir/C_/Program_Files/Raspberry_Pi/Pico_SDK_v1.5.1/pico-sdk/src/rp2_common/pico_double/double_v1_rom_shim.S.obj
                0x1000456c                dunpacks
 .text.__aeabi_lmul
                0x100045a8       0x32 CMakeFiles/helloworld.dir/C_/Program_Files/Raspberry_Pi/Pico_SDK_v1.5.1/pico-sdk/src/rp2_common/pico_int64_ops/pico_int64_ops_aeabi.S.obj
                0x100045a8                __wrap___aeabi_lmul
 *fill*         0x100045da        0x2 
 .text.__wrap___aeabi_farithmetic
                0x100045dc       0x58 CMakeFiles/helloworld.dir/C_/Program_Files/Raspberry_Pi/Pico_SDK_v1.5.1/pico-sdk/src/rp2_common/pico_float/float_aeabi.S.obj
                0x100045dc                __wrap___aeabi_frsub
                0x100045e2                __wrap___aeabi_fsub
                0x100045ec                __wrap___aeabi_fadd
                0x100045f6                __wrap___aeabi_fdiv
                0x10004622                __wrap___aeabi_fmul
 .text.__wrap___aeabi_ui2f
                0x10004634        0xa CMakeFiles/helloworld.dir/C_/Program_Files/Raspberry_Pi/Pico_SDK_v1.5.1/pico-sdk/src/rp2_common/pico_float/float_aeabi.S.obj
                0x10004634                __wrap___aeabi_ui2f
 *fill*         0x1000463e        0x2 
 .text.__wrap___aeabi_i2f
                0x10004640       0x44 CMakeFiles/helloworld.dir/C_/Program_Files/Raspberry_Pi/Pico_SDK_v1.5.1/pico-sdk/src/rp2_common/pico_float/float_aeabi.S.obj
                0x10004640                __wrap___aeabi_i2f
 .text.__wrap___aeabi_f2uiz
                0x10004684       0x10 CMakeFiles/helloworld.dir/C_/Program_Files/Raspberry_Pi/Pico_SDK_v1.5.1/pico-sdk/src/rp2_common/pico_float/float_aeabi.S.obj
                0x10004684                __wrap___aeabi_f2uiz
 .text.__aeabi_float_init
                0x10004694       0xfc CMakeFiles/helloworld.dir/C_/Program_Files/Raspberry_Pi/Pico_SDK_v1.5.1/pico-sdk/src/rp2_common/pico_float/float_init_rom.c.obj
                0x10004694                __aeabi_float_init
 .text.float_table_shim_on_use_helper
                0x10004790       0x34 CMakeFiles/helloworld.dir/C_/Program_Files/Raspberry_Pi/Pico_SDK_v1.5.1/pico-sdk/src/rp2_common/pico_float/float_v1_rom_shim.S.obj
                0x10004790                float_table_shim_on_use_helper
 .text.__wrap_malloc
                0x100047c4       0x24 CMakeFiles/helloworld.dir/C_/Program_Files/Raspberry_Pi/Pico_SDK_v1.5.1/pico-sdk/src/rp2_common/pico_malloc/pico_malloc.c.obj
                0x100047c4                __wrap_malloc
 .text.__wrap_realloc
                0x100047e8       0x24 CMakeFiles/helloworld.dir/C_/Program_Files/Raspberry_Pi/Pico_SDK_v1.5.1/pico-sdk/src/rp2_common/pico_malloc/pico_malloc.c.obj
                0x100047e8                __wrap_realloc
 .text.__wrap_free
                0x1000480c        0x8 CMakeFiles/helloworld.dir/C_/Program_Files/Raspberry_Pi/Pico_SDK_v1.5.1/pico-sdk/src/rp2_common/pico_malloc/pico_malloc.c.obj
                0x1000480c                __wrap_free
 .text          0x10004814       0x10 CMakeFiles/helloworld.dir/C_/Program_Files/Raspberry_Pi/Pico_SDK_v1.5.1/pico-sdk/src/rp2_common/pico_mem_ops/mem_ops_aeabi.S.obj
                0x10004814                __aeabi_mem_init
 .text.memset   0x10004824        0xc CMakeFiles/helloworld.dir/C_/Program_Files/Raspberry_Pi/Pico_SDK_v1.5.1/pico-sdk/src/rp2_common/pico_mem_ops/mem_ops_aeabi.S.obj
                0x10004824                __wrap_memset
 .text.memcpy   0x10004830        0xc CMakeFiles/helloworld.dir/C_/Program_Files/Raspberry_Pi/Pico_SDK_v1.5.1/pico-sdk/src/rp2_common/pico_mem_ops/mem_ops_aeabi.S.obj
                0x10004830                __wrap_memcpy
                0x10004830                __wrap___aeabi_memcpy
 .text.stdio_out_chars_no_crlf
                0x1000483c        0xe CMakeFiles/helloworld.dir/C_/Program_Files/Raspberry_Pi/Pico_SDK_v1.5.1/pico-sdk/src/rp2_common/pico_stdio/stdio.c.obj
 *fill*         0x1000484a        0x2 
 .text.stdio_out_chars_crlf
                0x1000484c       0x80 CMakeFiles/helloworld.dir/C_/Program_Files/Raspberry_Pi/Pico_SDK_v1.5.1/pico-sdk/src/rp2_common/pico_stdio/stdio.c.obj
 .text.stdio_stack_buffer_flush
                0x100048cc       0x44 CMakeFiles/helloworld.dir/C_/Program_Files/Raspberry_Pi/Pico_SDK_v1.5.1/pico-sdk/src/rp2_common/pico_stdio/stdio.c.obj
 .text.stdio_buffered_printer
                0x10004910       0x20 CMakeFiles/helloworld.dir/C_/Program_Files/Raspberry_Pi/Pico_SDK_v1.5.1/pico-sdk/src/rp2_common/pico_stdio/stdio.c.obj
 .text.stdio_get_until
                0x10004930       0x80 CMakeFiles/helloworld.dir/C_/Program_Files/Raspberry_Pi/Pico_SDK_v1.5.1/pico-sdk/src/rp2_common/pico_stdio/stdio.c.obj
 .text.stdout_serialize_begin
                0x100049b0       0x5c CMakeFiles/helloworld.dir/C_/Program_Files/Raspberry_Pi/Pico_SDK_v1.5.1/pico-sdk/src/rp2_common/pico_stdio/stdio.c.obj
                0x100049b0                stdout_serialize_begin
 .text.stdout_serialize_end
                0x10004a0c       0x10 CMakeFiles/helloworld.dir/C_/Program_Files/Raspberry_Pi/Pico_SDK_v1.5.1/pico-sdk/src/rp2_common/pico_stdio/stdio.c.obj
                0x10004a0c                stdout_serialize_end
 .text.stdio_put_string
                0x10004a1c       0x98 CMakeFiles/helloworld.dir/C_/Program_Files/Raspberry_Pi/Pico_SDK_v1.5.1/pico-sdk/src/rp2_common/pico_stdio/stdio.c.obj
 .text._read    0x10004ab4       0x24 CMakeFiles/helloworld.dir/C_/Program_Files/Raspberry_Pi/Pico_SDK_v1.5.1/pico-sdk/src/rp2_common/pico_stdio/stdio.c.obj
                0x10004ab4                _read
 .text._write   0x10004ad8       0x22 CMakeFiles/helloworld.dir/C_/Program_Files/Raspberry_Pi/Pico_SDK_v1.5.1/pico-sdk/src/rp2_common/pico_stdio/stdio.c.obj
                0x10004ad8                _write
 .text._close   0x10004afa        0x6 CMakeFiles/helloworld.dir/C_/Program_Files/Raspberry_Pi/Pico_SDK_v1.5.1/pico-sdk/src/rp2_common/pico_stdio/stdio.c.obj
                0x10004afa                _close
 .text._lseek   0x10004b00        0x6 CMakeFiles/helloworld.dir/C_/Program_Files/Raspberry_Pi/Pico_SDK_v1.5.1/pico-sdk/src/rp2_common/pico_stdio/stdio.c.obj
                0x10004b00                _lseek
 .text._fstat   0x10004b06        0x6 CMakeFiles/helloworld.dir/C_/Program_Files/Raspberry_Pi/Pico_SDK_v1.5.1/pico-sdk/src/rp2_common/pico_stdio/stdio.c.obj
                0x10004b06                _fstat
 .text._isatty  0x10004b0c        0xc CMakeFiles/helloworld.dir/C_/Program_Files/Raspberry_Pi/Pico_SDK_v1.5.1/pico-sdk/src/rp2_common/pico_stdio/stdio.c.obj
                0x10004b0c                _isatty
 .text.stdio_set_driver_enabled
                0x10004b18       0x2c CMakeFiles/helloworld.dir/C_/Program_Files/Raspberry_Pi/Pico_SDK_v1.5.1/pico-sdk/src/rp2_common/pico_stdio/stdio.c.obj
                0x10004b18                stdio_set_driver_enabled
 .text.stdio_flush
                0x10004b44       0x20 CMakeFiles/helloworld.dir/C_/Program_Files/Raspberry_Pi/Pico_SDK_v1.5.1/pico-sdk/src/rp2_common/pico_stdio/stdio.c.obj
                0x10004b44                stdio_flush
 .text.__wrap_puts
                0x10004b64       0x1e CMakeFiles/helloworld.dir/C_/Program_Files/Raspberry_Pi/Pico_SDK_v1.5.1/pico-sdk/src/rp2_common/pico_stdio/stdio.c.obj
                0x10004b64                __wrap_puts
 *fill*         0x10004b82        0x2 
 .text.__wrap_vprintf
                0x10004b84       0x40 CMakeFiles/helloworld.dir/C_/Program_Files/Raspberry_Pi/Pico_SDK_v1.5.1/pico-sdk/src/rp2_common/pico_stdio/stdio.c.obj
                0x10004b84                __wrap_vprintf
 .text.__wrap_printf
                0x10004bc4       0x18 CMakeFiles/helloworld.dir/C_/Program_Files/Raspberry_Pi/Pico_SDK_v1.5.1/pico-sdk/src/rp2_common/pico_stdio/stdio.c.obj
                0x10004bc4                __wrap_printf
 .text.stdio_init_all
                0x10004bdc        0x8 CMakeFiles/helloworld.dir/C_/Program_Files/Raspberry_Pi/Pico_SDK_v1.5.1/pico-sdk/src/rp2_common/pico_stdio/stdio.c.obj
                0x10004bdc                stdio_init_all
 .text.resetd_init
                0x10004be4        0x2 CMakeFiles/helloworld.dir/C_/Program_Files/Raspberry_Pi/Pico_SDK_v1.5.1/pico-sdk/src/rp2_common/pico_stdio_usb/reset_interface.c.obj
 *fill*         0x10004be6        0x2 
 .text.resetd_reset
                0x10004be8        0xc CMakeFiles/helloworld.dir/C_/Program_Files/Raspberry_Pi/Pico_SDK_v1.5.1/pico-sdk/src/rp2_common/pico_stdio_usb/reset_interface.c.obj
 .text.resetd_open
                0x10004bf4       0x34 CMakeFiles/helloworld.dir/C_/Program_Files/Raspberry_Pi/Pico_SDK_v1.5.1/pico-sdk/src/rp2_common/pico_stdio_usb/reset_interface.c.obj
 .text.resetd_xfer_cb
                0x10004c28        0x4 CMakeFiles/helloworld.dir/C_/Program_Files/Raspberry_Pi/Pico_SDK_v1.5.1/pico-sdk/src/rp2_common/pico_stdio_usb/reset_interface.c.obj
 .text.reset_usb_boot
                0x10004c2c       0x18 CMakeFiles/helloworld.dir/C_/Program_Files/Raspberry_Pi/Pico_SDK_v1.5.1/pico-sdk/src/rp2_common/pico_stdio_usb/reset_interface.c.obj
 .text.resetd_control_xfer_cb
                0x10004c44       0x5c CMakeFiles/helloworld.dir/C_/Program_Files/Raspberry_Pi/Pico_SDK_v1.5.1/pico-sdk/src/rp2_common/pico_stdio_usb/reset_interface.c.obj
 .text.usbd_app_driver_get_cb
                0x10004ca0        0xc CMakeFiles/helloworld.dir/C_/Program_Files/Raspberry_Pi/Pico_SDK_v1.5.1/pico-sdk/src/rp2_common/pico_stdio_usb/reset_interface.c.obj
                0x10004ca0                usbd_app_driver_get_cb
 .text.tud_cdc_line_coding_cb
                0x10004cac       0x28 CMakeFiles/helloworld.dir/C_/Program_Files/Raspberry_Pi/Pico_SDK_v1.5.1/pico-sdk/src/rp2_common/pico_stdio_usb/reset_interface.c.obj
                0x10004cac                tud_cdc_line_coding_cb
 .text.stdio_usb_set_chars_available_callback
                0x10004cd4       0x14 CMakeFiles/helloworld.dir/C_/Program_Files/Raspberry_Pi/Pico_SDK_v1.5.1/pico-sdk/src/rp2_common/pico_stdio_usb/stdio_usb.c.obj
                0x10004cd4                stdio_usb_set_chars_available_callback
 .text.usb_irq  0x10004ce8       0x10 CMakeFiles/helloworld.dir/C_/Program_Files/Raspberry_Pi/Pico_SDK_v1.5.1/pico-sdk/src/rp2_common/pico_stdio_usb/stdio_usb.c.obj
 .text.timer_task
                0x10004cf8       0x5c CMakeFiles/helloworld.dir/C_/Program_Files/Raspberry_Pi/Pico_SDK_v1.5.1/pico-sdk/src/rp2_common/pico_stdio_usb/stdio_usb.c.obj
 .text.low_priority_worker_irq
                0x10004d54       0xdc CMakeFiles/helloworld.dir/C_/Program_Files/Raspberry_Pi/Pico_SDK_v1.5.1/pico-sdk/src/rp2_common/pico_stdio_usb/stdio_usb.c.obj
 .text.tud_cdc_rx_cb
                0x10004e30       0x20 CMakeFiles/helloworld.dir/C_/Program_Files/Raspberry_Pi/Pico_SDK_v1.5.1/pico-sdk/src/rp2_common/pico_stdio_usb/stdio_usb.c.obj
                0x10004e30                tud_cdc_rx_cb
 .text.stdio_usb_init
                0x10004e50      0x11c CMakeFiles/helloworld.dir/C_/Program_Files/Raspberry_Pi/Pico_SDK_v1.5.1/pico-sdk/src/rp2_common/pico_stdio_usb/stdio_usb.c.obj
                0x10004e50                stdio_usb_init
 .text.stdio_usb_connected
                0x10004f6c        0xa CMakeFiles/helloworld.dir/C_/Program_Files/Raspberry_Pi/Pico_SDK_v1.5.1/pico-sdk/src/rp2_common/pico_stdio_usb/stdio_usb.c.obj
                0x10004f6c                stdio_usb_connected
 *fill*         0x10004f76        0x2 
 .text.stdio_usb_in_chars
                0x10004f78       0xc4 CMakeFiles/helloworld.dir/C_/Program_Files/Raspberry_Pi/Pico_SDK_v1.5.1/pico-sdk/src/rp2_common/pico_stdio_usb/stdio_usb.c.obj
                0x10004f78                stdio_usb_in_chars
 .text.stdio_usb_out_chars
                0x1000503c      0x114 CMakeFiles/helloworld.dir/C_/Program_Files/Raspberry_Pi/Pico_SDK_v1.5.1/pico-sdk/src/rp2_common/pico_stdio_usb/stdio_usb.c.obj
 .text.tud_descriptor_device_cb
                0x10005150        0x8 CMakeFiles/helloworld.dir/C_/Program_Files/Raspberry_Pi/Pico_SDK_v1.5.1/pico-sdk/src/rp2_common/pico_stdio_usb/stdio_usb_descriptors.c.obj
                0x10005150                tud_descriptor_device_cb
 .text.tud_descriptor_configuration_cb
                0x10005158        0x8 CMakeFiles/helloworld.dir/C_/Program_Files/Raspberry_Pi/Pico_SDK_v1.5.1/pico-sdk/src/rp2_common/pico_stdio_usb/stdio_usb_descriptors.c.obj
                0x10005158                tud_descriptor_configuration_cb
 .text.tud_descriptor_string_cb
                0x10005160       0x6c CMakeFiles/helloworld.dir/C_/Program_Files/Raspberry_Pi/Pico_SDK_v1.5.1/pico-sdk/src/rp2_common/pico_stdio_usb/stdio_usb_descriptors.c.obj
                0x10005160                tud_descriptor_string_cb
 .text._retrieve_unique_id_on_boot
                0x100051cc       0x10 CMakeFiles/helloworld.dir/C_/Program_Files/Raspberry_Pi/Pico_SDK_v1.5.1/pico-sdk/src/rp2_common/pico_unique_id/unique_id.c.obj
 .text.pico_get_unique_board_id_string
                0x100051dc       0x60 CMakeFiles/helloworld.dir/C_/Program_Files/Raspberry_Pi/Pico_SDK_v1.5.1/pico-sdk/src/rp2_common/pico_unique_id/unique_id.c.obj
                0x100051dc                pico_get_unique_board_id_string
 .text.flash_get_unique_id
                0x1000523c       0x46 CMakeFiles/helloworld.dir/C_/Program_Files/Raspberry_Pi/Pico_SDK_v1.5.1/pico-sdk/src/rp2_common/hardware_flash/flash.c.obj
                0x1000523c                flash_get_unique_id
 *fill*         0x10005282        0x2 
 .text.hw_endpoint_get_by_addr
                0x10005284       0x18 CMakeFiles/helloworld.dir/C_/Program_Files/Raspberry_Pi/Pico_SDK_v1.5.1/pico-sdk/lib/tinyusb/src/portable/raspberrypi/rp2040/dcd_rp2040.c.obj
 .text._hw_endpoint_alloc
                0x1000529c       0x70 CMakeFiles/helloworld.dir/C_/Program_Files/Raspberry_Pi/Pico_SDK_v1.5.1/pico-sdk/lib/tinyusb/src/portable/raspberrypi/rp2040/dcd_rp2040.c.obj
 .text.hw_endpoint_init
                0x1000530c       0x88 CMakeFiles/helloworld.dir/C_/Program_Files/Raspberry_Pi/Pico_SDK_v1.5.1/pico-sdk/lib/tinyusb/src/portable/raspberrypi/rp2040/dcd_rp2040.c.obj
 .text.hw_endpoint_xfer
                0x10005394       0x14 CMakeFiles/helloworld.dir/C_/Program_Files/Raspberry_Pi/Pico_SDK_v1.5.1/pico-sdk/lib/tinyusb/src/portable/raspberrypi/rp2040/dcd_rp2040.c.obj
 .text.dcd_int_enable
                0x100053a8       0x2c CMakeFiles/helloworld.dir/C_/Program_Files/Raspberry_Pi/Pico_SDK_v1.5.1/pico-sdk/lib/tinyusb/src/portable/raspberrypi/rp2040/dcd_rp2040.c.obj
                0x100053a8                dcd_int_enable
 .text.dcd_set_address
                0x100053d4       0x2c CMakeFiles/helloworld.dir/C_/Program_Files/Raspberry_Pi/Pico_SDK_v1.5.1/pico-sdk/lib/tinyusb/src/portable/raspberrypi/rp2040/dcd_rp2040.c.obj
                0x100053d4                dcd_set_address
 .text.dcd_connect
                0x10005400       0x10 CMakeFiles/helloworld.dir/C_/Program_Files/Raspberry_Pi/Pico_SDK_v1.5.1/pico-sdk/lib/tinyusb/src/portable/raspberrypi/rp2040/dcd_rp2040.c.obj
                0x10005400                dcd_connect
 .text.dcd_init
                0x10005410       0x80 CMakeFiles/helloworld.dir/C_/Program_Files/Raspberry_Pi/Pico_SDK_v1.5.1/pico-sdk/lib/tinyusb/src/portable/raspberrypi/rp2040/dcd_rp2040.c.obj
                0x10005410                dcd_init
 .text.dcd_edpt0_status_complete
                0x10005490       0x1c CMakeFiles/helloworld.dir/C_/Program_Files/Raspberry_Pi/Pico_SDK_v1.5.1/pico-sdk/lib/tinyusb/src/portable/raspberrypi/rp2040/dcd_rp2040.c.obj
                0x10005490                dcd_edpt0_status_complete
 .text.dcd_edpt_open
                0x100054ac       0x40 CMakeFiles/helloworld.dir/C_/Program_Files/Raspberry_Pi/Pico_SDK_v1.5.1/pico-sdk/lib/tinyusb/src/portable/raspberrypi/rp2040/dcd_rp2040.c.obj
                0x100054ac                dcd_edpt_open
 .text.dcd_edpt_close_all
                0x100054ec        0x8 CMakeFiles/helloworld.dir/C_/Program_Files/Raspberry_Pi/Pico_SDK_v1.5.1/pico-sdk/lib/tinyusb/src/portable/raspberrypi/rp2040/dcd_rp2040.c.obj
                0x100054ec                dcd_edpt_close_all
 .text.dcd_edpt_xfer
                0x100054f4       0x34 CMakeFiles/helloworld.dir/C_/Program_Files/Raspberry_Pi/Pico_SDK_v1.5.1/pico-sdk/lib/tinyusb/src/portable/raspberrypi/rp2040/dcd_rp2040.c.obj
                0x100054f4                dcd_edpt_xfer
 .text.dcd_edpt_stall
                0x10005528       0x2c CMakeFiles/helloworld.dir/C_/Program_Files/Raspberry_Pi/Pico_SDK_v1.5.1/pico-sdk/lib/tinyusb/src/portable/raspberrypi/rp2040/dcd_rp2040.c.obj
                0x10005528                dcd_edpt_stall
 .text.dcd_edpt_clear_stall
                0x10005554       0x20 CMakeFiles/helloworld.dir/C_/Program_Files/Raspberry_Pi/Pico_SDK_v1.5.1/pico-sdk/lib/tinyusb/src/portable/raspberrypi/rp2040/dcd_rp2040.c.obj
                0x10005554                dcd_edpt_clear_stall
 .text.rp2040_usb_init
                0x10005574       0x4c CMakeFiles/helloworld.dir/C_/Program_Files/Raspberry_Pi/Pico_SDK_v1.5.1/pico-sdk/lib/tinyusb/src/portable/raspberrypi/rp2040/rp2040_usb.c.obj
                0x10005574                rp2040_usb_init
 .text.hw_endpoint_xfer_start
                0x100055c0       0x50 CMakeFiles/helloworld.dir/C_/Program_Files/Raspberry_Pi/Pico_SDK_v1.5.1/pico-sdk/lib/tinyusb/src/portable/raspberrypi/rp2040/rp2040_usb.c.obj
                0x100055c0                hw_endpoint_xfer_start
 .text.configuration_reset
                0x10005610       0x84 CMakeFiles/helloworld.dir/C_/Program_Files/Raspberry_Pi/Pico_SDK_v1.5.1/pico-sdk/lib/tinyusb/src/device/usbd.c.obj
 .text.usbd_reset
                0x10005694        0xc CMakeFiles/helloworld.dir/C_/Program_Files/Raspberry_Pi/Pico_SDK_v1.5.1/pico-sdk/lib/tinyusb/src/device/usbd.c.obj
 .text.invoke_class_control
                0x100056a0       0x1a CMakeFiles/helloworld.dir/C_/Program_Files/Raspberry_Pi/Pico_SDK_v1.5.1/pico-sdk/lib/tinyusb/src/device/usbd.c.obj
 *fill*         0x100056ba        0x2 
 .text.process_set_config
                0x100056bc      0x178 CMakeFiles/helloworld.dir/C_/Program_Files/Raspberry_Pi/Pico_SDK_v1.5.1/pico-sdk/lib/tinyusb/src/device/usbd.c.obj
 .text.process_get_descriptor
                0x10005834       0xdc CMakeFiles/helloworld.dir/C_/Program_Files/Raspberry_Pi/Pico_SDK_v1.5.1/pico-sdk/lib/tinyusb/src/device/usbd.c.obj
 .text.tud_mounted
                0x10005910       0x10 CMakeFiles/helloworld.dir/C_/Program_Files/Raspberry_Pi/Pico_SDK_v1.5.1/pico-sdk/lib/tinyusb/src/device/usbd.c.obj
                0x10005910                tud_mounted
 .text.tud_suspended
                0x10005920       0x10 CMakeFiles/helloworld.dir/C_/Program_Files/Raspberry_Pi/Pico_SDK_v1.5.1/pico-sdk/lib/tinyusb/src/device/usbd.c.obj
                0x10005920                tud_suspended
 .text.tud_inited
                0x10005930       0x14 CMakeFiles/helloworld.dir/C_/Program_Files/Raspberry_Pi/Pico_SDK_v1.5.1/pico-sdk/lib/tinyusb/src/device/usbd.c.obj
                0x10005930                tud_inited
 .text.tud_init
                0x10005944       0xcc CMakeFiles/helloworld.dir/C_/Program_Files/Raspberry_Pi/Pico_SDK_v1.5.1/pico-sdk/lib/tinyusb/src/device/usbd.c.obj
                0x10005944                tud_init
 .text.usbd_defer_func
                0x10005a10       0x2a CMakeFiles/helloworld.dir/C_/Program_Files/Raspberry_Pi/Pico_SDK_v1.5.1/pico-sdk/lib/tinyusb/src/device/usbd.c.obj
                0x10005a10                usbd_defer_func
 *fill*         0x10005a3a        0x2 
 .text.usbd_edpt_open
                0x10005a3c       0x34 CMakeFiles/helloworld.dir/C_/Program_Files/Raspberry_Pi/Pico_SDK_v1.5.1/pico-sdk/lib/tinyusb/src/device/usbd.c.obj
                0x10005a3c                usbd_edpt_open
 .text.usbd_open_edpt_pair
                0x10005a70       0x62 CMakeFiles/helloworld.dir/C_/Program_Files/Raspberry_Pi/Pico_SDK_v1.5.1/pico-sdk/lib/tinyusb/src/device/usbd.c.obj
                0x10005a70                usbd_open_edpt_pair
 *fill*         0x10005ad2        0x2 
 .text.usbd_edpt_claim
                0x10005ad4       0x28 CMakeFiles/helloworld.dir/C_/Program_Files/Raspberry_Pi/Pico_SDK_v1.5.1/pico-sdk/lib/tinyusb/src/device/usbd.c.obj
                0x10005ad4                usbd_edpt_claim
 .text.usbd_edpt_release
                0x10005afc       0x28 CMakeFiles/helloworld.dir/C_/Program_Files/Raspberry_Pi/Pico_SDK_v1.5.1/pico-sdk/lib/tinyusb/src/device/usbd.c.obj
                0x10005afc                usbd_edpt_release
 .text.usbd_edpt_xfer
                0x10005b24       0x78 CMakeFiles/helloworld.dir/C_/Program_Files/Raspberry_Pi/Pico_SDK_v1.5.1/pico-sdk/lib/tinyusb/src/device/usbd.c.obj
                0x10005b24                usbd_edpt_xfer
 .text.usbd_edpt_stall
                0x10005b9c       0x48 CMakeFiles/helloworld.dir/C_/Program_Files/Raspberry_Pi/Pico_SDK_v1.5.1/pico-sdk/lib/tinyusb/src/device/usbd.c.obj
                0x10005b9c                usbd_edpt_stall
 .text.usbd_edpt_clear_stall
                0x10005be4       0x48 CMakeFiles/helloworld.dir/C_/Program_Files/Raspberry_Pi/Pico_SDK_v1.5.1/pico-sdk/lib/tinyusb/src/device/usbd.c.obj
                0x10005be4                usbd_edpt_clear_stall
 .text.usbd_edpt_stalled
                0x10005c2c       0x1c CMakeFiles/helloworld.dir/C_/Program_Files/Raspberry_Pi/Pico_SDK_v1.5.1/pico-sdk/lib/tinyusb/src/device/usbd.c.obj
                0x10005c2c                usbd_edpt_stalled
 .text.process_control_request
                0x10005c48      0x37c CMakeFiles/helloworld.dir/C_/Program_Files/Raspberry_Pi/Pico_SDK_v1.5.1/pico-sdk/lib/tinyusb/src/device/usbd.c.obj
 .text.tud_task_ext
                0x10005fc4      0x1b8 CMakeFiles/helloworld.dir/C_/Program_Files/Raspberry_Pi/Pico_SDK_v1.5.1/pico-sdk/lib/tinyusb/src/device/usbd.c.obj
                0x10005fc4                tud_task_ext
 .text._data_stage_xact
                0x1000617c       0x58 CMakeFiles/helloworld.dir/C_/Program_Files/Raspberry_Pi/Pico_SDK_v1.5.1/pico-sdk/lib/tinyusb/src/device/usbd_control.c.obj
 .text.tud_control_status
                0x100061d4       0x38 CMakeFiles/helloworld.dir/C_/Program_Files/Raspberry_Pi/Pico_SDK_v1.5.1/pico-sdk/lib/tinyusb/src/device/usbd_control.c.obj
                0x100061d4                tud_control_status
 .text.tud_control_xfer
                0x1000620c       0x74 CMakeFiles/helloworld.dir/C_/Program_Files/Raspberry_Pi/Pico_SDK_v1.5.1/pico-sdk/lib/tinyusb/src/device/usbd_control.c.obj
                0x1000620c                tud_control_xfer
 .text.usbd_control_reset
                0x10006280       0x14 CMakeFiles/helloworld.dir/C_/Program_Files/Raspberry_Pi/Pico_SDK_v1.5.1/pico-sdk/lib/tinyusb/src/device/usbd_control.c.obj
                0x10006280                usbd_control_reset
 .text.usbd_control_set_complete_callback
                0x10006294        0xc CMakeFiles/helloworld.dir/C_/Program_Files/Raspberry_Pi/Pico_SDK_v1.5.1/pico-sdk/lib/tinyusb/src/device/usbd_control.c.obj
                0x10006294                usbd_control_set_complete_callback
 .text.usbd_control_set_request
                0x100062a0       0x1c CMakeFiles/helloworld.dir/C_/Program_Files/Raspberry_Pi/Pico_SDK_v1.5.1/pico-sdk/lib/tinyusb/src/device/usbd_control.c.obj
                0x100062a0                usbd_control_set_request
 .text.usbd_control_xfer_cb
                0x100062bc       0xcc CMakeFiles/helloworld.dir/C_/Program_Files/Raspberry_Pi/Pico_SDK_v1.5.1/pico-sdk/lib/tinyusb/src/device/usbd_control.c.obj
                0x100062bc                usbd_control_xfer_cb
 .text._prep_out_transaction
                0x10006388       0x4a CMakeFiles/helloworld.dir/C_/Program_Files/Raspberry_Pi/Pico_SDK_v1.5.1/pico-sdk/lib/tinyusb/src/class/cdc/cdc_device.c.obj
 *fill*         0x100063d2        0x2 
 .text.tud_cdc_n_connected
                0x100063d4       0x44 CMakeFiles/helloworld.dir/C_/Program_Files/Raspberry_Pi/Pico_SDK_v1.5.1/pico-sdk/lib/tinyusb/src/class/cdc/cdc_device.c.obj
                0x100063d4                tud_cdc_n_connected
 .text.tud_cdc_n_available
                0x10006418       0x18 CMakeFiles/helloworld.dir/C_/Program_Files/Raspberry_Pi/Pico_SDK_v1.5.1/pico-sdk/lib/tinyusb/src/class/cdc/cdc_device.c.obj
                0x10006418                tud_cdc_n_available
 .text.tud_cdc_n_read
                0x10006430       0x28 CMakeFiles/helloworld.dir/C_/Program_Files/Raspberry_Pi/Pico_SDK_v1.5.1/pico-sdk/lib/tinyusb/src/class/cdc/cdc_device.c.obj
                0x10006430                tud_cdc_n_read
 .text.tud_cdc_n_write_flush
                0x10006458       0xb8 CMakeFiles/helloworld.dir/C_/Program_Files/Raspberry_Pi/Pico_SDK_v1.5.1/pico-sdk/lib/tinyusb/src/class/cdc/cdc_device.c.obj
                0x10006458                tud_cdc_n_write_flush
 .text.tud_cdc_n_write
                0x10006510       0x38 CMakeFiles/helloworld.dir/C_/Program_Files/Raspberry_Pi/Pico_SDK_v1.5.1/pico-sdk/lib/tinyusb/src/class/cdc/cdc_device.c.obj
                0x10006510                tud_cdc_n_write
 .text.tud_cdc_n_write_available
                0x10006548       0x1c CMakeFiles/helloworld.dir/C_/Program_Files/Raspberry_Pi/Pico_SDK_v1.5.1/pico-sdk/lib/tinyusb/src/class/cdc/cdc_device.c.obj
                0x10006548                tud_cdc_n_write_available
 .text.cdcd_init
                0x10006564       0xbc CMakeFiles/helloworld.dir/C_/Program_Files/Raspberry_Pi/Pico_SDK_v1.5.1/pico-sdk/lib/tinyusb/src/class/cdc/cdc_device.c.obj
                0x10006564                cdcd_init
 .text.cdcd_reset
                0x10006620       0x44 CMakeFiles/helloworld.dir/C_/Program_Files/Raspberry_Pi/Pico_SDK_v1.5.1/pico-sdk/lib/tinyusb/src/class/cdc/cdc_device.c.obj
                0x10006620                cdcd_reset
 .text.cdcd_open
                0x10006664       0xcc CMakeFiles/helloworld.dir/C_/Program_Files/Raspberry_Pi/Pico_SDK_v1.5.1/pico-sdk/lib/tinyusb/src/class/cdc/cdc_device.c.obj
                0x10006664                cdcd_open
 .text.cdcd_control_xfer_cb
                0x10006730      0x134 CMakeFiles/helloworld.dir/C_/Program_Files/Raspberry_Pi/Pico_SDK_v1.5.1/pico-sdk/lib/tinyusb/src/class/cdc/cdc_device.c.obj
                0x10006730                cdcd_control_xfer_cb
 .text.cdcd_xfer_cb
                0x10006864      0x130 CMakeFiles/helloworld.dir/C_/Program_Files/Raspberry_Pi/Pico_SDK_v1.5.1/pico-sdk/lib/tinyusb/src/class/cdc/cdc_device.c.obj
                0x10006864                cdcd_xfer_cb
 .text.tusb_init
                0x10006994        0xa CMakeFiles/helloworld.dir/C_/Program_Files/Raspberry_Pi/Pico_SDK_v1.5.1/pico-sdk/lib/tinyusb/src/tusb.c.obj
                0x10006994                tusb_init
 .text.tusb_inited
                0x1000699e        0xe CMakeFiles/helloworld.dir/C_/Program_Files/Raspberry_Pi/Pico_SDK_v1.5.1/pico-sdk/lib/tinyusb/src/tusb.c.obj
                0x1000699e                tusb_inited
 .text.tu_edpt_claim
                0x100069ac       0x50 CMakeFiles/helloworld.dir/C_/Program_Files/Raspberry_Pi/Pico_SDK_v1.5.1/pico-sdk/lib/tinyusb/src/tusb.c.obj
                0x100069ac                tu_edpt_claim
 .text.tu_edpt_release
                0x100069fc       0x3c CMakeFiles/helloworld.dir/C_/Program_Files/Raspberry_Pi/Pico_SDK_v1.5.1/pico-sdk/lib/tinyusb/src/tusb.c.obj
                0x100069fc                tu_edpt_release
 .text.tu_edpt_validate
                0x10006a38       0x78 CMakeFiles/helloworld.dir/C_/Program_Files/Raspberry_Pi/Pico_SDK_v1.5.1/pico-sdk/lib/tinyusb/src/tusb.c.obj
                0x10006a38                tu_edpt_validate
 .text.tu_edpt_bind_driver
                0x10006ab0       0x26 CMakeFiles/helloworld.dir/C_/Program_Files/Raspberry_Pi/Pico_SDK_v1.5.1/pico-sdk/lib/tinyusb/src/tusb.c.obj
                0x10006ab0                tu_edpt_bind_driver
 .text.advance_index
                0x10006ad6       0x1a CMakeFiles/helloworld.dir/C_/Program_Files/Raspberry_Pi/Pico_SDK_v1.5.1/pico-sdk/lib/tinyusb/src/common/tusb_fifo.c.obj
 .text._tu_fifo_peek
                0x10006af0       0x56 CMakeFiles/helloworld.dir/C_/Program_Files/Raspberry_Pi/Pico_SDK_v1.5.1/pico-sdk/lib/tinyusb/src/common/tusb_fifo.c.obj
 .text._ff_pull_const_addr
                0x10006b46       0x4c CMakeFiles/helloworld.dir/C_/Program_Files/Raspberry_Pi/Pico_SDK_v1.5.1/pico-sdk/lib/tinyusb/src/common/tusb_fifo.c.obj
 .text._ff_pull_n
                0x10006b92      0x110 CMakeFiles/helloworld.dir/C_/Program_Files/Raspberry_Pi/Pico_SDK_v1.5.1/pico-sdk/lib/tinyusb/src/common/tusb_fifo.c.obj
 .text._tu_fifo_peek_n
                0x10006ca2       0x6a CMakeFiles/helloworld.dir/C_/Program_Files/Raspberry_Pi/Pico_SDK_v1.5.1/pico-sdk/lib/tinyusb/src/common/tusb_fifo.c.obj
 .text._tu_fifo_read_n
                0x10006d0c       0x4e CMakeFiles/helloworld.dir/C_/Program_Files/Raspberry_Pi/Pico_SDK_v1.5.1/pico-sdk/lib/tinyusb/src/common/tusb_fifo.c.obj
 .text._ff_push_const_addr
                0x10006d5a       0x40 CMakeFiles/helloworld.dir/C_/Program_Files/Raspberry_Pi/Pico_SDK_v1.5.1/pico-sdk/lib/tinyusb/src/common/tusb_fifo.c.obj
 .text._ff_push_n
                0x10006d9a      0x10c CMakeFiles/helloworld.dir/C_/Program_Files/Raspberry_Pi/Pico_SDK_v1.5.1/pico-sdk/lib/tinyusb/src/common/tusb_fifo.c.obj
 .text._tu_fifo_write_n
                0x10006ea6       0xf0 CMakeFiles/helloworld.dir/C_/Program_Files/Raspberry_Pi/Pico_SDK_v1.5.1/pico-sdk/lib/tinyusb/src/common/tusb_fifo.c.obj
 .text.tu_fifo_config
                0x10006f96       0x7c CMakeFiles/helloworld.dir/C_/Program_Files/Raspberry_Pi/Pico_SDK_v1.5.1/pico-sdk/lib/tinyusb/src/common/tusb_fifo.c.obj
                0x10006f96                tu_fifo_config
 .text.tu_fifo_count
                0x10007012       0x2a CMakeFiles/helloworld.dir/C_/Program_Files/Raspberry_Pi/Pico_SDK_v1.5.1/pico-sdk/lib/tinyusb/src/common/tusb_fifo.c.obj
                0x10007012                tu_fifo_count
 .text.tu_fifo_empty
                0x1000703c       0x10 CMakeFiles/helloworld.dir/C_/Program_Files/Raspberry_Pi/Pico_SDK_v1.5.1/pico-sdk/lib/tinyusb/src/common/tusb_fifo.c.obj
                0x1000703c                tu_fifo_empty
 .text.tu_fifo_full
                0x1000704c       0x28 CMakeFiles/helloworld.dir/C_/Program_Files/Raspberry_Pi/Pico_SDK_v1.5.1/pico-sdk/lib/tinyusb/src/common/tusb_fifo.c.obj
                0x1000704c                tu_fifo_full
 .text.tu_fifo_remaining
                0x10007074       0x2c CMakeFiles/helloworld.dir/C_/Program_Files/Raspberry_Pi/Pico_SDK_v1.5.1/pico-sdk/lib/tinyusb/src/common/tusb_fifo.c.obj
                0x10007074                tu_fifo_remaining
 .text.tu_fifo_read
                0x100070a0       0x42 CMakeFiles/helloworld.dir/C_/Program_Files/Raspberry_Pi/Pico_SDK_v1.5.1/pico-sdk/lib/tinyusb/src/common/tusb_fifo.c.obj
                0x100070a0                tu_fifo_read
 .text.tu_fifo_read_n
                0x100070e2        0xa CMakeFiles/helloworld.dir/C_/Program_Files/Raspberry_Pi/Pico_SDK_v1.5.1/pico-sdk/lib/tinyusb/src/common/tusb_fifo.c.obj
                0x100070e2                tu_fifo_read_n
 .text.tu_fifo_write
                0x100070ec       0x64 CMakeFiles/helloworld.dir/C_/Program_Files/Raspberry_Pi/Pico_SDK_v1.5.1/pico-sdk/lib/tinyusb/src/common/tusb_fifo.c.obj
                0x100070ec                tu_fifo_write
 .text.tu_fifo_write_n
                0x10007150        0xa CMakeFiles/helloworld.dir/C_/Program_Files/Raspberry_Pi/Pico_SDK_v1.5.1/pico-sdk/lib/tinyusb/src/common/tusb_fifo.c.obj
                0x10007150                tu_fifo_write_n
 .text.tu_fifo_clear
                0x1000715a       0x3e CMakeFiles/helloworld.dir/C_/Program_Files/Raspberry_Pi/Pico_SDK_v1.5.1/pico-sdk/lib/tinyusb/src/common/tusb_fifo.c.obj
                0x1000715a                tu_fifo_clear
 .text.tu_fifo_set_overwritable
                0x10007198       0x46 CMakeFiles/helloworld.dir/C_/Program_Files/Raspberry_Pi/Pico_SDK_v1.5.1/pico-sdk/lib/tinyusb/src/common/tusb_fifo.c.obj
                0x10007198                tu_fifo_set_overwritable
 *fill*         0x100071de        0x2 
 .text._pio_can_add_program_at_offset
                0x100071e0       0x3c CMakeFiles/helloworld.dir/C_/Program_Files/Raspberry_Pi/Pico_SDK_v1.5.1/pico-sdk/src/rp2_common/hardware_pio/pio.c.obj
 .text._pio_find_offset_for_program
                0x1000721c       0x7c CMakeFiles/helloworld.dir/C_/Program_Files/Raspberry_Pi/Pico_SDK_v1.5.1/pico-sdk/src/rp2_common/hardware_pio/pio.c.obj
 .text._pio_add_program_at_offset
                0x10007298       0x78 CMakeFiles/helloworld.dir/C_/Program_Files/Raspberry_Pi/Pico_SDK_v1.5.1/pico-sdk/src/rp2_common/hardware_pio/pio.c.obj
 .text.pio_add_program
                0x10007310       0x38 CMakeFiles/helloworld.dir/C_/Program_Files/Raspberry_Pi/Pico_SDK_v1.5.1/pico-sdk/src/rp2_common/hardware_pio/pio.c.obj
                0x10007310                pio_add_program
 .text.pio_sm_set_consecutive_pindirs
                0x10007348       0xa4 CMakeFiles/helloworld.dir/C_/Program_Files/Raspberry_Pi/Pico_SDK_v1.5.1/pico-sdk/src/rp2_common/hardware_pio/pio.c.obj
                0x10007348                pio_sm_set_consecutive_pindirs
 .text.pio_sm_init
                0x100073ec       0xe4 CMakeFiles/helloworld.dir/C_/Program_Files/Raspberry_Pi/Pico_SDK_v1.5.1/pico-sdk/src/rp2_common/hardware_pio/pio.c.obj
                0x100073ec                pio_sm_init
 .text.__cxa_end_cleanup
                0x100074d0        0xc c:/progra~1/raspbe~1/picosd~1.1/gcc-ar~1/bin/../lib/gcc/arm-none-eabi/10.3.1/../../../../arm-none-eabi/lib/thumb/v6-m/nofp\libstdc++.a(eh_arm.o)
                0x100074d0                __cxa_end_cleanup
 .text.__cxa_type_match
                0x100074dc       0xc0 c:/progra~1/raspbe~1/picosd~1.1/gcc-ar~1/bin/../lib/gcc/arm-none-eabi/10.3.1/../../../../arm-none-eabi/lib/thumb/v6-m/nofp\libstdc++.a(eh_arm.o)
                0x100074dc                __cxa_type_match
 .text.__cxa_begin_cleanup
                0x1000759c       0x60 c:/progra~1/raspbe~1/picosd~1.1/gcc-ar~1/bin/../lib/gcc/arm-none-eabi/10.3.1/../../../../arm-none-eabi/lib/thumb/v6-m/nofp\libstdc++.a(eh_arm.o)
                0x1000759c                __cxa_begin_cleanup
 .text.__gnu_end_cleanup
                0x100075fc       0x70 c:/progra~1/raspbe~1/picosd~1.1/gcc-ar~1/bin/../lib/gcc/arm-none-eabi/10.3.1/../../../../arm-none-eabi/lib/thumb/v6-m/nofp\libstdc++.a(eh_arm.o)
                0x100075fc                __gnu_end_cleanup
 .text.unlikely.__cxa_throw_bad_array_new_length
                0x1000766c       0x20 c:/progra~1/raspbe~1/picosd~1.1/gcc-ar~1/bin/../lib/gcc/arm-none-eabi/10.3.1/../../../../arm-none-eabi/lib/thumb/v6-m/nofp\libstdc++.a(eh_aux_runtime.o)
                0x1000766c                __cxa_throw_bad_array_new_length
 .text._ZNSt9exceptionD2Ev
                0x1000768c        0x4 c:/progra~1/raspbe~1/picosd~1.1/gcc-ar~1/bin/../lib/gcc/arm-none-eabi/10.3.1/../../../../arm-none-eabi/lib/thumb/v6-m/nofp\libstdc++.a(eh_exception.o)
                0x1000768c                std::exception::~exception()
                0x1000768c                std::exception::~exception()
 .text._ZNSt13bad_exceptionD2Ev
                0x10007690        0x4 c:/progra~1/raspbe~1/picosd~1.1/gcc-ar~1/bin/../lib/gcc/arm-none-eabi/10.3.1/../../../../arm-none-eabi/lib/thumb/v6-m/nofp\libstdc++.a(eh_exception.o)
                0x10007690                std::bad_exception::~bad_exception()
                0x10007690                std::bad_exception::~bad_exception()
 .text._ZNKSt13bad_exception4whatEv
                0x10007694        0x8 c:/progra~1/raspbe~1/picosd~1.1/gcc-ar~1/bin/../lib/gcc/arm-none-eabi/10.3.1/../../../../arm-none-eabi/lib/thumb/v6-m/nofp\libstdc++.a(eh_exception.o)
                0x10007694                std::bad_exception::what() const
                0x10007694                transaction clone for std::bad_exception::what() const
 .text._ZNSt13bad_exceptionD0Ev
                0x1000769c       0x10 c:/progra~1/raspbe~1/picosd~1.1/gcc-ar~1/bin/../lib/gcc/arm-none-eabi/10.3.1/../../../../arm-none-eabi/lib/thumb/v6-m/nofp\libstdc++.a(eh_exception.o)
                0x1000769c                std::bad_exception::~bad_exception()
 .text.__cxa_get_globals_fast
                0x100076ac        0x8 c:/progra~1/raspbe~1/picosd~1.1/gcc-ar~1/bin/../lib/gcc/arm-none-eabi/10.3.1/../../../../arm-none-eabi/lib/thumb/v6-m/nofp\libstdc++.a(eh_globals.o)
                0x100076ac                __cxa_get_globals_fast
 .text.__cxa_get_globals
                0x100076b4        0x8 c:/progra~1/raspbe~1/picosd~1.1/gcc-ar~1/bin/../lib/gcc/arm-none-eabi/10.3.1/../../../../arm-none-eabi/lib/thumb/v6-m/nofp\libstdc++.a(eh_globals.o)
                0x100076b4                __cxa_get_globals
 .text._ZL28read_encoded_value_with_basehjPKhPj
                0x100076bc      0x114 c:/progra~1/raspbe~1/picosd~1.1/gcc-ar~1/bin/../lib/gcc/arm-none-eabi/10.3.1/../../../../arm-none-eabi/lib/thumb/v6-m/nofp\libstdc++.a(eh_personality.o)
 .text._ZL21base_of_encoded_valuehP15_Unwind_Context
                0x100077d0       0x48 c:/progra~1/raspbe~1/picosd~1.1/gcc-ar~1/bin/../lib/gcc/arm-none-eabi/10.3.1/../../../../arm-none-eabi/lib/thumb/v6-m/nofp\libstdc++.a(eh_personality.o)
 .text._ZL17parse_lsda_headerP15_Unwind_ContextPKhP16lsda_header_info
                0x10007818       0x98 c:/progra~1/raspbe~1/picosd~1.1/gcc-ar~1/bin/../lib/gcc/arm-none-eabi/10.3.1/../../../../arm-none-eabi/lib/thumb/v6-m/nofp\libstdc++.a(eh_personality.o)
 .text.__gxx_personality_v0
                0x100078b0      0x4c8 c:/progra~1/raspbe~1/picosd~1.1/gcc-ar~1/bin/../lib/gcc/arm-none-eabi/10.3.1/../../../../arm-none-eabi/lib/thumb/v6-m/nofp\libstdc++.a(eh_personality.o)
                0x100078b0                __gxx_personality_v0
 .text._ZN10__cxxabiv111__terminateEPFvvE
                0x10007d78       0x28 c:/progra~1/raspbe~1/picosd~1.1/gcc-ar~1/bin/../lib/gcc/arm-none-eabi/10.3.1/../../../../arm-none-eabi/lib/thumb/v6-m/nofp\libstdc++.a(eh_terminate.o)
                0x10007d78                __cxxabiv1::__terminate(void (*)())
 .text._ZSt9terminatev
                0x10007da0       0x10 c:/progra~1/raspbe~1/picosd~1.1/gcc-ar~1/bin/../lib/gcc/arm-none-eabi/10.3.1/../../../../arm-none-eabi/lib/thumb/v6-m/nofp\libstdc++.a(eh_terminate.o)
                0x10007da0                std::terminate()
 .text._ZN10__cxxabiv112__unexpectedEPFvvE
                0x10007db0        0x8 c:/progra~1/raspbe~1/picosd~1.1/gcc-ar~1/bin/../lib/gcc/arm-none-eabi/10.3.1/../../../../arm-none-eabi/lib/thumb/v6-m/nofp\libstdc++.a(eh_terminate.o)
                0x10007db0                __cxxabiv1::__unexpected(void (*)())
 .text._ZSt10unexpectedv
                0x10007db8       0x10 c:/progra~1/raspbe~1/picosd~1.1/gcc-ar~1/bin/../lib/gcc/arm-none-eabi/10.3.1/../../../../arm-none-eabi/lib/thumb/v6-m/nofp\libstdc++.a(eh_terminate.o)
                0x10007db8                std::unexpected()
 .text._ZSt13get_terminatev
                0x10007dc8        0xc c:/progra~1/raspbe~1/picosd~1.1/gcc-ar~1/bin/../lib/gcc/arm-none-eabi/10.3.1/../../../../arm-none-eabi/lib/thumb/v6-m/nofp\libstdc++.a(eh_terminate.o)
                0x10007dc8                std::get_terminate()
 .text._ZSt14get_unexpectedv
                0x10007dd4        0xc c:/progra~1/raspbe~1/picosd~1.1/gcc-ar~1/bin/../lib/gcc/arm-none-eabi/10.3.1/../../../../arm-none-eabi/lib/thumb/v6-m/nofp\libstdc++.a(eh_terminate.o)
                0x10007dd4                std::get_unexpected()
 .text._ZL23__gxx_exception_cleanup19_Unwind_Reason_CodeP21_Unwind_Control_Block
                0x10007de0       0x34 c:/progra~1/raspbe~1/picosd~1.1/gcc-ar~1/bin/../lib/gcc/arm-none-eabi/10.3.1/../../../../arm-none-eabi/lib/thumb/v6-m/nofp\libstdc++.a(eh_throw.o)
 .text.__cxa_init_primary_exception
                0x10007e14       0x4c c:/progra~1/raspbe~1/picosd~1.1/gcc-ar~1/bin/../lib/gcc/arm-none-eabi/10.3.1/../../../../arm-none-eabi/lib/thumb/v6-m/nofp\libstdc++.a(eh_throw.o)
                0x10007e14                __cxa_init_primary_exception
 .text.__cxa_throw
                0x10007e60       0x34 c:/progra~1/raspbe~1/picosd~1.1/gcc-ar~1/bin/../lib/gcc/arm-none-eabi/10.3.1/../../../../arm-none-eabi/lib/thumb/v6-m/nofp\libstdc++.a(eh_throw.o)
                0x10007e60                __cxa_throw
 .text.__cxa_rethrow
                0x10007e94       0x70 c:/progra~1/raspbe~1/picosd~1.1/gcc-ar~1/bin/../lib/gcc/arm-none-eabi/10.3.1/../../../../arm-none-eabi/lib/thumb/v6-m/nofp\libstdc++.a(eh_throw.o)
                0x10007e94                __cxa_rethrow
 .text._Znaj    0x10007f04        0x8 c:/progra~1/raspbe~1/picosd~1.1/gcc-ar~1/bin/../lib/gcc/arm-none-eabi/10.3.1/../../../../arm-none-eabi/lib/thumb/v6-m/nofp\libstdc++.a(new_opv.o)
                0x10007f04                operator new[](unsigned int)
 .text._ZN10__cxxabiv120__si_class_type_infoD2Ev
                0x10007f0c       0x18 c:/progra~1/raspbe~1/picosd~1.1/gcc-ar~1/bin/../lib/gcc/arm-none-eabi/10.3.1/../../../../arm-none-eabi/lib/thumb/v6-m/nofp\libstdc++.a(si_class_type_info.o)
                0x10007f0c                __cxxabiv1::__si_class_type_info::~__si_class_type_info()
                0x10007f0c                __cxxabiv1::__si_class_type_info::~__si_class_type_info()
 .text._ZN10__cxxabiv120__si_class_type_infoD0Ev
                0x10007f24       0x20 c:/progra~1/raspbe~1/picosd~1.1/gcc-ar~1/bin/../lib/gcc/arm-none-eabi/10.3.1/../../../../arm-none-eabi/lib/thumb/v6-m/nofp\libstdc++.a(si_class_type_info.o)
                0x10007f24                __cxxabiv1::__si_class_type_info::~__si_class_type_info()
 .text._ZNK10__cxxabiv120__si_class_type_info20__do_find_public_srcEiPKvPKNS_17__class_type_infoES2_
                0x10007f44       0x38 c:/progra~1/raspbe~1/picosd~1.1/gcc-ar~1/bin/../lib/gcc/arm-none-eabi/10.3.1/../../../../arm-none-eabi/lib/thumb/v6-m/nofp\libstdc++.a(si_class_type_info.o)
                0x10007f44                __cxxabiv1::__si_class_type_info::__do_find_public_src(int, void const*, __cxxabiv1::__class_type_info const*, void const*) const
 .text._ZNK10__cxxabiv120__si_class_type_info12__do_dyncastEiNS_17__class_type_info10__sub_kindEPKS1_PKvS4_S6_RNS1_16__dyncast_resultE
                0x10007f7c       0x9c c:/progra~1/raspbe~1/picosd~1.1/gcc-ar~1/bin/../lib/gcc/arm-none-eabi/10.3.1/../../../../arm-none-eabi/lib/thumb/v6-m/nofp\libstdc++.a(si_class_type_info.o)
                0x10007f7c                __cxxabiv1::__si_class_type_info::__do_dyncast(int, __cxxabiv1::__class_type_info::__sub_kind, __cxxabiv1::__class_type_info const*, void const*, __cxxabiv1::__class_type_info const*, void const*, __cxxabiv1::__class_type_info::__dyncast_result&) const
 .text._ZNK10__cxxabiv120__si_class_type_info11__do_upcastEPKNS_17__class_type_infoEPKvRNS1_15__upcast_resultE
                0x10008018       0x24 c:/progra~1/raspbe~1/picosd~1.1/gcc-ar~1/bin/../lib/gcc/arm-none-eabi/10.3.1/../../../../arm-none-eabi/lib/thumb/v6-m/nofp\libstdc++.a(si_class_type_info.o)
                0x10008018                __cxxabiv1::__si_class_type_info::__do_upcast(__cxxabiv1::__class_type_info const*, void const*, __cxxabiv1::__class_type_info::__upcast_result&) const
 .text._ZNSt9type_infoD2Ev
                0x1000803c        0x4 c:/progra~1/raspbe~1/picosd~1.1/gcc-ar~1/bin/../lib/gcc/arm-none-eabi/10.3.1/../../../../arm-none-eabi/lib/thumb/v6-m/nofp\libstdc++.a(tinfo.o)
                0x1000803c                std::type_info::~type_info()
                0x1000803c                std::type_info::~type_info()
 .text._ZNKSt9type_info14__is_pointer_pEv
                0x10008040        0x4 c:/progra~1/raspbe~1/picosd~1.1/gcc-ar~1/bin/../lib/gcc/arm-none-eabi/10.3.1/../../../../arm-none-eabi/lib/thumb/v6-m/nofp\libstdc++.a(tinfo.o)
                0x10008040                std::type_info::__is_pointer_p() const
                0x10008040                std::type_info::__is_function_p() const
 .text._ZNKSt9type_infoeqERKS_
                0x10008044       0x30 c:/progra~1/raspbe~1/picosd~1.1/gcc-ar~1/bin/../lib/gcc/arm-none-eabi/10.3.1/../../../../arm-none-eabi/lib/thumb/v6-m/nofp\libstdc++.a(tinfo.o)
                0x10008044                std::type_info::operator==(std::type_info const&) const
 .text._ZN9__gnu_cxx27__verbose_terminate_handlerEv
                0x10008074      0x114 c:/progra~1/raspbe~1/picosd~1.1/gcc-ar~1/bin/../lib/gcc/arm-none-eabi/10.3.1/../../../../arm-none-eabi/lib/thumb/v6-m/nofp\libstdc++.a(vterminate.o)
                0x10008074                __gnu_cxx::__verbose_terminate_handler()
 .text._ZNKSt20bad_array_new_length4whatEv
                0x10008188        0x8 c:/progra~1/raspbe~1/picosd~1.1/gcc-ar~1/bin/../lib/gcc/arm-none-eabi/10.3.1/../../../../arm-none-eabi/lib/thumb/v6-m/nofp\libstdc++.a(bad_array_new.o)
                0x10008188                std::bad_array_new_length::what() const
 .text._ZNSt20bad_array_new_lengthD2Ev
                0x10008190       0x18 c:/progra~1/raspbe~1/picosd~1.1/gcc-ar~1/bin/../lib/gcc/arm-none-eabi/10.3.1/../../../../arm-none-eabi/lib/thumb/v6-m/nofp\libstdc++.a(bad_array_new.o)
                0x10008190                std::bad_array_new_length::~bad_array_new_length()
                0x10008190                std::bad_array_new_length::~bad_array_new_length()
 .text._ZNSt20bad_array_new_lengthD0Ev
                0x100081a8       0x20 c:/progra~1/raspbe~1/picosd~1.1/gcc-ar~1/bin/../lib/gcc/arm-none-eabi/10.3.1/../../../../arm-none-eabi/lib/thumb/v6-m/nofp\libstdc++.a(bad_array_new.o)
                0x100081a8                std::bad_array_new_length::~bad_array_new_length()
 .text._ZNK10__cxxabiv117__class_type_info11__do_upcastEPKS0_PPv
                0x100081c8       0x34 c:/progra~1/raspbe~1/picosd~1.1/gcc-ar~1/bin/../lib/gcc/arm-none-eabi/10.3.1/../../../../arm-none-eabi/lib/thumb/v6-m/nofp\libstdc++.a(class_type_info.o)
                0x100081c8                __cxxabiv1::__class_type_info::__do_upcast(__cxxabiv1::__class_type_info const*, void**) const
 .text._ZNK10__cxxabiv117__class_type_info20__do_find_public_srcEiPKvPKS0_S2_
                0x100081fc       0x14 c:/progra~1/raspbe~1/picosd~1.1/gcc-ar~1/bin/../lib/gcc/arm-none-eabi/10.3.1/../../../../arm-none-eabi/lib/thumb/v6-m/nofp\libstdc++.a(class_type_info.o)
                0x100081fc                __cxxabiv1::__class_type_info::__do_find_public_src(int, void const*, __cxxabiv1::__class_type_info const*, void const*) const
 .text._ZN10__cxxabiv117__class_type_infoD2Ev
                0x10008210       0x18 c:/progra~1/raspbe~1/picosd~1.1/gcc-ar~1/bin/../lib/gcc/arm-none-eabi/10.3.1/../../../../arm-none-eabi/lib/thumb/v6-m/nofp\libstdc++.a(class_type_info.o)
                0x10008210                __cxxabiv1::__class_type_info::~__class_type_info()
                0x10008210                __cxxabiv1::__class_type_info::~__class_type_info()
 .text._ZN10__cxxabiv117__class_type_infoD0Ev
                0x10008228       0x20 c:/progra~1/raspbe~1/picosd~1.1/gcc-ar~1/bin/../lib/gcc/arm-none-eabi/10.3.1/../../../../arm-none-eabi/lib/thumb/v6-m/nofp\libstdc++.a(class_type_info.o)
                0x10008228                __cxxabiv1::__class_type_info::~__class_type_info()
 .text._ZNK10__cxxabiv117__class_type_info12__do_dyncastEiNS0_10__sub_kindEPKS0_PKvS3_S5_RNS0_16__dyncast_resultE
                0x10008248       0x40 c:/progra~1/raspbe~1/picosd~1.1/gcc-ar~1/bin/../lib/gcc/arm-none-eabi/10.3.1/../../../../arm-none-eabi/lib/thumb/v6-m/nofp\libstdc++.a(class_type_info.o)
                0x10008248                __cxxabiv1::__class_type_info::__do_dyncast(int, __cxxabiv1::__class_type_info::__sub_kind, __cxxabiv1::__class_type_info const*, void const*, __cxxabiv1::__class_type_info const*, void const*, __cxxabiv1::__class_type_info::__dyncast_result&) const
 .text._ZNK10__cxxabiv117__class_type_info11__do_upcastEPKS0_PKvRNS0_15__upcast_resultE
                0x10008288       0x1c c:/progra~1/raspbe~1/picosd~1.1/gcc-ar~1/bin/../lib/gcc/arm-none-eabi/10.3.1/../../../../arm-none-eabi/lib/thumb/v6-m/nofp\libstdc++.a(class_type_info.o)
                0x10008288                __cxxabiv1::__class_type_info::__do_upcast(__cxxabiv1::__class_type_info const*, void const*, __cxxabiv1::__class_type_info::__upcast_result&) const
 .text._ZNK10__cxxabiv117__class_type_info10__do_catchEPKSt9type_infoPPvj
                0x100082a4       0x24 c:/progra~1/raspbe~1/picosd~1.1/gcc-ar~1/bin/../lib/gcc/arm-none-eabi/10.3.1/../../../../arm-none-eabi/lib/thumb/v6-m/nofp\libstdc++.a(class_type_info.o)
                0x100082a4                __cxxabiv1::__class_type_info::__do_catch(std::type_info const*, void**, unsigned int) const
 .text          0x100082c8     0x67e4 c:/progra~1/raspbe~1/picosd~1.1/gcc-ar~1/bin/../lib/gcc/arm-none-eabi/10.3.1/../../../../arm-none-eabi/lib/thumb/v6-m/nofp\libstdc++.a(cp-demangle.o)
                0x1000e9b8                __cxa_demangle
                0x1000ea8c                __gcclibcxx_demangle_callback
 .text._ZdlPvj  0x1000eaac        0x8 c:/progra~1/raspbe~1/picosd~1.1/gcc-ar~1/bin/../lib/gcc/arm-none-eabi/10.3.1/../../../../arm-none-eabi/lib/thumb/v6-m/nofp\libstdc++.a(del_ops.o)
                0x1000eaac                operator delete(void*, unsigned int)
 .text._ZN12_GLOBAL__N_14pool4freeEPv.constprop.0
                0x1000eab4       0x78 c:/progra~1/raspbe~1/picosd~1.1/gcc-ar~1/bin/../lib/gcc/arm-none-eabi/10.3.1/../../../../arm-none-eabi/lib/thumb/v6-m/nofp\libstdc++.a(eh_alloc.o)
 .text._ZN12_GLOBAL__N_14pool8allocateEj.constprop.0
                0x1000eb2c       0x54 c:/progra~1/raspbe~1/picosd~1.1/gcc-ar~1/bin/../lib/gcc/arm-none-eabi/10.3.1/../../../../arm-none-eabi/lib/thumb/v6-m/nofp\libstdc++.a(eh_alloc.o)
 .text.__cxa_allocate_exception
                0x1000eb80       0x2c c:/progra~1/raspbe~1/picosd~1.1/gcc-ar~1/bin/../lib/gcc/arm-none-eabi/10.3.1/../../../../arm-none-eabi/lib/thumb/v6-m/nofp\libstdc++.a(eh_alloc.o)
                0x1000eb80                __cxa_allocate_exception
 .text.__cxa_free_exception
                0x1000ebac       0x24 c:/progra~1/raspbe~1/picosd~1.1/gcc-ar~1/bin/../lib/gcc/arm-none-eabi/10.3.1/../../../../arm-none-eabi/lib/thumb/v6-m/nofp\libstdc++.a(eh_alloc.o)
                0x1000ebac                __cxa_free_exception
 .text.startup._GLOBAL__sub_I__ZN9__gnu_cxx9__freeresEv
                0x1000ebd0       0x2c c:/progra~1/raspbe~1/picosd~1.1/gcc-ar~1/bin/../lib/gcc/arm-none-eabi/10.3.1/../../../../arm-none-eabi/lib/thumb/v6-m/nofp\libstdc++.a(eh_alloc.o)
 .text._ZN10__cxxabiv1L24__is_gxx_exception_classEPc
                0x1000ebfc       0x3c c:/progra~1/raspbe~1/picosd~1.1/gcc-ar~1/bin/../lib/gcc/arm-none-eabi/10.3.1/../../../../arm-none-eabi/lib/thumb/v6-m/nofp\libstdc++.a(eh_call.o)
 .text.__cxa_call_terminate
                0x1000ec38       0x20 c:/progra~1/raspbe~1/picosd~1.1/gcc-ar~1/bin/../lib/gcc/arm-none-eabi/10.3.1/../../../../arm-none-eabi/lib/thumb/v6-m/nofp\libstdc++.a(eh_call.o)
                0x1000ec38                __cxa_call_terminate
 .text.unlikely.__cxa_call_unexpected
                0x1000ec58      0x100 c:/progra~1/raspbe~1/picosd~1.1/gcc-ar~1/bin/../lib/gcc/arm-none-eabi/10.3.1/../../../../arm-none-eabi/lib/thumb/v6-m/nofp\libstdc++.a(eh_call.o)
                0x1000ec58                __cxa_call_unexpected
 .text.__cxa_begin_catch
                0x1000ed58       0x74 c:/progra~1/raspbe~1/picosd~1.1/gcc-ar~1/bin/../lib/gcc/arm-none-eabi/10.3.1/../../../../arm-none-eabi/lib/thumb/v6-m/nofp\libstdc++.a(eh_catch.o)
                0x1000ed58                __cxa_begin_catch
 .text.__cxa_end_catch
                0x1000edcc       0x90 c:/progra~1/raspbe~1/picosd~1.1/gcc-ar~1/bin/../lib/gcc/arm-none-eabi/10.3.1/../../../../arm-none-eabi/lib/thumb/v6-m/nofp\libstdc++.a(eh_catch.o)
                0x1000edcc                __cxa_end_catch
 .text.__cxa_current_exception_type
                0x1000ee5c       0x20 c:/progra~1/raspbe~1/picosd~1.1/gcc-ar~1/bin/../lib/gcc/arm-none-eabi/10.3.1/../../../../arm-none-eabi/lib/thumb/v6-m/nofp\libstdc++.a(eh_type.o)
                0x1000ee5c                __cxa_current_exception_type
 .text._Znwj    0x1000ee7c       0x40 c:/progra~1/raspbe~1/picosd~1.1/gcc-ar~1/bin/../lib/gcc/arm-none-eabi/10.3.1/../../../../arm-none-eabi/lib/thumb/v6-m/nofp\libstdc++.a(new_op.o)
                0x1000ee7c                operator new(unsigned int)
 .text._ZNKSt9bad_alloc4whatEv
                0x1000eebc        0x8 c:/progra~1/raspbe~1/picosd~1.1/gcc-ar~1/bin/../lib/gcc/arm-none-eabi/10.3.1/../../../../arm-none-eabi/lib/thumb/v6-m/nofp\libstdc++.a(bad_alloc.o)
                0x1000eebc                std::bad_alloc::what() const
 .text._ZNSt9bad_allocD2Ev
                0x1000eec4       0x18 c:/progra~1/raspbe~1/picosd~1.1/gcc-ar~1/bin/../lib/gcc/arm-none-eabi/10.3.1/../../../../arm-none-eabi/lib/thumb/v6-m/nofp\libstdc++.a(bad_alloc.o)
                0x1000eec4                std::bad_alloc::~bad_alloc()
                0x1000eec4                std::bad_alloc::~bad_alloc()
 .text._ZNSt9bad_allocD0Ev
                0x1000eedc       0x20 c:/progra~1/raspbe~1/picosd~1.1/gcc-ar~1/bin/../lib/gcc/arm-none-eabi/10.3.1/../../../../arm-none-eabi/lib/thumb/v6-m/nofp\libstdc++.a(bad_alloc.o)
                0x1000eedc                std::bad_alloc::~bad_alloc()
 .text._ZdlPv   0x1000eefc        0x8 c:/progra~1/raspbe~1/picosd~1.1/gcc-ar~1/bin/../lib/gcc/arm-none-eabi/10.3.1/../../../../arm-none-eabi/lib/thumb/v6-m/nofp\libstdc++.a(del_op.o)
                0x1000eefc                operator delete(void*)
 .text._ZSt15get_new_handlerv
                0x1000ef04        0xc c:/progra~1/raspbe~1/picosd~1.1/gcc-ar~1/bin/../lib/gcc/arm-none-eabi/10.3.1/../../../../arm-none-eabi/lib/thumb/v6-m/nofp\libstdc++.a(new_handler.o)
                0x1000ef04                std::get_new_handler()
 .text.abort    0x1000ef10       0x10 c:/progra~1/raspbe~1/picosd~1.1/gcc-ar~1/bin/../lib/gcc/arm-none-eabi/10.3.1/../../../../arm-none-eabi/lib/thumb/v6-m/nofp\libg.a(lib_a-abort.o)
                0x1000ef10                abort
 .text.fputc    0x1000ef20       0x58 c:/progra~1/raspbe~1/picosd~1.1/gcc-ar~1/bin/../lib/gcc/arm-none-eabi/10.3.1/../../../../arm-none-eabi/lib/thumb/v6-m/nofp\libg.a(lib_a-fputc.o)
                0x1000ef20                fputc
 .text._fputs_r
                0x1000ef78       0x8c c:/progra~1/raspbe~1/picosd~1.1/gcc-ar~1/bin/../lib/gcc/arm-none-eabi/10.3.1/../../../../arm-none-eabi/lib/thumb/v6-m/nofp\libg.a(lib_a-fputs.o)
                0x1000ef78                _fputs_r
 .text.fputs    0x1000f004       0x18 c:/progra~1/raspbe~1/picosd~1.1/gcc-ar~1/bin/../lib/gcc/arm-none-eabi/10.3.1/../../../../arm-none-eabi/lib/thumb/v6-m/nofp\libg.a(lib_a-fputs.o)
                0x1000f004                fputs
 .text.__sfvwrite_r
                0x1000f01c      0x2f4 c:/progra~1/raspbe~1/picosd~1.1/gcc-ar~1/bin/../lib/gcc/arm-none-eabi/10.3.1/../../../../arm-none-eabi/lib/thumb/v6-m/nofp\libg.a(lib_a-fvwrite.o)
                0x1000f01c                __sfvwrite_r
 .text._fwrite_r
                0x1000f310       0xb0 c:/progra~1/raspbe~1/picosd~1.1/gcc-ar~1/bin/../lib/gcc/arm-none-eabi/10.3.1/../../../../arm-none-eabi/lib/thumb/v6-m/nofp\libg.a(lib_a-fwrite.o)
                0x1000f310                _fwrite_r
 .text.fwrite   0x1000f3c0       0x20 c:/progra~1/raspbe~1/picosd~1.1/gcc-ar~1/bin/../lib/gcc/arm-none-eabi/10.3.1/../../../../arm-none-eabi/lib/thumb/v6-m/nofp\libg.a(lib_a-fwrite.o)
                0x1000f3c0                fwrite
 .text.__retarget_lock_init_recursive
                0x1000f3e0        0x4 c:/progra~1/raspbe~1/picosd~1.1/gcc-ar~1/bin/../lib/gcc/arm-none-eabi/10.3.1/../../../../arm-none-eabi/lib/thumb/v6-m/nofp\libg.a(lib_a-lock.o)
                0x1000f3e0                __retarget_lock_init_recursive
 .text.__retarget_lock_close_recursive
                0x1000f3e4        0x4 c:/progra~1/raspbe~1/picosd~1.1/gcc-ar~1/bin/../lib/gcc/arm-none-eabi/10.3.1/../../../../arm-none-eabi/lib/thumb/v6-m/nofp\libg.a(lib_a-lock.o)
                0x1000f3e4                __retarget_lock_close_recursive
 .text.__retarget_lock_acquire_recursive
                0x1000f3e8        0x4 c:/progra~1/raspbe~1/picosd~1.1/gcc-ar~1/bin/../lib/gcc/arm-none-eabi/10.3.1/../../../../arm-none-eabi/lib/thumb/v6-m/nofp\libg.a(lib_a-lock.o)
                0x1000f3e8                __retarget_lock_acquire_recursive
 .text.__retarget_lock_release_recursive
                0x1000f3ec        0x4 c:/progra~1/raspbe~1/picosd~1.1/gcc-ar~1/bin/../lib/gcc/arm-none-eabi/10.3.1/../../../../arm-none-eabi/lib/thumb/v6-m/nofp\libg.a(lib_a-lock.o)
                0x1000f3ec                __retarget_lock_release_recursive
 .text.malloc   0x1000f3f0       0x14 c:/progra~1/raspbe~1/picosd~1.1/gcc-ar~1/bin/../lib/gcc/arm-none-eabi/10.3.1/../../../../arm-none-eabi/lib/thumb/v6-m/nofp\libg.a(lib_a-malloc.o)
                0x1000f3f0                malloc
 .text.free     0x1000f404       0x14 c:/progra~1/raspbe~1/picosd~1.1/gcc-ar~1/bin/../lib/gcc/arm-none-eabi/10.3.1/../../../../arm-none-eabi/lib/thumb/v6-m/nofp\libg.a(lib_a-malloc.o)
                0x1000f404                free
 .text._malloc_r
                0x1000f418      0x584 c:/progra~1/raspbe~1/picosd~1.1/gcc-ar~1/bin/../lib/gcc/arm-none-eabi/10.3.1/../../../../arm-none-eabi/lib/thumb/v6-m/nofp\libg.a(lib_a-mallocr.o)
                0x1000f418                _malloc_r
 .text.memchr   0x1000f99c       0x74 c:/progra~1/raspbe~1/picosd~1.1/gcc-ar~1/bin/../lib/gcc/arm-none-eabi/10.3.1/../../../../arm-none-eabi/lib/thumb/v6-m/nofp\libg.a(lib_a-memchr-stub.o)
                0x1000f99c                memchr
 .text.memcmp   0x1000fa10       0x48 c:/progra~1/raspbe~1/picosd~1.1/gcc-ar~1/bin/../lib/gcc/arm-none-eabi/10.3.1/../../../../arm-none-eabi/lib/thumb/v6-m/nofp\libg.a(lib_a-memcmp.o)
                0x1000fa10                memcmp
 .text.memmove  0x1000fa58       0xac c:/progra~1/raspbe~1/picosd~1.1/gcc-ar~1/bin/../lib/gcc/arm-none-eabi/10.3.1/../../../../arm-none-eabi/lib/thumb/v6-m/nofp\libg.a(lib_a-memmove.o)
                0x1000fa58                memmove
 .text.__malloc_lock
                0x1000fb04       0x10 c:/progra~1/raspbe~1/picosd~1.1/gcc-ar~1/bin/../lib/gcc/arm-none-eabi/10.3.1/../../../../arm-none-eabi/lib/thumb/v6-m/nofp\libg.a(lib_a-mlock.o)
                0x1000fb04                __malloc_lock
 .text.__malloc_unlock
                0x1000fb14       0x10 c:/progra~1/raspbe~1/picosd~1.1/gcc-ar~1/bin/../lib/gcc/arm-none-eabi/10.3.1/../../../../arm-none-eabi/lib/thumb/v6-m/nofp\libg.a(lib_a-mlock.o)
                0x1000fb14                __malloc_unlock
 .text._putc_r  0x1000fb24       0x74 c:/progra~1/raspbe~1/picosd~1.1/gcc-ar~1/bin/../lib/gcc/arm-none-eabi/10.3.1/../../../../arm-none-eabi/lib/thumb/v6-m/nofp\libg.a(lib_a-putc.o)
                0x1000fb24                _putc_r
 .text.realloc  0x1000fb98       0x18 c:/progra~1/raspbe~1/picosd~1.1/gcc-ar~1/bin/../lib/gcc/arm-none-eabi/10.3.1/../../../../arm-none-eabi/lib/thumb/v6-m/nofp\libg.a(lib_a-realloc.o)