Archive member included to satisfy reference by file (symbol)

c:/progra~1/raspbe~1/picosd~1.1/gcc-ar~1/bin/../lib/gcc/arm-none-eabi/10.3.1/../../../../arm-none-eabi/lib/thumb/v6-m/nofp\libstdc++.a(del_opv.o)
                              CMakeFiles/kalmantest.dir/MPU6050.cpp.obj (operator delete[](void*))
c:/progra~1/raspbe~1/picosd~1.1/gcc-ar~1/bin/../lib/gcc/arm-none-eabi/10.3.1/../../../../arm-none-eabi/lib/thumb/v6-m/nofp\libstdc++.a(eh_arm.o)
                              CMakeFiles/kalmantest.dir/main.cpp.obj (__cxa_end_cleanup)
c:/progra~1/raspbe~1/picosd~1.1/gcc-ar~1/bin/../lib/gcc/arm-none-eabi/10.3.1/../../../../arm-none-eabi/lib/thumb/v6-m/nofp\libstdc++.a(eh_aux_runtime.o)
                              CMakeFiles/kalmantest.dir/WS2812.cpp.obj (__cxa_throw_bad_array_new_length)
c:/progra~1/raspbe~1/picosd~1.1/gcc-ar~1/bin/../lib/gcc/arm-none-eabi/10.3.1/../../../../arm-none-eabi/lib/thumb/v6-m/nofp\libstdc++.a(eh_exception.o)
                              c:/progra~1/raspbe~1/picosd~1.1/gcc-ar~1/bin/../lib/gcc/arm-none-eabi/10.3.1/../../../../arm-none-eabi/lib/thumb/v6-m/nofp\libstdc++.a(eh_arm.o) (typeinfo for __cxxabiv1::__forced_unwind)
c:/progra~1/raspbe~1/picosd~1.1/gcc-ar~1/bin/../lib/gcc/arm-none-eabi/10.3.1/../../../../arm-none-eabi/lib/thumb/v6-m/nofp\libstdc++.a(eh_globals.o)
                              c:/progra~1/raspbe~1/picosd~1.1/gcc-ar~1/bin/../lib/gcc/arm-none-eabi/10.3.1/../../../../arm-none-eabi/lib/thumb/v6-m/nofp\libstdc++.a(eh_arm.o) (__cxa_get_globals)
c:/progra~1/raspbe~1/picosd~1.1/gcc-ar~1/bin/../lib/gcc/arm-none-eabi/10.3.1/../../../../arm-none-eabi/lib/thumb/v6-m/nofp\libstdc++.a(eh_personality.o)
                              CMakeFiles/kalmantest.dir/main.cpp.obj (__gxx_personality_v0)
c:/progra~1/raspbe~1/picosd~1.1/gcc-ar~1/bin/../lib/gcc/arm-none-eabi/10.3.1/../../../../arm-none-eabi/lib/thumb/v6-m/nofp\libstdc++.a(eh_terminate.o)
                              c:/progra~1/raspbe~1/picosd~1.1/gcc-ar~1/bin/../lib/gcc/arm-none-eabi/10.3.1/../../../../arm-none-eabi/lib/thumb/v6-m/nofp\libstdc++.a(eh_arm.o) (std::terminate())
c:/progra~1/raspbe~1/picosd~1.1/gcc-ar~1/bin/../lib/gcc/arm-none-eabi/10.3.1/../../../../arm-none-eabi/lib/thumb/v6-m/nofp\libstdc++.a(eh_throw.o)
                              c:/progra~1/raspbe~1/picosd~1.1/gcc-ar~1/bin/../lib/gcc/arm-none-eabi/10.3.1/../../../../arm-none-eabi/lib/thumb/v6-m/nofp\libstdc++.a(eh_aux_runtime.o) (__cxa_throw)
c:/progra~1/raspbe~1/picosd~1.1/gcc-ar~1/bin/../lib/gcc/arm-none-eabi/10.3.1/../../../../arm-none-eabi/lib/thumb/v6-m/nofp\libstdc++.a(eh_unex_handler.o)
                              c:/progra~1/raspbe~1/picosd~1.1/gcc-ar~1/bin/../lib/gcc/arm-none-eabi/10.3.1/../../../../arm-none-eabi/lib/thumb/v6-m/nofp\libstdc++.a(eh_terminate.o) (__cxxabiv1::__unexpected_handler)
c:/progra~1/raspbe~1/picosd~1.1/gcc-ar~1/bin/../lib/gcc/arm-none-eabi/10.3.1/../../../../arm-none-eabi/lib/thumb/v6-m/nofp\libstdc++.a(new_opv.o)
                              CMakeFiles/kalmantest.dir/WS2812.cpp.obj (operator new[](unsigned int))
c:/progra~1/raspbe~1/picosd~1.1/gcc-ar~1/bin/../lib/gcc/arm-none-eabi/10.3.1/../../../../arm-none-eabi/lib/thumb/v6-m/nofp\libstdc++.a(pure.o)
                              c:/progra~1/raspbe~1/picosd~1.1/gcc-ar~1/bin/../lib/gcc/arm-none-eabi/10.3.1/../../../../arm-none-eabi/lib/thumb/v6-m/nofp\libstdc++.a(eh_exception.o) (__cxa_pure_virtual)
c:/progra~1/raspbe~1/picosd~1.1/gcc-ar~1/bin/../lib/gcc/arm-none-eabi/10.3.1/../../../../arm-none-eabi/lib/thumb/v6-m/nofp\libstdc++.a(si_class_type_info.o)
                              c:/progra~1/raspbe~1/picosd~1.1/gcc-ar~1/bin/../lib/gcc/arm-none-eabi/10.3.1/../../../../arm-none-eabi/lib/thumb/v6-m/nofp\libstdc++.a(eh_exception.o) (vtable for __cxxabiv1::__si_class_type_info)
c:/progra~1/raspbe~1/picosd~1.1/gcc-ar~1/bin/../lib/gcc/arm-none-eabi/10.3.1/../../../../arm-none-eabi/lib/thumb/v6-m/nofp\libstdc++.a(tinfo.o)
                              c:/progra~1/raspbe~1/picosd~1.1/gcc-ar~1/bin/../lib/gcc/arm-none-eabi/10.3.1/../../../../arm-none-eabi/lib/thumb/v6-m/nofp\libstdc++.a(si_class_type_info.o) (std::type_info::__is_pointer_p() const)
c:/progra~1/raspbe~1/picosd~1.1/gcc-ar~1/bin/../lib/gcc/arm-none-eabi/10.3.1/../../../../arm-none-eabi/lib/thumb/v6-m/nofp\libstdc++.a(vterminate.o)
                              c:/progra~1/raspbe~1/picosd~1.1/gcc-ar~1/bin/../lib/gcc/arm-none-eabi/10.3.1/../../../../arm-none-eabi/lib/thumb/v6-m/nofp\libstdc++.a(eh_terminate.o) (__gnu_cxx::__verbose_terminate_handler())
c:/progra~1/raspbe~1/picosd~1.1/gcc-ar~1/bin/../lib/gcc/arm-none-eabi/10.3.1/../../../../arm-none-eabi/lib/thumb/v6-m/nofp\libstdc++.a(bad_array_new.o)
                              c:/progra~1/raspbe~1/picosd~1.1/gcc-ar~1/bin/../lib/gcc/arm-none-eabi/10.3.1/../../../../arm-none-eabi/lib/thumb/v6-m/nofp\libstdc++.a(eh_aux_runtime.o) (std::bad_array_new_length::~bad_array_new_length())
[...]
Memory Configuration

Name             Origin             Length             Attributes
FLASH            0x10000000         0x00200000         xr
RAM              0x20000000         0x00040000         xrw
SCRATCH_X        0x20040000         0x00001000         xrw
SCRATCH_Y        0x20041000         0x00001000         xrw
*default*        0x00000000         0xffffffff

Linker script and memory map

LOAD c:/progra~1/raspbe~1/picosd~1.1/gcc-ar~1/bin/../lib/gcc/arm-none-eabi/10.3.1/thumb/v6-m/nofp/crti.o
LOAD c:/progra~1/raspbe~1/picosd~1.1/gcc-ar~1/bin/../lib/gcc/arm-none-eabi/10.3.1/thumb/v6-m/nofp/crtbegin.o
LOAD c:/progra~1/raspbe~1/picosd~1.1/gcc-ar~1/bin/../lib/gcc/arm-none-eabi/10.3.1/../../../../arm-none-eabi/lib/thumb/v6-m/nofp/crt0.o

.flash_begin    0x10000000        0x0
                0x10000000                __flash_binary_start = .

.boot2          0x10000000      0x100
                0x10000000                __boot2_start__ = .
 *(.boot2)
 .boot2         0x10000000      0x100 C:\Users\nicol\AppData\Local\Temp\ccslqg4G.o
                0x10000100                __boot2_end__ = .
                0x00000001                ASSERT (((__boot2_end__ - __boot2_start__) == 0x100), ERROR: Pico second stage bootloader must be 256 bytes in size)

.text           0x10000100    0x11288
                0x10000100                __logical_binary_start = .
 *(.vectors)
 .vectors       0x10000100       0xd4 CMakeFiles/kalmantest.dir/C_/Program_Files/Raspberry_Pi/Pico_SDK_v1.5.1/pico-sdk/src/rp2_common/pico_standard_link/crt0.S.obj
                0x10000100                __VECTOR_TABLE
                0x10000100                __vectors
                0x100001c0                isr_invalid
                0x100001c0                __default_isrs_start
                0x100001c2                isr_nmi
                0x100001c4                isr_hardfault
                0x100001c6                isr_svcall
                0x100001c8                isr_pendsv
                0x100001ca                isr_systick
                0x100001cc                isr_irq23
                0x100001cc                isr_irq18
                0x100001cc                isr_irq11
                0x100001cc                isr_irq28
                0x100001cc                isr_irq19
                0x100001cc                isr_irq0
                0x100001cc                isr_irq6
                0x100001cc                isr_irq5
                0x100001cc                isr_irq12
                0x100001cc                isr_irq22
                0x100001cc                isr_irq31
                0x100001cc                isr_irq17
                0x100001cc                isr_irq27
                0x100001cc                isr_irq30
                0x100001cc                isr_irq2
                0x100001cc                isr_irq10
                0x100001cc                isr_irq8
                0x100001cc                isr_irq24
                0x100001cc                isr_irq1
                0x100001cc                isr_irq7
                0x100001cc                isr_irq21
                0x100001cc                isr_irq20
                0x100001cc                isr_irq15
                0x100001cc                isr_irq25
                0x100001cc                isr_irq13
                0x100001cc                __unhandled_user_irq
                0x100001cc                isr_irq4
                0x100001cc                isr_irq16
                0x100001cc                isr_irq29
                0x100001cc                isr_irq26
                0x100001cc                __default_isrs_end
                0x100001cc                isr_irq3
                0x100001cc                isr_irq14
                0x100001cc                isr_irq9
                0x100001d2                unhandled_user_irq_num_in_r0
 *(.binary_info_header)
 .binary_info_header
                0x100001d4       0x14 CMakeFiles/kalmantest.dir/C_/Program_Files/Raspberry_Pi/Pico_SDK_v1.5.1/pico-sdk/src/rp2_common/pico_standard_link/crt0.S.obj
                0x100001e8                __binary_info_header_end = .
 *(.reset)
 .reset         0x100001e8       0xa0 CMakeFiles/kalmantest.dir/C_/Program_Files/Raspberry_Pi/Pico_SDK_v1.5.1/pico-sdk/src/rp2_common/pico_standard_link/crt0.S.obj
                0x100001e8                _entry_point
 .reset         0x10000288       0x30 CMakeFiles/kalmantest.dir/C_/Program_Files/Raspberry_Pi/Pico_SDK_v1.5.1/pico-sdk/src/rp2_common/pico_standard_link/binary_info.c.obj
 *(.init)
 .init          0x100002b8        0x4 c:/progra~1/raspbe~1/picosd~1.1/gcc-ar~1/bin/../lib/gcc/arm-none-eabi/10.3.1/thumb/v6-m/nofp/crti.o
                0x100002b8                _init
 *(EXCLUDE_FILE(*libm.a: *libc.a:*lib_a-mem*.o *libgcc.a:) .text*)
 .text          0x100002bc       0x48 c:/progra~1/raspbe~1/picosd~1.1/gcc-ar~1/bin/../lib/gcc/arm-none-eabi/10.3.1/thumb/v6-m/nofp/crtbegin.o
 .text.main     0x10000304       0xf4 CMakeFiles/kalmantest.dir/main.cpp.obj
                0x10000304                main
 .text._ZN6WS2812D2Ev
                0x100003f8        0x2 CMakeFiles/kalmantest.dir/WS2812.cpp.obj
                0x100003f8                WS2812::~WS2812()
                0x100003f8                WS2812::~WS2812()
 *fill*         0x100003fa        0x2 
 .text._ZN6WS281210initializeEjjP8pio_hw_tjNS_8DataByteES2_S2_S2_
                0x100003fc      0x16c CMakeFiles/kalmantest.dir/WS2812.cpp.obj
                0x100003fc                WS2812::initialize(unsigned int, unsigned int, pio_hw_t*, unsigned int, WS2812::DataByte, WS2812::DataByte, WS2812::DataByte, WS2812::DataByte)
 .text._ZN6WS2812C2EjjP8pio_hw_tjNS_10DataFormatE
                0x10000568       0x6c CMakeFiles/kalmantest.dir/WS2812.cpp.obj
                0x10000568                WS2812::WS2812(unsigned int, unsigned int, pio_hw_t*, unsigned int, WS2812::DataFormat)
                0x10000568                WS2812::WS2812(unsigned int, unsigned int, pio_hw_t*, unsigned int, WS2812::DataFormat)
 .text._ZN6WS281211convertDataEm
                0x100005d4       0x4a CMakeFiles/kalmantest.dir/WS2812.cpp.obj
                0x100005d4                WS2812::convertData(unsigned long)
 .text._ZN6WS28124fillEmjj
                0x1000061e       0x26 CMakeFiles/kalmantest.dir/WS2812.cpp.obj
                0x1000061e                WS2812::fill(unsigned long, unsigned int, unsigned int)
 .text._ZN6WS28124fillEm
                0x10000644        0xc CMakeFiles/kalmantest.dir/WS2812.cpp.obj
                0x10000644                WS2812::fill(unsigned long)
 .text._ZN6WS28124showEv
                0x10000650       0x30 CMakeFiles/kalmantest.dir/WS2812.cpp.obj
                0x10000650                WS2812::show()
 .text._ZN7MPU605016readFromRegisterEhh
                0x10000680       0x4c CMakeFiles/kalmantest.dir/MPU6050.cpp.obj
                0x10000680                MPU6050::readFromRegister(unsigned char, unsigned char)
 .text._ZN7MPU605010updateDataEv
                0x100006cc       0x88 CMakeFiles/kalmantest.dir/MPU6050.cpp.obj
                0x100006cc                MPU6050::updateData()
 .text._ZN7MPU605015writeToRegisterEhh
                0x10000754       0x24 CMakeFiles/kalmantest.dir/MPU6050.cpp.obj
                0x10000754                MPU6050::writeToRegister(unsigned char, unsigned char)
 .text._ZN7MPU60504initEv
                0x10000778       0x22 CMakeFiles/kalmantest.dir/MPU6050.cpp.obj
                0x10000778                MPU6050::init()
 .text._ZN7MPU6050C2Eh
                0x1000079a       0x12 CMakeFiles/kalmantest.dir/MPU6050.cpp.obj
                0x1000079a                MPU6050::MPU6050(unsigned char)
                0x1000079a                MPU6050::MPU6050(unsigned char)
 .text._ZN7MPU605014testConnectionEv
                0x100007ac       0x28 CMakeFiles/kalmantest.dir/MPU6050.cpp.obj
                0x100007ac                MPU6050::testConnection()
 .text.gpio_set_function
                0x100007d4       0x30 CMakeFiles/kalmantest.dir/C_/Program_Files/Raspberry_Pi/Pico_SDK_v1.5.1/pico-sdk/src/rp2_common/hardware_gpio/gpio.c.obj
                0x100007d4                gpio_set_function
 .text.gpio_set_pulls
                0x10000804       0x34 CMakeFiles/kalmantest.dir/C_/Program_Files/Raspberry_Pi/Pico_SDK_v1.5.1/pico-sdk/src/rp2_common/hardware_gpio/gpio.c.obj
                0x10000804                gpio_set_pulls
 .text.running_on_fpga
                0x10000838       0x14 CMakeFiles/kalmantest.dir/C_/Program_Files/Raspberry_Pi/Pico_SDK_v1.5.1/pico-sdk/src/rp2_common/pico_platform/platform.c.obj
                0x10000838                running_on_fpga
 .text.hw_claim_lock
                0x1000084c       0x18 CMakeFiles/kalmantest.dir/C_/Program_Files/Raspberry_Pi/Pico_SDK_v1.5.1/pico-sdk/src/rp2_common/hardware_claim/claim.c.obj
                0x1000084c                hw_claim_lock
 .text.hw_claim_unlock
                0x10000864       0x14 CMakeFiles/kalmantest.dir/C_/Program_Files/Raspberry_Pi/Pico_SDK_v1.5.1/pico-sdk/src/rp2_common/hardware_claim/claim.c.obj
                0x10000864                hw_claim_unlock
 .text.hw_claim_or_assert
                0x10000878       0x32 CMakeFiles/kalmantest.dir/C_/Program_Files/Raspberry_Pi/Pico_SDK_v1.5.1/pico-sdk/src/rp2_common/hardware_claim/claim.c.obj
                0x10000878                hw_claim_or_assert
 .text.hw_claim_unused_from_range
                0x100008aa       0x50 CMakeFiles/kalmantest.dir/C_/Program_Files/Raspberry_Pi/Pico_SDK_v1.5.1/pico-sdk/src/rp2_common/hardware_claim/claim.c.obj
                0x100008aa                hw_claim_unused_from_range
 *fill*         0x100008fa        0x2 
 .text.spin_locks_reset
                0x100008fc       0x20 CMakeFiles/kalmantest.dir/C_/Program_Files/Raspberry_Pi/Pico_SDK_v1.5.1/pico-sdk/src/rp2_common/hardware_sync/sync.c.obj
                0x100008fc                spin_locks_reset
 .text.next_striped_spin_lock_num
                0x1000091c       0x1c CMakeFiles/kalmantest.dir/C_/Program_Files/Raspberry_Pi/Pico_SDK_v1.5.1/pico-sdk/src/rp2_common/hardware_sync/sync.c.obj
                0x1000091c                next_striped_spin_lock_num
 .text.spin_lock_claim_unused
                0x10000938       0x20 CMakeFiles/kalmantest.dir/C_/Program_Files/Raspberry_Pi/Pico_SDK_v1.5.1/pico-sdk/src/rp2_common/hardware_sync/sync.c.obj
                0x10000938                spin_lock_claim_unused
 .text.set_raw_irq_handler_and_unlock
                0x10000958       0x28 CMakeFiles/kalmantest.dir/C_/Program_Files/Raspberry_Pi/Pico_SDK_v1.5.1/pico-sdk/src/rp2_common/hardware_irq/irq.c.obj
 .text.make_branch
                0x10000980       0x48 CMakeFiles/kalmantest.dir/C_/Program_Files/Raspberry_Pi/Pico_SDK_v1.5.1/pico-sdk/src/rp2_common/hardware_irq/irq.c.obj
 .text.insert_branch_and_link
                0x100009c8       0x40 CMakeFiles/kalmantest.dir/C_/Program_Files/Raspberry_Pi/Pico_SDK_v1.5.1/pico-sdk/src/rp2_common/hardware_irq/irq.c.obj
 .text.irq_is_enabled
                0x10000a08       0x18 CMakeFiles/kalmantest.dir/C_/Program_Files/Raspberry_Pi/Pico_SDK_v1.5.1/pico-sdk/src/rp2_common/hardware_irq/irq.c.obj
                0x10000a08                irq_is_enabled
 .text.irq_set_mask_enabled
                0x10000a20       0x20 CMakeFiles/kalmantest.dir/C_/Program_Files/Raspberry_Pi/Pico_SDK_v1.5.1/pico-sdk/src/rp2_common/hardware_irq/irq.c.obj
                0x10000a20                irq_set_mask_enabled
 .text.irq_set_enabled
                0x10000a40        0xe CMakeFiles/kalmantest.dir/C_/Program_Files/Raspberry_Pi/Pico_SDK_v1.5.1/pico-sdk/src/rp2_common/hardware_irq/irq.c.obj
                0x10000a40                irq_set_enabled
 *fill*         0x10000a4e        0x2 
 .text.irq_set_pending
                0x10000a50       0x10 CMakeFiles/kalmantest.dir/C_/Program_Files/Raspberry_Pi/Pico_SDK_v1.5.1/pico-sdk/src/rp2_common/hardware_irq/irq.c.obj
                0x10000a50                irq_set_pending
 .text.irq_get_vtable_handler
                0x10000a60       0x10 CMakeFiles/kalmantest.dir/C_/Program_Files/Raspberry_Pi/Pico_SDK_v1.5.1/pico-sdk/src/rp2_common/hardware_irq/irq.c.obj
                0x10000a60                irq_get_vtable_handler
 .text.irq_has_shared_handler
                0x10000a70       0x24 CMakeFiles/kalmantest.dir/C_/Program_Files/Raspberry_Pi/Pico_SDK_v1.5.1/pico-sdk/src/rp2_common/hardware_irq/irq.c.obj
                0x10000a70                irq_has_shared_handler
 .text.irq_set_exclusive_handler
                0x10000a94       0x54 CMakeFiles/kalmantest.dir/C_/Program_Files/Raspberry_Pi/Pico_SDK_v1.5.1/pico-sdk/src/rp2_common/hardware_irq/irq.c.obj
                0x10000a94                irq_set_exclusive_handler
 .text.irq_add_shared_handler
                0x10000ae8      0x234 CMakeFiles/kalmantest.dir/C_/Program_Files/Raspberry_Pi/Pico_SDK_v1.5.1/pico-sdk/src/rp2_common/hardware_irq/irq.c.obj
                0x10000ae8                irq_add_shared_handler
 .text.irq_remove_handler
                0x10000d1c      0x1ac CMakeFiles/kalmantest.dir/C_/Program_Files/Raspberry_Pi/Pico_SDK_v1.5.1/pico-sdk/src/rp2_common/hardware_irq/irq.c.obj
                0x10000d1c                irq_remove_handler
 .text.irq_add_tail_to_free_list
                0x10000ec8       0xf0 CMakeFiles/kalmantest.dir/C_/Program_Files/Raspberry_Pi/Pico_SDK_v1.5.1/pico-sdk/src/rp2_common/hardware_irq/irq.c.obj
                0x10000ec8                irq_add_tail_to_free_list
 .text.irq_init_priorities
                0x10000fb8       0x1c CMakeFiles/kalmantest.dir/C_/Program_Files/Raspberry_Pi/Pico_SDK_v1.5.1/pico-sdk/src/rp2_common/hardware_irq/irq.c.obj
                0x10000fb8                irq_init_priorities
 .text.user_irq_claim_unused
                0x10000fd4       0x28 CMakeFiles/kalmantest.dir/C_/Program_Files/Raspberry_Pi/Pico_SDK_v1.5.1/pico-sdk/src/rp2_common/hardware_irq/irq.c.obj
                0x10000fd4                user_irq_claim_unused
 .text.lock_init
                0x10000ffc       0x10 CMakeFiles/kalmantest.dir/C_/Program_Files/Raspberry_Pi/Pico_SDK_v1.5.1/pico-sdk/src/common/pico_sync/lock_core.c.obj
                0x10000ffc                lock_init
 .text.mutex_init
                0x1000100c       0x1a CMakeFiles/kalmantest.dir/C_/Program_Files/Raspberry_Pi/Pico_SDK_v1.5.1/pico-sdk/src/common/pico_sync/mutex.c.obj
                0x1000100c                mutex_init
 .text.recursive_mutex_init
                0x10001026       0x1e CMakeFiles/kalmantest.dir/C_/Program_Files/Raspberry_Pi/Pico_SDK_v1.5.1/pico-sdk/src/common/pico_sync/mutex.c.obj
                0x10001026                recursive_mutex_init
 .text.critical_section_init_with_lock_num
                0x10001044       0x14 CMakeFiles/kalmantest.dir/C_/Program_Files/Raspberry_Pi/Pico_SDK_v1.5.1/pico-sdk/src/common/pico_sync/critical_section.c.obj
                0x10001044                critical_section_init_with_lock_num
 .text.critical_section_init
                0x10001058       0x14 CMakeFiles/kalmantest.dir/C_/Program_Files/Raspberry_Pi/Pico_SDK_v1.5.1/pico-sdk/src/common/pico_sync/critical_section.c.obj
                0x10001058                critical_section_init
 .text.alarm_pool_post_alloc_init
                0x1000106c       0x40 CMakeFiles/kalmantest.dir/C_/Program_Files/Raspberry_Pi/Pico_SDK_v1.5.1/pico-sdk/src/common/pico_time/time.c.obj
 .text.sleep_until_callback
                0x100010ac       0x30 CMakeFiles/kalmantest.dir/C_/Program_Files/Raspberry_Pi/Pico_SDK_v1.5.1/pico-sdk/src/common/pico_time/time.c.obj
 .text.timer_pool_entry_comparator
                0x100010dc       0x7c CMakeFiles/kalmantest.dir/C_/Program_Files/Raspberry_Pi/Pico_SDK_v1.5.1/pico-sdk/src/common/pico_time/time.c.obj
                0x100010dc                timer_pool_entry_comparator
 .text.ph_add_child_node
                0x10001158       0xa4 CMakeFiles/kalmantest.dir/C_/Program_Files/Raspberry_Pi/Pico_SDK_v1.5.1/pico-sdk/src/common/pico_time/time.c.obj
 .text.ph_merge_nodes
                0x100011fc       0x3e CMakeFiles/kalmantest.dir/C_/Program_Files/Raspberry_Pi/Pico_SDK_v1.5.1/pico-sdk/src/common/pico_time/time.c.obj
 *fill*         0x1000123a        0x2 
 .text.add_alarm_under_lock
                0x1000123c      0x174 CMakeFiles/kalmantest.dir/C_/Program_Files/Raspberry_Pi/Pico_SDK_v1.5.1/pico-sdk/src/common/pico_time/time.c.obj
 .text.alarm_pool_alarm_callback
                0x100013b0      0x33c CMakeFiles/kalmantest.dir/C_/Program_Files/Raspberry_Pi/Pico_SDK_v1.5.1/pico-sdk/src/common/pico_time/time.c.obj
 .text.alarm_pool_init_default
                0x100016ec       0x40 CMakeFiles/kalmantest.dir/C_/Program_Files/Raspberry_Pi/Pico_SDK_v1.5.1/pico-sdk/src/common/pico_time/time.c.obj
                0x100016ec                alarm_pool_init_default
 .text.alarm_pool_get_default
                0x1000172c       0x2c CMakeFiles/kalmantest.dir/C_/Program_Files/Raspberry_Pi/Pico_SDK_v1.5.1/pico-sdk/src/common/pico_time/time.c.obj
                0x1000172c                alarm_pool_get_default
 .text.alarm_pool_add_alarm_at
                0x10001758      0x168 CMakeFiles/kalmantest.dir/C_/Program_Files/Raspberry_Pi/Pico_SDK_v1.5.1/pico-sdk/src/common/pico_time/time.c.obj
                0x10001758                alarm_pool_add_alarm_at
 .text.alarm_pool_cancel_alarm
                0x100018c0       0xf8 CMakeFiles/kalmantest.dir/C_/Program_Files/Raspberry_Pi/Pico_SDK_v1.5.1/pico-sdk/src/common/pico_time/time.c.obj
                0x100018c0                alarm_pool_cancel_alarm
 .text.alarm_pool_core_num
                0x100019b8        0x4 CMakeFiles/kalmantest.dir/C_/Program_Files/Raspberry_Pi/Pico_SDK_v1.5.1/pico-sdk/src/common/pico_time/time.c.obj
                0x100019b8                alarm_pool_core_num
 .text.sleep_until
                0x100019bc       0xfc CMakeFiles/kalmantest.dir/C_/Program_Files/Raspberry_Pi/Pico_SDK_v1.5.1/pico-sdk/src/common/pico_time/time.c.obj
                0x100019bc                sleep_until
 .text.sleep_us
                0x10001ab8       0x58 CMakeFiles/kalmantest.dir/C_/Program_Files/Raspberry_Pi/Pico_SDK_v1.5.1/pico-sdk/src/common/pico_time/time.c.obj
                0x10001ab8                sleep_us
 .text.sleep_ms
                0x10001b10       0x14 CMakeFiles/kalmantest.dir/C_/Program_Files/Raspberry_Pi/Pico_SDK_v1.5.1/pico-sdk/src/common/pico_time/time.c.obj
                0x10001b10                sleep_ms
 .text.best_effort_wfe_or_timeout
                0x10001b24       0xac CMakeFiles/kalmantest.dir/C_/Program_Files/Raspberry_Pi/Pico_SDK_v1.5.1/pico-sdk/src/common/pico_time/time.c.obj
                0x10001b24                best_effort_wfe_or_timeout
 .text.hardware_alarm_irq_handler
                0x10001bd0       0x90 CMakeFiles/kalmantest.dir/C_/Program_Files/Raspberry_Pi/Pico_SDK_v1.5.1/pico-sdk/src/rp2_common/hardware_timer/timer.c.obj
 .text.hardware_alarm_claim
                0x10001c60       0x18 CMakeFiles/kalmantest.dir/C_/Program_Files/Raspberry_Pi/Pico_SDK_v1.5.1/pico-sdk/src/rp2_common/hardware_timer/timer.c.obj
                0x10001c60                hardware_alarm_claim
 .text.time_us_64
                0x10001c78       0x18 CMakeFiles/kalmantest.dir/C_/Program_Files/Raspberry_Pi/Pico_SDK_v1.5.1/pico-sdk/src/rp2_common/hardware_timer/timer.c.obj
                0x10001c78                time_us_64
 .text.busy_wait_until
                0x10001c90       0x28 CMakeFiles/kalmantest.dir/C_/Program_Files/Raspberry_Pi/Pico_SDK_v1.5.1/pico-sdk/src/rp2_common/hardware_timer/timer.c.obj
                0x10001c90                busy_wait_until
 .text.busy_wait_us
                0x10001cb8       0x48 CMakeFiles/kalmantest.dir/C_/Program_Files/Raspberry_Pi/Pico_SDK_v1.5.1/pico-sdk/src/rp2_common/hardware_timer/timer.c.obj
                0x10001cb8                busy_wait_us
 .text.hardware_alarm_set_callback
                0x10001d00       0x90 CMakeFiles/kalmantest.dir/C_/Program_Files/Raspberry_Pi/Pico_SDK_v1.5.1/pico-sdk/src/rp2_common/hardware_timer/timer.c.obj
                0x10001d00                hardware_alarm_set_callback
 .text.hardware_alarm_set_target
                0x10001d90       0xe8 CMakeFiles/kalmantest.dir/C_/Program_Files/Raspberry_Pi/Pico_SDK_v1.5.1/pico-sdk/src/rp2_common/hardware_timer/timer.c.obj
                0x10001d90                hardware_alarm_set_target
 .text.hardware_alarm_cancel
                0x10001e78       0x40 CMakeFiles/kalmantest.dir/C_/Program_Files/Raspberry_Pi/Pico_SDK_v1.5.1/pico-sdk/src/rp2_common/hardware_timer/timer.c.obj
                0x10001e78                hardware_alarm_cancel
 .text.ph_add_child_node
                0x10001eb8       0xa4 CMakeFiles/kalmantest.dir/C_/Program_Files/Raspberry_Pi/Pico_SDK_v1.5.1/pico-sdk/src/common/pico_util/pheap.c.obj
 .text.ph_merge_nodes
                0x10001f5c       0x3e CMakeFiles/kalmantest.dir/C_/Program_Files/Raspberry_Pi/Pico_SDK_v1.5.1/pico-sdk/src/common/pico_util/pheap.c.obj
 *fill*         0x10001f9a        0x2 
 .text.ph_clear
                0x10001f9c       0x70 CMakeFiles/kalmantest.dir/C_/Program_Files/Raspberry_Pi/Pico_SDK_v1.5.1/pico-sdk/src/common/pico_util/pheap.c.obj
                0x10001f9c                ph_clear
 .text.ph_post_alloc_init
                0x1000200c        0xe CMakeFiles/kalmantest.dir/C_/Program_Files/Raspberry_Pi/Pico_SDK_v1.5.1/pico-sdk/src/common/pico_util/pheap.c.obj
                0x1000200c                ph_post_alloc_init
 *fill*         0x1000201a        0x2 
 .text.ph_merge_two_pass
                0x1000201c       0xa8 CMakeFiles/kalmantest.dir/C_/Program_Files/Raspberry_Pi/Pico_SDK_v1.5.1/pico-sdk/src/common/pico_util/pheap.c.obj
                0x1000201c                ph_merge_two_pass
 .text.ph_remove_any_head
                0x100020c4      0x128 CMakeFiles/kalmantest.dir/C_/Program_Files/Raspberry_Pi/Pico_SDK_v1.5.1/pico-sdk/src/common/pico_util/pheap.c.obj
 .text.ph_remove_head
                0x100021ec       0x14 CMakeFiles/kalmantest.dir/C_/Program_Files/Raspberry_Pi/Pico_SDK_v1.5.1/pico-sdk/src/common/pico_util/pheap.c.obj
                0x100021ec                ph_remove_head
 .text.ph_remove_and_free_node
                0x10002200       0xf8 CMakeFiles/kalmantest.dir/C_/Program_Files/Raspberry_Pi/Pico_SDK_v1.5.1/pico-sdk/src/common/pico_util/pheap.c.obj
                0x10002200                ph_remove_and_free_node
 .text.clock_configure
                0x100022f8      0x108 CMakeFiles/kalmantest.dir/C_/Program_Files/Raspberry_Pi/Pico_SDK_v1.5.1/pico-sdk/src/rp2_common/hardware_clocks/clocks.c.obj
                0x100022f8                clock_configure
 .text.clocks_init
                0x10002400      0x100 CMakeFiles/kalmantest.dir/C_/Program_Files/Raspberry_Pi/Pico_SDK_v1.5.1/pico-sdk/src/rp2_common/hardware_clocks/clocks.c.obj
                0x10002400                clocks_init
 .text.clock_get_hz
                0x10002500        0xc CMakeFiles/kalmantest.dir/C_/Program_Files/Raspberry_Pi/Pico_SDK_v1.5.1/pico-sdk/src/rp2_common/hardware_clocks/clocks.c.obj
                0x10002500                clock_get_hz
 .text.pll_init
                0x1000250c      0x120 CMakeFiles/kalmantest.dir/C_/Program_Files/Raspberry_Pi/Pico_SDK_v1.5.1/pico-sdk/src/rp2_common/hardware_pll/pll.c.obj
                0x1000250c                pll_init
 .text.watchdog_start_tick
                0x1000262c       0x10 CMakeFiles/kalmantest.dir/C_/Program_Files/Raspberry_Pi/Pico_SDK_v1.5.1/pico-sdk/src/rp2_common/hardware_watchdog/watchdog.c.obj
                0x1000262c                watchdog_start_tick
 .text.watchdog_update
                0x1000263c       0x14 CMakeFiles/kalmantest.dir/C_/Program_Files/Raspberry_Pi/Pico_SDK_v1.5.1/pico-sdk/src/rp2_common/hardware_watchdog/watchdog.c.obj
                0x1000263c                watchdog_update
 .text._watchdog_enable
                0x10002650       0x78 CMakeFiles/kalmantest.dir/C_/Program_Files/Raspberry_Pi/Pico_SDK_v1.5.1/pico-sdk/src/rp2_common/hardware_watchdog/watchdog.c.obj
                0x10002650                _watchdog_enable
 .text.watchdog_reboot
                0x100026c8       0x48 CMakeFiles/kalmantest.dir/C_/Program_Files/Raspberry_Pi/Pico_SDK_v1.5.1/pico-sdk/src/rp2_common/hardware_watchdog/watchdog.c.obj
                0x100026c8                watchdog_reboot
 .text.xosc_init
                0x10002710       0x28 CMakeFiles/kalmantest.dir/C_/Program_Files/Raspberry_Pi/Pico_SDK_v1.5.1/pico-sdk/src/rp2_common/hardware_xosc/xosc.c.obj
                0x10002710                xosc_init
 .text._exit    0x10002738        0x4 CMakeFiles/kalmantest.dir/C_/Program_Files/Raspberry_Pi/Pico_SDK_v1.5.1/pico-sdk/src/rp2_common/pico_runtime/runtime.c.obj
                0x10002738                _exit
 .text._sbrk    0x1000273c       0x38 CMakeFiles/kalmantest.dir/C_/Program_Files/Raspberry_Pi/Pico_SDK_v1.5.1/pico-sdk/src/rp2_common/pico_runtime/runtime.c.obj
                0x1000273c                _sbrk
 .text._getpid  0x10002774        0x4 CMakeFiles/kalmantest.dir/C_/Program_Files/Raspberry_Pi/Pico_SDK_v1.5.1/pico-sdk/src/rp2_common/pico_runtime/runtime.c.obj
                0x10002774                _getpid
 .text._kill    0x10002778        0x6 CMakeFiles/kalmantest.dir/C_/Program_Files/Raspberry_Pi/Pico_SDK_v1.5.1/pico-sdk/src/rp2_common/pico_runtime/runtime.c.obj
                0x10002778                _kill
 .text.exit     0x1000277e        0x6 CMakeFiles/kalmantest.dir/C_/Program_Files/Raspberry_Pi/Pico_SDK_v1.5.1/pico-sdk/src/rp2_common/pico_runtime/runtime.c.obj
                0x1000277e                exit
 .text.__assert_func
                0x10002784       0x3c CMakeFiles/kalmantest.dir/C_/Program_Files/Raspberry_Pi/Pico_SDK_v1.5.1/pico-sdk/src/rp2_common/pico_runtime/runtime.c.obj
                0x10002784                __assert_func
 .text.runtime_init
                0x100027c0       0xf8 CMakeFiles/kalmantest.dir/C_/Program_Files/Raspberry_Pi/Pico_SDK_v1.5.1/pico-sdk/src/rp2_common/pico_runtime/runtime.c.obj
                0x100027c0                runtime_init
 .text.panic    0x100028b8       0x30 CMakeFiles/kalmantest.dir/C_/Program_Files/Raspberry_Pi/Pico_SDK_v1.5.1/pico-sdk/src/rp2_common/pico_runtime/runtime.c.obj
                0x100028b8                panic
 .text._out_buffer
                0x100028e8        0x8 CMakeFiles/kalmantest.dir/C_/Program_Files/Raspberry_Pi/Pico_SDK_v1.5.1/pico-sdk/src/rp2_common/pico_printf/printf.c.obj
 .text._out_null
                0x100028f0        0x2 CMakeFiles/kalmantest.dir/C_/Program_Files/Raspberry_Pi/Pico_SDK_v1.5.1/pico-sdk/src/rp2_common/pico_printf/printf.c.obj
 .text._out_fct
                0x100028f2        0xe CMakeFiles/kalmantest.dir/C_/Program_Files/Raspberry_Pi/Pico_SDK_v1.5.1/pico-sdk/src/rp2_common/pico_printf/printf.c.obj
 .text._atoi    0x10002900       0x24 CMakeFiles/kalmantest.dir/C_/Program_Files/Raspberry_Pi/Pico_SDK_v1.5.1/pico-sdk/src/rp2_common/pico_printf/printf.c.obj
 .text._out_rev
                0x10002924       0xae CMakeFiles/kalmantest.dir/C_/Program_Files/Raspberry_Pi/Pico_SDK_v1.5.1/pico-sdk/src/rp2_common/pico_printf/printf.c.obj
 .text._ntoa_format
                0x100029d2      0x112 CMakeFiles/kalmantest.dir/C_/Program_Files/Raspberry_Pi/Pico_SDK_v1.5.1/pico-sdk/src/rp2_common/pico_printf/printf.c.obj
 .text._ntoa_long
                0x10002ae4       0xbc CMakeFiles/kalmantest.dir/C_/Program_Files/Raspberry_Pi/Pico_SDK_v1.5.1/pico-sdk/src/rp2_common/pico_printf/printf.c.obj
 .text._ntoa_long_long
                0x10002ba0       0xe2 CMakeFiles/kalmantest.dir/C_/Program_Files/Raspberry_Pi/Pico_SDK_v1.5.1/pico-sdk/src/rp2_common/pico_printf/printf.c.obj
 *fill*         0x10002c82        0x2 
 .text._etoa    0x10002c84      0x414 CMakeFiles/kalmantest.dir/C_/Program_Files/Raspberry_Pi/Pico_SDK_v1.5.1/pico-sdk/src/rp2_common/pico_printf/printf.c.obj
 .text._ftoa    0x10003098      0x354 CMakeFiles/kalmantest.dir/C_/Program_Files/Raspberry_Pi/Pico_SDK_v1.5.1/pico-sdk/src/rp2_common/pico_printf/printf.c.obj
 .text._vsnprintf
                0x100033ec      0x624 CMakeFiles/kalmantest.dir/C_/Program_Files/Raspberry_Pi/Pico_SDK_v1.5.1/pico-sdk/src/rp2_common/pico_printf/printf.c.obj
 .text.__wrap_sprintf
                0x10003a10       0x28 CMakeFiles/kalmantest.dir/C_/Program_Files/Raspberry_Pi/Pico_SDK_v1.5.1/pico-sdk/src/rp2_common/pico_printf/printf.c.obj
                0x10003a10                __wrap_sprintf
 .text.vfctprintf
                0x10003a38       0x20 CMakeFiles/kalmantest.dir/C_/Program_Files/Raspberry_Pi/Pico_SDK_v1.5.1/pico-sdk/src/rp2_common/pico_printf/printf.c.obj
                0x10003a38                vfctprintf
 .text          0x10003a58       0x10 CMakeFiles/kalmantest.dir/C_/Program_Files/Raspberry_Pi/Pico_SDK_v1.5.1/pico-sdk/src/rp2_common/pico_bit_ops/bit_ops_aeabi.S.obj
 .text.rom_func_lookup
                0x10003a68       0x10 CMakeFiles/kalmantest.dir/C_/Program_Files/Raspberry_Pi/Pico_SDK_v1.5.1/pico-sdk/src/rp2_common/pico_bootrom/bootrom.c.obj
                0x10003a68                rom_func_lookup
 .text.rom_data_lookup
                0x10003a78       0x10 CMakeFiles/kalmantest.dir/C_/Program_Files/Raspberry_Pi/Pico_SDK_v1.5.1/pico-sdk/src/rp2_common/pico_bootrom/bootrom.c.obj
                0x10003a78                rom_data_lookup
 .text.rom_funcs_lookup
                0x10003a88       0x36 CMakeFiles/kalmantest.dir/C_/Program_Files/Raspberry_Pi/Pico_SDK_v1.5.1/pico-sdk/src/rp2_common/pico_bootrom/bootrom.c.obj
                0x10003a88                rom_funcs_lookup
 *fill*         0x10003abe        0x2 
 .text.__wrap___aeabi_idiv
                0x10003ac0       0x50 CMakeFiles/kalmantest.dir/C_/Program_Files/Raspberry_Pi/Pico_SDK_v1.5.1/pico-sdk/src/rp2_common/pico_divider/divider.S.obj
                0x10003ac0                __wrap___aeabi_idivmod
                0x10003ac0                divmod_s32s32
                0x10003ac0                div_s32s32
                0x10003ac0                __wrap___aeabi_idiv
                0x10003ac8                divmod_s32s32_unsafe
                0x10003af4                divmod_s32s32_savestate
 .text.__wrap___aeabi_uidiv
                0x10003b10       0x4c CMakeFiles/kalmantest.dir/C_/Program_Files/Raspberry_Pi/Pico_SDK_v1.5.1/pico-sdk/src/rp2_common/pico_divider/divider.S.obj
                0x10003b10                __wrap___aeabi_uidiv
                0x10003b10                __wrap___aeabi_uidivmod
                0x10003b10                div_u32u32
                0x10003b10                divmod_u32u32
                0x10003b18                divmod_u32u32_unsafe
                0x10003b40                divmod_u32u32_savestate
 .text.__wrap___aeabi_ldiv
                0x10003b5c      0x424 CMakeFiles/kalmantest.dir/C_/Program_Files/Raspberry_Pi/Pico_SDK_v1.5.1/pico-sdk/src/rp2_common/pico_divider/divider.S.obj
                0x10003b5c                div_s64s64
                0x10003b5c                divmod_s64s64
                0x10003b5c                __wrap___aeabi_ldivmod
                0x10003b8c                divmod_u64u64
                0x10003b8c                div_u64u64
                0x10003b8c                __wrap___aeabi_uldivmod
                0x10003b9c                divmod_u64u64_savestate
                0x10003bbc                divmod_s64s64_unsafe
                0x10003c44                divmod_u64u64_unsafe
 .text.__wrap___aeabi_darithmetic
                0x10003f80       0x80 CMakeFiles/kalmantest.dir/C_/Program_Files/Raspberry_Pi/Pico_SDK_v1.5.1/pico-sdk/src/rp2_common/pico_double/double_aeabi.S.obj
                0x10003f80                __wrap___aeabi_drsub
                0x10003f86                __wrap___aeabi_dsub
                0x10003f98                __wrap___aeabi_dadd
                0x10003faa                __wrap___aeabi_ddiv
                0x10003fe6                __wrap___aeabi_dmul
 .text.__wrap___aeabi_cdcmple
                0x10004000       0x6c CMakeFiles/kalmantest.dir/C_/Program_Files/Raspberry_Pi/Pico_SDK_v1.5.1/pico-sdk/src/rp2_common/pico_double/double_aeabi.S.obj
                0x10004000                __wrap___aeabi_cdrcmple
                0x10004010                __wrap___aeabi_cdcmpeq
                0x10004010                __wrap___aeabi_cdcmple
 .text.__wrap___aeabi_dcmplt
                0x1000406c        0xc CMakeFiles/kalmantest.dir/C_/Program_Files/Raspberry_Pi/Pico_SDK_v1.5.1/pico-sdk/src/rp2_common/pico_double/double_aeabi.S.obj
                0x1000406c                __wrap___aeabi_dcmplt
 .text.__wrap___aeabi_dcmple
                0x10004078       0x10 CMakeFiles/kalmantest.dir/C_/Program_Files/Raspberry_Pi/Pico_SDK_v1.5.1/pico-sdk/src/rp2_common/pico_double/double_aeabi.S.obj
                0x10004078                __wrap___aeabi_dcmple
 .text.__wrap___aeabi_dcmpge
                0x10004088       0x10 CMakeFiles/kalmantest.dir/C_/Program_Files/Raspberry_Pi/Pico_SDK_v1.5.1/pico-sdk/src/rp2_common/pico_double/double_aeabi.S.obj
                0x10004088                __wrap___aeabi_dcmpge
 .text.__wrap___aeabi_dcmpgt
                0x10004098        0xa CMakeFiles/kalmantest.dir/C_/Program_Files/Raspberry_Pi/Pico_SDK_v1.5.1/pico-sdk/src/rp2_common/pico_double/double_aeabi.S.obj
                0x10004098                __wrap___aeabi_dcmpgt
 .text.__wrap___aeabi_dcmpun
                0x100040a2       0x1c CMakeFiles/kalmantest.dir/C_/Program_Files/Raspberry_Pi/Pico_SDK_v1.5.1/pico-sdk/src/rp2_common/pico_double/double_aeabi.S.obj
                0x100040a2                __wrap___aeabi_dcmpun
 *fill*         0x100040be        0x2 
 .text.__wrap___aeabi_i2d
                0x100040c0       0x38 CMakeFiles/kalmantest.dir/C_/Program_Files/Raspberry_Pi/Pico_SDK_v1.5.1/pico-sdk/src/rp2_common/pico_double/double_aeabi.S.obj
                0x100040c0                __wrap___aeabi_ui2d
                0x100040c8                __wrap___aeabi_i2d
 .text.__wrap___aeabi_d2iz
                0x100040f8       0x48 CMakeFiles/kalmantest.dir/C_/Program_Files/Raspberry_Pi/Pico_SDK_v1.5.1/pico-sdk/src/rp2_common/pico_double/double_aeabi.S.obj
                0x100040f8                double2int_z
                0x100040f8                __wrap___aeabi_d2iz
 .text.__wrap___aeabi_d2uiz
                0x10004140       0x18 CMakeFiles/kalmantest.dir/C_/Program_Files/Raspberry_Pi/Pico_SDK_v1.5.1/pico-sdk/src/rp2_common/pico_double/double_aeabi.S.obj
                0x10004140                __wrap___aeabi_d2uiz
                0x10004140                double2uint
 .text.__wrap___aeabi_d2f
                0x10004158       0x18 CMakeFiles/kalmantest.dir/C_/Program_Files/Raspberry_Pi/Pico_SDK_v1.5.1/pico-sdk/src/rp2_common/pico_double/double_aeabi.S.obj
                0x10004158                __wrap___aeabi_d2f
 .text.__aeabi_double_init
                0x10004170       0xc8 CMakeFiles/kalmantest.dir/C_/Program_Files/Raspberry_Pi/Pico_SDK_v1.5.1/pico-sdk/src/rp2_common/pico_double/double_init_rom.c.obj
                0x10004170                __aeabi_double_init
 .text.double_table_shim_on_use_helper
                0x10004238       0x34 CMakeFiles/kalmantest.dir/C_/Program_Files/Raspberry_Pi/Pico_SDK_v1.5.1/pico-sdk/src/rp2_common/pico_double/double_v1_rom_shim.S.obj
                0x10004238                double_table_shim_on_use_helper
 .text.__wrap___aeabi_dsub
                0x1000426c       0x10 CMakeFiles/kalmantest.dir/C_/Program_Files/Raspberry_Pi/Pico_SDK_v1.5.1/pico-sdk/src/rp2_common/pico_double/double_v1_rom_shim.S.obj
                0x1000426c                drsub_shim
                0x10004272                dsub_shim
 .text.dadd_shim
                0x1000427c      0x15c CMakeFiles/kalmantest.dir/C_/Program_Files/Raspberry_Pi/Pico_SDK_v1.5.1/pico-sdk/src/rp2_common/pico_double/double_v1_rom_shim.S.obj
                0x1000427c                dadd_shim
 .text.dmul_shim
                0x100043d8      0x15c CMakeFiles/kalmantest.dir/C_/Program_Files/Raspberry_Pi/Pico_SDK_v1.5.1/pico-sdk/src/rp2_common/pico_double/double_v1_rom_shim.S.obj
                0x100043d8                dmul_shim
 .text.ddiv_shim
                0x10004534      0x1b0 CMakeFiles/kalmantest.dir/C_/Program_Files/Raspberry_Pi/Pico_SDK_v1.5.1/pico-sdk/src/rp2_common/pico_double/double_v1_rom_shim.S.obj
                0x10004534                ddiv_shim
 .text.double2uint_shim
                0x100046e4        0xe CMakeFiles/kalmantest.dir/C_/Program_Files/Raspberry_Pi/Pico_SDK_v1.5.1/pico-sdk/src/rp2_common/pico_double/double_v1_rom_shim.S.obj
                0x100046e4                double2uint_shim
                0x100046e6                double2ufix_shim
 *fill*         0x100046f2        0x2 
 .text.double2uint64_shim
                0x100046f4       0x70 CMakeFiles/kalmantest.dir/C_/Program_Files/Raspberry_Pi/Pico_SDK_v1.5.1/pico-sdk/src/rp2_common/pico_double/double_v1_rom_shim.S.obj
                0x100046f4                double2uint64_shim
                0x100046f6                double2ufix64_shim
                0x10004716                d2fix_a
 .text.double2float_shim
                0x10004764       0x5c CMakeFiles/kalmantest.dir/C_/Program_Files/Raspberry_Pi/Pico_SDK_v1.5.1/pico-sdk/src/rp2_common/pico_double/double_v1_rom_shim.S.obj
                0x10004764                double2float_shim
 .text.dunpacks
                0x100047c0       0x3c CMakeFiles/kalmantest.dir/C_/Program_Files/Raspberry_Pi/Pico_SDK_v1.5.1/pico-sdk/src/rp2_common/pico_double/double_v1_rom_shim.S.obj
                0x100047c0                dunpacks
 .text.__aeabi_lmul
                0x100047fc       0x32 CMakeFiles/kalmantest.dir/C_/Program_Files/Raspberry_Pi/Pico_SDK_v1.5.1/pico-sdk/src/rp2_common/pico_int64_ops/pico_int64_ops_aeabi.S.obj
                0x100047fc                __wrap___aeabi_lmul
 *fill*         0x1000482e        0x2 
 .text.__wrap___aeabi_farithmetic
                0x10004830       0x58 CMakeFiles/kalmantest.dir/C_/Program_Files/Raspberry_Pi/Pico_SDK_v1.5.1/pico-sdk/src/rp2_common/pico_float/float_aeabi.S.obj
                0x10004830                __wrap___aeabi_frsub
                0x10004836                __wrap___aeabi_fsub
                0x10004840                __wrap___aeabi_fadd
                0x1000484a                __wrap___aeabi_fdiv
                0x10004876                __wrap___aeabi_fmul
 .text.__wrap___aeabi_ui2f
                0x10004888        0xa CMakeFiles/kalmantest.dir/C_/Program_Files/Raspberry_Pi/Pico_SDK_v1.5.1/pico-sdk/src/rp2_common/pico_float/float_aeabi.S.obj
                0x10004888                __wrap___aeabi_ui2f
 *fill*         0x10004892        0x2 
 .text.__wrap___aeabi_i2f
                0x10004894       0x44 CMakeFiles/kalmantest.dir/C_/Program_Files/Raspberry_Pi/Pico_SDK_v1.5.1/pico-sdk/src/rp2_common/pico_float/float_aeabi.S.obj
                0x10004894                __wrap___aeabi_i2f
 .text.__wrap___aeabi_f2uiz
                0x100048d8       0x10 CMakeFiles/kalmantest.dir/C_/Program_Files/Raspberry_Pi/Pico_SDK_v1.5.1/pico-sdk/src/rp2_common/pico_float/float_aeabi.S.obj
                0x100048d8                __wrap___aeabi_f2uiz
 .text.__wrap___aeabi_f2d
                0x100048e8       0x14 CMakeFiles/kalmantest.dir/C_/Program_Files/Raspberry_Pi/Pico_SDK_v1.5.1/pico-sdk/src/rp2_common/pico_float/float_aeabi.S.obj
                0x100048e8                __wrap___aeabi_f2d
 .text.__aeabi_float_init
                0x100048fc       0xfc CMakeFiles/kalmantest.dir/C_/Program_Files/Raspberry_Pi/Pico_SDK_v1.5.1/pico-sdk/src/rp2_common/pico_float/float_init_rom.c.obj
                0x100048fc                __aeabi_float_init
 .text.float_table_shim_on_use_helper
                0x100049f8       0x34 CMakeFiles/kalmantest.dir/C_/Program_Files/Raspberry_Pi/Pico_SDK_v1.5.1/pico-sdk/src/rp2_common/pico_float/float_v1_rom_shim.S.obj
                0x100049f8                float_table_shim_on_use_helper
 .text.float2double_shim
                0x10004a2c       0x30 CMakeFiles/kalmantest.dir/C_/Program_Files/Raspberry_Pi/Pico_SDK_v1.5.1/pico-sdk/src/rp2_common/pico_float/float_v1_rom_shim.S.obj
                0x10004a2c                float2double_shim
 .text.__wrap_malloc
                0x10004a5c       0x24 CMakeFiles/kalmantest.dir/C_/Program_Files/Raspberry_Pi/Pico_SDK_v1.5.1/pico-sdk/src/rp2_common/pico_malloc/pico_malloc.c.obj
                0x10004a5c                __wrap_malloc
 .text.__wrap_realloc
                0x10004a80       0x24 CMakeFiles/kalmantest.dir/C_/Program_Files/Raspberry_Pi/Pico_SDK_v1.5.1/pico-sdk/src/rp2_common/pico_malloc/pico_malloc.c.obj
                0x10004a80                __wrap_realloc
 .text.__wrap_free
                0x10004aa4        0x8 CMakeFiles/kalmantest.dir/C_/Program_Files/Raspberry_Pi/Pico_SDK_v1.5.1/pico-sdk/src/rp2_common/pico_malloc/pico_malloc.c.obj
                0x10004aa4                __wrap_free
 .text          0x10004aac       0x10 CMakeFiles/kalmantest.dir/C_/Program_Files/Raspberry_Pi/Pico_SDK_v1.5.1/pico-sdk/src/rp2_common/pico_mem_ops/mem_ops_aeabi.S.obj
                0x10004aac                __aeabi_mem_init
 .text.memset   0x10004abc        0xc CMakeFiles/kalmantest.dir/C_/Program_Files/Raspberry_Pi/Pico_SDK_v1.5.1/pico-sdk/src/rp2_common/pico_mem_ops/mem_ops_aeabi.S.obj
                0x10004abc                __wrap_memset
 .text.memcpy   0x10004ac8        0xc CMakeFiles/kalmantest.dir/C_/Program_Files/Raspberry_Pi/Pico_SDK_v1.5.1/pico-sdk/src/rp2_common/pico_mem_ops/mem_ops_aeabi.S.obj
                0x10004ac8                __wrap_memcpy
                0x10004ac8                __wrap___aeabi_memcpy
 .text.stdio_out_chars_no_crlf
                0x10004ad4        0xe CMakeFiles/kalmantest.dir/C_/Program_Files/Raspberry_Pi/Pico_SDK_v1.5.1/pico-sdk/src/rp2_common/pico_stdio/stdio.c.obj
 *fill*         0x10004ae2        0x2 
 .text.stdio_out_chars_crlf
                0x10004ae4       0x80 CMakeFiles/kalmantest.dir/C_/Program_Files/Raspberry_Pi/Pico_SDK_v1.5.1/pico-sdk/src/rp2_common/pico_stdio/stdio.c.obj
 .text.stdio_stack_buffer_flush
                0x10004b64       0x44 CMakeFiles/kalmantest.dir/C_/Program_Files/Raspberry_Pi/Pico_SDK_v1.5.1/pico-sdk/src/rp2_common/pico_stdio/stdio.c.obj
 .text.stdio_buffered_printer
                0x10004ba8       0x20 CMakeFiles/kalmantest.dir/C_/Program_Files/Raspberry_Pi/Pico_SDK_v1.5.1/pico-sdk/src/rp2_common/pico_stdio/stdio.c.obj
 .text.stdio_get_until
                0x10004bc8       0x80 CMakeFiles/kalmantest.dir/C_/Program_Files/Raspberry_Pi/Pico_SDK_v1.5.1/pico-sdk/src/rp2_common/pico_stdio/stdio.c.obj
 .text.stdout_serialize_begin
                0x10004c48       0x5c CMakeFiles/kalmantest.dir/C_/Program_Files/Raspberry_Pi/Pico_SDK_v1.5.1/pico-sdk/src/rp2_common/pico_stdio/stdio.c.obj
                0x10004c48                stdout_serialize_begin
 .text.stdout_serialize_end
                0x10004ca4       0x10 CMakeFiles/kalmantest.dir/C_/Program_Files/Raspberry_Pi/Pico_SDK_v1.5.1/pico-sdk/src/rp2_common/pico_stdio/stdio.c.obj
                0x10004ca4                stdout_serialize_end
 .text.stdio_put_string
                0x10004cb4       0x98 CMakeFiles/kalmantest.dir/C_/Program_Files/Raspberry_Pi/Pico_SDK_v1.5.1/pico-sdk/src/rp2_common/pico_stdio/stdio.c.obj
 .text._read    0x10004d4c       0x24 CMakeFiles/kalmantest.dir/C_/Program_Files/Raspberry_Pi/Pico_SDK_v1.5.1/pico-sdk/src/rp2_common/pico_stdio/stdio.c.obj
                0x10004d4c                _read
 .text._write   0x10004d70       0x22 CMakeFiles/kalmantest.dir/C_/Program_Files/Raspberry_Pi/Pico_SDK_v1.5.1/pico-sdk/src/rp2_common/pico_stdio/stdio.c.obj
                0x10004d70                _write
 .text._close   0x10004d92        0x6 CMakeFiles/kalmantest.dir/C_/Program_Files/Raspberry_Pi/Pico_SDK_v1.5.1/pico-sdk/src/rp2_common/pico_stdio/stdio.c.obj
                0x10004d92                _close
 .text._lseek   0x10004d98        0x6 CMakeFiles/kalmantest.dir/C_/Program_Files/Raspberry_Pi/Pico_SDK_v1.5.1/pico-sdk/src/rp2_common/pico_stdio/stdio.c.obj
                0x10004d98                _lseek
 .text._fstat   0x10004d9e        0x6 CMakeFiles/kalmantest.dir/C_/Program_Files/Raspberry_Pi/Pico_SDK_v1.5.1/pico-sdk/src/rp2_common/pico_stdio/stdio.c.obj
                0x10004d9e                _fstat
 .text._isatty  0x10004da4        0xc CMakeFiles/kalmantest.dir/C_/Program_Files/Raspberry_Pi/Pico_SDK_v1.5.1/pico-sdk/src/rp2_common/pico_stdio/stdio.c.obj
                0x10004da4                _isatty
 .text.stdio_set_driver_enabled
                0x10004db0       0x2c CMakeFiles/kalmantest.dir/C_/Program_Files/Raspberry_Pi/Pico_SDK_v1.5.1/pico-sdk/src/rp2_common/pico_stdio/stdio.c.obj
                0x10004db0                stdio_set_driver_enabled
 .text.stdio_flush
                0x10004ddc       0x20 CMakeFiles/kalmantest.dir/C_/Program_Files/Raspberry_Pi/Pico_SDK_v1.5.1/pico-sdk/src/rp2_common/pico_stdio/stdio.c.obj
                0x10004ddc                stdio_flush
 .text.__wrap_puts
                0x10004dfc       0x1e CMakeFiles/kalmantest.dir/C_/Program_Files/Raspberry_Pi/Pico_SDK_v1.5.1/pico-sdk/src/rp2_common/pico_stdio/stdio.c.obj
                0x10004dfc                __wrap_puts
 *fill*         0x10004e1a        0x2 
 .text.__wrap_vprintf
                0x10004e1c       0x40 CMakeFiles/kalmantest.dir/C_/Program_Files/Raspberry_Pi/Pico_SDK_v1.5.1/pico-sdk/src/rp2_common/pico_stdio/stdio.c.obj
                0x10004e1c                __wrap_vprintf
 .text.__wrap_printf
                0x10004e5c       0x18 CMakeFiles/kalmantest.dir/C_/Program_Files/Raspberry_Pi/Pico_SDK_v1.5.1/pico-sdk/src/rp2_common/pico_stdio/stdio.c.obj
                0x10004e5c                __wrap_printf
 .text.stdio_init_all
                0x10004e74        0x8 CMakeFiles/kalmantest.dir/C_/Program_Files/Raspberry_Pi/Pico_SDK_v1.5.1/pico-sdk/src/rp2_common/pico_stdio/stdio.c.obj
                0x10004e74                stdio_init_all
 .text.resetd_init
                0x10004e7c        0x2 CMakeFiles/kalmantest.dir/C_/Program_Files/Raspberry_Pi/Pico_SDK_v1.5.1/pico-sdk/src/rp2_common/pico_stdio_usb/reset_interface.c.obj
 *fill*         0x10004e7e        0x2 
 .text.resetd_reset
                0x10004e80        0xc CMakeFiles/kalmantest.dir/C_/Program_Files/Raspberry_Pi/Pico_SDK_v1.5.1/pico-sdk/src/rp2_common/pico_stdio_usb/reset_interface.c.obj
 .text.resetd_open
                0x10004e8c       0x34 CMakeFiles/kalmantest.dir/C_/Program_Files/Raspberry_Pi/Pico_SDK_v1.5.1/pico-sdk/src/rp2_common/pico_stdio_usb/reset_interface.c.obj
 .text.resetd_xfer_cb
                0x10004ec0        0x4 CMakeFiles/kalmantest.dir/C_/Program_Files/Raspberry_Pi/Pico_SDK_v1.5.1/pico-sdk/src/rp2_common/pico_stdio_usb/reset_interface.c.obj
 .text.reset_usb_boot
                0x10004ec4       0x18 CMakeFiles/kalmantest.dir/C_/Program_Files/Raspberry_Pi/Pico_SDK_v1.5.1/pico-sdk/src/rp2_common/pico_stdio_usb/reset_interface.c.obj
 .text.resetd_control_xfer_cb
                0x10004edc       0x5c CMakeFiles/kalmantest.dir/C_/Program_Files/Raspberry_Pi/Pico_SDK_v1.5.1/pico-sdk/src/rp2_common/pico_stdio_usb/reset_interface.c.obj
 .text.usbd_app_driver_get_cb
                0x10004f38        0xc CMakeFiles/kalmantest.dir/C_/Program_Files/Raspberry_Pi/Pico_SDK_v1.5.1/pico-sdk/src/rp2_common/pico_stdio_usb/reset_interface.c.obj
                0x10004f38                usbd_app_driver_get_cb
 .text.tud_cdc_line_coding_cb
                0x10004f44       0x28 CMakeFiles/kalmantest.dir/C_/Program_Files/Raspberry_Pi/Pico_SDK_v1.5.1/pico-sdk/src/rp2_common/pico_stdio_usb/reset_interface.c.obj
                0x10004f44                tud_cdc_line_coding_cb
 .text.stdio_usb_set_chars_available_callback
                0x10004f6c       0x14 CMakeFiles/kalmantest.dir/C_/Program_Files/Raspberry_Pi/Pico_SDK_v1.5.1/pico-sdk/src/rp2_common/pico_stdio_usb/stdio_usb.c.obj
                0x10004f6c                stdio_usb_set_chars_available_callback
 .text.usb_irq  0x10004f80       0x10 CMakeFiles/kalmantest.dir/C_/Program_Files/Raspberry_Pi/Pico_SDK_v1.5.1/pico-sdk/src/rp2_common/pico_stdio_usb/stdio_usb.c.obj
 .text.timer_task
                0x10004f90       0x5c CMakeFiles/kalmantest.dir/C_/Program_Files/Raspberry_Pi/Pico_SDK_v1.5.1/pico-sdk/src/rp2_common/pico_stdio_usb/stdio_usb.c.obj
 .text.low_priority_worker_irq
                0x10004fec       0xdc CMakeFiles/kalmantest.dir/C_/Program_Files/Raspberry_Pi/Pico_SDK_v1.5.1/pico-sdk/src/rp2_common/pico_stdio_usb/stdio_usb.c.obj
 .text.tud_cdc_rx_cb
                0x100050c8       0x20 CMakeFiles/kalmantest.dir/C_/Program_Files/Raspberry_Pi/Pico_SDK_v1.5.1/pico-sdk/src/rp2_common/pico_stdio_usb/stdio_usb.c.obj
                0x100050c8                tud_cdc_rx_cb
 .text.stdio_usb_init
                0x100050e8      0x11c CMakeFiles/kalmantest.dir/C_/Program_Files/Raspberry_Pi/Pico_SDK_v1.5.1/pico-sdk/src/rp2_common/pico_stdio_usb/stdio_usb.c.obj
                0x100050e8                stdio_usb_init
 .text.stdio_usb_connected
                0x10005204        0xa CMakeFiles/kalmantest.dir/C_/Program_Files/Raspberry_Pi/Pico_SDK_v1.5.1/pico-sdk/src/rp2_common/pico_stdio_usb/stdio_usb.c.obj
                0x10005204                stdio_usb_connected
 *fill*         0x1000520e        0x2 
 .text.stdio_usb_in_chars
                0x10005210       0xc4 CMakeFiles/kalmantest.dir/C_/Program_Files/Raspberry_Pi/Pico_SDK_v1.5.1/pico-sdk/src/rp2_common/pico_stdio_usb/stdio_usb.c.obj
                0x10005210                stdio_usb_in_chars
 .text.stdio_usb_out_chars
                0x100052d4      0x114 CMakeFiles/kalmantest.dir/C_/Program_Files/Raspberry_Pi/Pico_SDK_v1.5.1/pico-sdk/src/rp2_common/pico_stdio_usb/stdio_usb.c.obj
 .text.tud_descriptor_device_cb
                0x100053e8        0x8 CMakeFiles/kalmantest.dir/C_/Program_Files/Raspberry_Pi/Pico_SDK_v1.5.1/pico-sdk/src/rp2_common/pico_stdio_usb/stdio_usb_descriptors.c.obj
                0x100053e8                tud_descriptor_device_cb
 .text.tud_descriptor_configuration_cb
                0x100053f0        0x8 CMakeFiles/kalmantest.dir/C_/Program_Files/Raspberry_Pi/Pico_SDK_v1.5.1/pico-sdk/src/rp2_common/pico_stdio_usb/stdio_usb_descriptors.c.obj
                0x100053f0                tud_descriptor_configuration_cb
 .text.tud_descriptor_string_cb
                0x100053f8       0x6c CMakeFiles/kalmantest.dir/C_/Program_Files/Raspberry_Pi/Pico_SDK_v1.5.1/pico-sdk/src/rp2_common/pico_stdio_usb/stdio_usb_descriptors.c.obj
                0x100053f8                tud_descriptor_string_cb
 .text._retrieve_unique_id_on_boot
                0x10005464       0x10 CMakeFiles/kalmantest.dir/C_/Program_Files/Raspberry_Pi/Pico_SDK_v1.5.1/pico-sdk/src/rp2_common/pico_unique_id/unique_id.c.obj
 .text.pico_get_unique_board_id_string
                0x10005474       0x60 CMakeFiles/kalmantest.dir/C_/Program_Files/Raspberry_Pi/Pico_SDK_v1.5.1/pico-sdk/src/rp2_common/pico_unique_id/unique_id.c.obj
                0x10005474                pico_get_unique_board_id_string
 .text.flash_get_unique_id
                0x100054d4       0x46 CMakeFiles/kalmantest.dir/C_/Program_Files/Raspberry_Pi/Pico_SDK_v1.5.1/pico-sdk/src/rp2_common/hardware_flash/flash.c.obj
                0x100054d4                flash_get_unique_id
 *fill*         0x1000551a        0x2 
 .text.hw_endpoint_get_by_addr
                0x1000551c       0x18 CMakeFiles/kalmantest.dir/C_/Program_Files/Raspberry_Pi/Pico_SDK_v1.5.1/pico-sdk/lib/tinyusb/src/portable/raspberrypi/rp2040/dcd_rp2040.c.obj
 .text._hw_endpoint_alloc
                0x10005534       0x70 CMakeFiles/kalmantest.dir/C_/Program_Files/Raspberry_Pi/Pico_SDK_v1.5.1/pico-sdk/lib/tinyusb/src/portable/raspberrypi/rp2040/dcd_rp2040.c.obj
 .text.hw_endpoint_init
                0x100055a4       0x88 CMakeFiles/kalmantest.dir/C_/Program_Files/Raspberry_Pi/Pico_SDK_v1.5.1/pico-sdk/lib/tinyusb/src/portable/raspberrypi/rp2040/dcd_rp2040.c.obj
 .text.hw_endpoint_xfer
                0x1000562c       0x14 CMakeFiles/kalmantest.dir/C_/Program_Files/Raspberry_Pi/Pico_SDK_v1.5.1/pico-sdk/lib/tinyusb/src/portable/raspberrypi/rp2040/dcd_rp2040.c.obj
 .text.dcd_int_enable
                0x10005640       0x2c CMakeFiles/kalmantest.dir/C_/Program_Files/Raspberry_Pi/Pico_SDK_v1.5.1/pico-sdk/lib/tinyusb/src/portable/raspberrypi/rp2040/dcd_rp2040.c.obj
                0x10005640                dcd_int_enable
 .text.dcd_set_address
                0x1000566c       0x2c CMakeFiles/kalmantest.dir/C_/Program_Files/Raspberry_Pi/Pico_SDK_v1.5.1/pico-sdk/lib/tinyusb/src/portable/raspberrypi/rp2040/dcd_rp2040.c.obj
                0x1000566c                dcd_set_address
 .text.dcd_connect
                0x10005698       0x10 CMakeFiles/kalmantest.dir/C_/Program_Files/Raspberry_Pi/Pico_SDK_v1.5.1/pico-sdk/lib/tinyusb/src/portable/raspberrypi/rp2040/dcd_rp2040.c.obj
                0x10005698                dcd_connect
 .text.dcd_init
                0x100056a8       0x80 CMakeFiles/kalmantest.dir/C_/Program_Files/Raspberry_Pi/Pico_SDK_v1.5.1/pico-sdk/lib/tinyusb/src/portable/raspberrypi/rp2040/dcd_rp2040.c.obj
                0x100056a8                dcd_init
 .text.dcd_edpt0_status_complete
                0x10005728       0x1c CMakeFiles/kalmantest.dir/C_/Program_Files/Raspberry_Pi/Pico_SDK_v1.5.1/pico-sdk/lib/tinyusb/src/portable/raspberrypi/rp2040/dcd_rp2040.c.obj
                0x10005728                dcd_edpt0_status_complete
 .text.dcd_edpt_open
                0x10005744       0x40 CMakeFiles/kalmantest.dir/C_/Program_Files/Raspberry_Pi/Pico_SDK_v1.5.1/pico-sdk/lib/tinyusb/src/portable/raspberrypi/rp2040/dcd_rp2040.c.obj
                0x10005744                dcd_edpt_open
 .text.dcd_edpt_close_all
                0x10005784        0x8 CMakeFiles/kalmantest.dir/C_/Program_Files/Raspberry_Pi/Pico_SDK_v1.5.1/pico-sdk/lib/tinyusb/src/portable/raspberrypi/rp2040/dcd_rp2040.c.obj
                0x10005784                dcd_edpt_close_all
 .text.dcd_edpt_xfer
                0x1000578c       0x34 CMakeFiles/kalmantest.dir/C_/Program_Files/Raspberry_Pi/Pico_SDK_v1.5.1/pico-sdk/lib/tinyusb/src/portable/raspberrypi/rp2040/dcd_rp2040.c.obj
                0x1000578c                dcd_edpt_xfer
 .text.dcd_edpt_stall
                0x100057c0       0x2c CMakeFiles/kalmantest.dir/C_/Program_Files/Raspberry_Pi/Pico_SDK_v1.5.1/pico-sdk/lib/tinyusb/src/portable/raspberrypi/rp2040/dcd_rp2040.c.obj
                0x100057c0                dcd_edpt_stall
 .text.dcd_edpt_clear_stall
                0x100057ec       0x20 CMakeFiles/kalmantest.dir/C_/Program_Files/Raspberry_Pi/Pico_SDK_v1.5.1/pico-sdk/lib/tinyusb/src/portable/raspberrypi/rp2040/dcd_rp2040.c.obj
                0x100057ec                dcd_edpt_clear_stall
 .text.rp2040_usb_init
                0x1000580c       0x4c CMakeFiles/kalmantest.dir/C_/Program_Files/Raspberry_Pi/Pico_SDK_v1.5.1/pico-sdk/lib/tinyusb/src/portable/raspberrypi/rp2040/rp2040_usb.c.obj
                0x1000580c                rp2040_usb_init
 .text.hw_endpoint_xfer_start
                0x10005858       0x50 CMakeFiles/kalmantest.dir/C_/Program_Files/Raspberry_Pi/Pico_SDK_v1.5.1/pico-sdk/lib/tinyusb/src/portable/raspberrypi/rp2040/rp2040_usb.c.obj
                0x10005858                hw_endpoint_xfer_start
 .text.configuration_reset
                0x100058a8       0x84 CMakeFiles/kalmantest.dir/C_/Program_Files/Raspberry_Pi/Pico_SDK_v1.5.1/pico-sdk/lib/tinyusb/src/device/usbd.c.obj
 .text.usbd_reset
                0x1000592c        0xc CMakeFiles/kalmantest.dir/C_/Program_Files/Raspberry_Pi/Pico_SDK_v1.5.1/pico-sdk/lib/tinyusb/src/device/usbd.c.obj
 .text.invoke_class_control
                0x10005938       0x1a CMakeFiles/kalmantest.dir/C_/Program_Files/Raspberry_Pi/Pico_SDK_v1.5.1/pico-sdk/lib/tinyusb/src/device/usbd.c.obj
 *fill*         0x10005952        0x2 
 .text.process_set_config
                0x10005954      0x178 CMakeFiles/kalmantest.dir/C_/Program_Files/Raspberry_Pi/Pico_SDK_v1.5.1/pico-sdk/lib/tinyusb/src/device/usbd.c.obj
 .text.process_get_descriptor
                0x10005acc       0xdc CMakeFiles/kalmantest.dir/C_/Program_Files/Raspberry_Pi/Pico_SDK_v1.5.1/pico-sdk/lib/tinyusb/src/device/usbd.c.obj
 .text.tud_mounted
                0x10005ba8       0x10 CMakeFiles/kalmantest.dir/C_/Program_Files/Raspberry_Pi/Pico_SDK_v1.5.1/pico-sdk/lib/tinyusb/src/device/usbd.c.obj
                0x10005ba8                tud_mounted
 .text.tud_suspended
                0x10005bb8       0x10 CMakeFiles/kalmantest.dir/C_/Program_Files/Raspberry_Pi/Pico_SDK_v1.5.1/pico-sdk/lib/tinyusb/src/device/usbd.c.obj
                0x10005bb8                tud_suspended
 .text.tud_inited
                0x10005bc8       0x14 CMakeFiles/kalmantest.dir/C_/Program_Files/Raspberry_Pi/Pico_SDK_v1.5.1/pico-sdk/lib/tinyusb/src/device/usbd.c.obj
                0x10005bc8                tud_inited
 .text.tud_init
                0x10005bdc       0xcc CMakeFiles/kalmantest.dir/C_/Program_Files/Raspberry_Pi/Pico_SDK_v1.5.1/pico-sdk/lib/tinyusb/src/device/usbd.c.obj
                0x10005bdc                tud_init
 .text.usbd_defer_func
                0x10005ca8       0x2a CMakeFiles/kalmantest.dir/C_/Program_Files/Raspberry_Pi/Pico_SDK_v1.5.1/pico-sdk/lib/tinyusb/src/device/usbd.c.obj
                0x10005ca8                usbd_defer_func
 *fill*         0x10005cd2        0x2 
 .text.usbd_edpt_open
                0x10005cd4       0x34 CMakeFiles/kalmantest.dir/C_/Program_Files/Raspberry_Pi/Pico_SDK_v1.5.1/pico-sdk/lib/tinyusb/src/device/usbd.c.obj
                0x10005cd4                usbd_edpt_open
 .text.usbd_open_edpt_pair
                0x10005d08       0x62 CMakeFiles/kalmantest.dir/C_/Program_Files/Raspberry_Pi/Pico_SDK_v1.5.1/pico-sdk/lib/tinyusb/src/device/usbd.c.obj
                0x10005d08                usbd_open_edpt_pair
 *fill*         0x10005d6a        0x2 
 .text.usbd_edpt_claim
                0x10005d6c       0x28 CMakeFiles/kalmantest.dir/C_/Program_Files/Raspberry_Pi/Pico_SDK_v1.5.1/pico-sdk/lib/tinyusb/src/device/usbd.c.obj
                0x10005d6c                usbd_edpt_claim
 .text.usbd_edpt_release
                0x10005d94       0x28 CMakeFiles/kalmantest.dir/C_/Program_Files/Raspberry_Pi/Pico_SDK_v1.5.1/pico-sdk/lib/tinyusb/src/device/usbd.c.obj
                0x10005d94                usbd_edpt_release
 .text.usbd_edpt_xfer
                0x10005dbc       0x78 CMakeFiles/kalmantest.dir/C_/Program_Files/Raspberry_Pi/Pico_SDK_v1.5.1/pico-sdk/lib/tinyusb/src/device/usbd.c.obj
                0x10005dbc                usbd_edpt_xfer
 .text.usbd_edpt_stall
                0x10005e34       0x48 CMakeFiles/kalmantest.dir/C_/Program_Files/Raspberry_Pi/Pico_SDK_v1.5.1/pico-sdk/lib/tinyusb/src/device/usbd.c.obj
                0x10005e34                usbd_edpt_stall
 .text.usbd_edpt_clear_stall
                0x10005e7c       0x48 CMakeFiles/kalmantest.dir/C_/Program_Files/Raspberry_Pi/Pico_SDK_v1.5.1/pico-sdk/lib/tinyusb/src/device/usbd.c.obj
                0x10005e7c                usbd_edpt_clear_stall
 .text.usbd_edpt_stalled
                0x10005ec4       0x1c CMakeFiles/kalmantest.dir/C_/Program_Files/Raspberry_Pi/Pico_SDK_v1.5.1/pico-sdk/lib/tinyusb/src/device/usbd.c.obj
                0x10005ec4                usbd_edpt_stalled
 .text.process_control_request
                0x10005ee0      0x37c CMakeFiles/kalmantest.dir/C_/Program_Files/Raspberry_Pi/Pico_SDK_v1.5.1/pico-sdk/lib/tinyusb/src/device/usbd.c.obj
 .text.tud_task_ext
                0x1000625c      0x1b8 CMakeFiles/kalmantest.dir/C_/Program_Files/Raspberry_Pi/Pico_SDK_v1.5.1/pico-sdk/lib/tinyusb/src/device/usbd.c.obj
                0x1000625c                tud_task_ext
 .text._data_stage_xact
                0x10006414       0x58 CMakeFiles/kalmantest.dir/C_/Program_Files/Raspberry_Pi/Pico_SDK_v1.5.1/pico-sdk/lib/tinyusb/src/device/usbd_control.c.obj
 .text.tud_control_status
                0x1000646c       0x38 CMakeFiles/kalmantest.dir/C_/Program_Files/Raspberry_Pi/Pico_SDK_v1.5.1/pico-sdk/lib/tinyusb/src/device/usbd_control.c.obj
                0x1000646c                tud_control_status
 .text.tud_control_xfer
                0x100064a4       0x74 CMakeFiles/kalmantest.dir/C_/Program_Files/Raspberry_Pi/Pico_SDK_v1.5.1/pico-sdk/lib/tinyusb/src/device/usbd_control.c.obj
                0x100064a4                tud_control_xfer
 .text.usbd_control_reset
                0x10006518       0x14 CMakeFiles/kalmantest.dir/C_/Program_Files/Raspberry_Pi/Pico_SDK_v1.5.1/pico-sdk/lib/tinyusb/src/device/usbd_control.c.obj
                0x10006518                usbd_control_reset
 .text.usbd_control_set_complete_callback
                0x1000652c        0xc CMakeFiles/kalmantest.dir/C_/Program_Files/Raspberry_Pi/Pico_SDK_v1.5.1/pico-sdk/lib/tinyusb/src/device/usbd_control.c.obj
                0x1000652c                usbd_control_set_complete_callback
 .text.usbd_control_set_request
                0x10006538       0x1c CMakeFiles/kalmantest.dir/C_/Program_Files/Raspberry_Pi/Pico_SDK_v1.5.1/pico-sdk/lib/tinyusb/src/device/usbd_control.c.obj
                0x10006538                usbd_control_set_request
 .text.usbd_control_xfer_cb
                0x10006554       0xcc CMakeFiles/kalmantest.dir/C_/Program_Files/Raspberry_Pi/Pico_SDK_v1.5.1/pico-sdk/lib/tinyusb/src/device/usbd_control.c.obj
                0x10006554                usbd_control_xfer_cb
 .text._prep_out_transaction
                0x10006620       0x4a CMakeFiles/kalmantest.dir/C_/Program_Files/Raspberry_Pi/Pico_SDK_v1.5.1/pico-sdk/lib/tinyusb/src/class/cdc/cdc_device.c.obj
 *fill*         0x1000666a        0x2 
 .text.tud_cdc_n_connected
                0x1000666c       0x44 CMakeFiles/kalmantest.dir/C_/Program_Files/Raspberry_Pi/Pico_SDK_v1.5.1/pico-sdk/lib/tinyusb/src/class/cdc/cdc_device.c.obj
                0x1000666c                tud_cdc_n_connected
 .text.tud_cdc_n_available
                0x100066b0       0x18 CMakeFiles/kalmantest.dir/C_/Program_Files/Raspberry_Pi/Pico_SDK_v1.5.1/pico-sdk/lib/tinyusb/src/class/cdc/cdc_device.c.obj
                0x100066b0                tud_cdc_n_available
 .text.tud_cdc_n_read
                0x100066c8       0x28 CMakeFiles/kalmantest.dir/C_/Program_Files/Raspberry_Pi/Pico_SDK_v1.5.1/pico-sdk/lib/tinyusb/src/class/cdc/cdc_device.c.obj
                0x100066c8                tud_cdc_n_read
 .text.tud_cdc_n_write_flush
                0x100066f0       0xb8 CMakeFiles/kalmantest.dir/C_/Program_Files/Raspberry_Pi/Pico_SDK_v1.5.1/pico-sdk/lib/tinyusb/src/class/cdc/cdc_device.c.obj
                0x100066f0                tud_cdc_n_write_flush
 .text.tud_cdc_n_write
                0x100067a8       0x38 CMakeFiles/kalmantest.dir/C_/Program_Files/Raspberry_Pi/Pico_SDK_v1.5.1/pico-sdk/lib/tinyusb/src/class/cdc/cdc_device.c.obj
                0x100067a8                tud_cdc_n_write
 .text.tud_cdc_n_write_available
                0x100067e0       0x1c CMakeFiles/kalmantest.dir/C_/Program_Files/Raspberry_Pi/Pico_SDK_v1.5.1/pico-sdk/lib/tinyusb/src/class/cdc/cdc_device.c.obj
                0x100067e0                tud_cdc_n_write_available
 .text.cdcd_init
                0x100067fc       0xbc CMakeFiles/kalmantest.dir/C_/Program_Files/Raspberry_Pi/Pico_SDK_v1.5.1/pico-sdk/lib/tinyusb/src/class/cdc/cdc_device.c.obj
                0x100067fc                cdcd_init
 .text.cdcd_reset
                0x100068b8       0x44 CMakeFiles/kalmantest.dir/C_/Program_Files/Raspberry_Pi/Pico_SDK_v1.5.1/pico-sdk/lib/tinyusb/src/class/cdc/cdc_device.c.obj
                0x100068b8                cdcd_reset
 .text.cdcd_open
                0x100068fc       0xcc CMakeFiles/kalmantest.dir/C_/Program_Files/Raspberry_Pi/Pico_SDK_v1.5.1/pico-sdk/lib/tinyusb/src/class/cdc/cdc_device.c.obj
                0x100068fc                cdcd_open
 .text.cdcd_control_xfer_cb
                0x100069c8      0x134 CMakeFiles/kalmantest.dir/C_/Program_Files/Raspberry_Pi/Pico_SDK_v1.5.1/pico-sdk/lib/tinyusb/src/class/cdc/cdc_device.c.obj
                0x100069c8                cdcd_control_xfer_cb
 .text.cdcd_xfer_cb
                0x10006afc      0x130 CMakeFiles/kalmantest.dir/C_/Program_Files/Raspberry_Pi/Pico_SDK_v1.5.1/pico-sdk/lib/tinyusb/src/class/cdc/cdc_device.c.obj
                0x10006afc                cdcd_xfer_cb
 .text.tusb_init
                0x10006c2c        0xa CMakeFiles/kalmantest.dir/C_/Program_Files/Raspberry_Pi/Pico_SDK_v1.5.1/pico-sdk/lib/tinyusb/src/tusb.c.obj
                0x10006c2c                tusb_init
 .text.tusb_inited
                0x10006c36        0xe CMakeFiles/kalmantest.dir/C_/Program_Files/Raspberry_Pi/Pico_SDK_v1.5.1/pico-sdk/lib/tinyusb/src/tusb.c.obj
                0x10006c36                tusb_inited
 .text.tu_edpt_claim
                0x10006c44       0x50 CMakeFiles/kalmantest.dir/C_/Program_Files/Raspberry_Pi/Pico_SDK_v1.5.1/pico-sdk/lib/tinyusb/src/tusb.c.obj
                0x10006c44                tu_edpt_claim
 .text.tu_edpt_release
                0x10006c94       0x3c CMakeFiles/kalmantest.dir/C_/Program_Files/Raspberry_Pi/Pico_SDK_v1.5.1/pico-sdk/lib/tinyusb/src/tusb.c.obj
                0x10006c94                tu_edpt_release
 .text.tu_edpt_validate
                0x10006cd0       0x78 CMakeFiles/kalmantest.dir/C_/Program_Files/Raspberry_Pi/Pico_SDK_v1.5.1/pico-sdk/lib/tinyusb/src/tusb.c.obj
                0x10006cd0                tu_edpt_validate
 .text.tu_edpt_bind_driver
                0x10006d48       0x26 CMakeFiles/kalmantest.dir/C_/Program_Files/Raspberry_Pi/Pico_SDK_v1.5.1/pico-sdk/lib/tinyusb/src/tusb.c.obj
                0x10006d48                tu_edpt_bind_driver
 .text.advance_index
                0x10006d6e       0x1a CMakeFiles/kalmantest.dir/C_/Program_Files/Raspberry_Pi/Pico_SDK_v1.5.1/pico-sdk/lib/tinyusb/src/common/tusb_fifo.c.obj
 .text._tu_fifo_peek
                0x10006d88       0x56 CMakeFiles/kalmantest.dir/C_/Program_Files/Raspberry_Pi/Pico_SDK_v1.5.1/pico-sdk/lib/tinyusb/src/common/tusb_fifo.c.obj
 .text._ff_pull_const_addr
                0x10006dde       0x4c CMakeFiles/kalmantest.dir/C_/Program_Files/Raspberry_Pi/Pico_SDK_v1.5.1/pico-sdk/lib/tinyusb/src/common/tusb_fifo.c.obj
 .text._ff_pull_n
                0x10006e2a      0x110 CMakeFiles/kalmantest.dir/C_/Program_Files/Raspberry_Pi/Pico_SDK_v1.5.1/pico-sdk/lib/tinyusb/src/common/tusb_fifo.c.obj
 .text._tu_fifo_peek_n
                0x10006f3a       0x6a CMakeFiles/kalmantest.dir/C_/Program_Files/Raspberry_Pi/Pico_SDK_v1.5.1/pico-sdk/lib/tinyusb/src/common/tusb_fifo.c.obj
 .text._tu_fifo_read_n
                0x10006fa4       0x4e CMakeFiles/kalmantest.dir/C_/Program_Files/Raspberry_Pi/Pico_SDK_v1.5.1/pico-sdk/lib/tinyusb/src/common/tusb_fifo.c.obj
 .text._ff_push_const_addr
                0x10006ff2       0x40 CMakeFiles/kalmantest.dir/C_/Program_Files/Raspberry_Pi/Pico_SDK_v1.5.1/pico-sdk/lib/tinyusb/src/common/tusb_fifo.c.obj
 .text._ff_push_n
                0x10007032      0x10c CMakeFiles/kalmantest.dir/C_/Program_Files/Raspberry_Pi/Pico_SDK_v1.5.1/pico-sdk/lib/tinyusb/src/common/tusb_fifo.c.obj
 .text._tu_fifo_write_n
                0x1000713e       0xf0 CMakeFiles/kalmantest.dir/C_/Program_Files/Raspberry_Pi/Pico_SDK_v1.5.1/pico-sdk/lib/tinyusb/src/common/tusb_fifo.c.obj
 .text.tu_fifo_config
                0x1000722e       0x7c CMakeFiles/kalmantest.dir/C_/Program_Files/Raspberry_Pi/Pico_SDK_v1.5.1/pico-sdk/lib/tinyusb/src/common/tusb_fifo.c.obj
                0x1000722e                tu_fifo_config
 .text.tu_fifo_count
                0x100072aa       0x2a CMakeFiles/kalmantest.dir/C_/Program_Files/Raspberry_Pi/Pico_SDK_v1.5.1/pico-sdk/lib/tinyusb/src/common/tusb_fifo.c.obj
                0x100072aa                tu_fifo_count
 .text.tu_fifo_empty
                0x100072d4       0x10 CMakeFiles/kalmantest.dir/C_/Program_Files/Raspberry_Pi/Pico_SDK_v1.5.1/pico-sdk/lib/tinyusb/src/common/tusb_fifo.c.obj
                0x100072d4                tu_fifo_empty
 .text.tu_fifo_full
                0x100072e4       0x28 CMakeFiles/kalmantest.dir/C_/Program_Files/Raspberry_Pi/Pico_SDK_v1.5.1/pico-sdk/lib/tinyusb/src/common/tusb_fifo.c.obj
                0x100072e4                tu_fifo_full
 .text.tu_fifo_remaining
                0x1000730c       0x2c CMakeFiles/kalmantest.dir/C_/Program_Files/Raspberry_Pi/Pico_SDK_v1.5.1/pico-sdk/lib/tinyusb/src/common/tusb_fifo.c.obj
                0x1000730c                tu_fifo_remaining
 .text.tu_fifo_read
                0x10007338       0x42 CMakeFiles/kalmantest.dir/C_/Program_Files/Raspberry_Pi/Pico_SDK_v1.5.1/pico-sdk/lib/tinyusb/src/common/tusb_fifo.c.obj
                0x10007338                tu_fifo_read
 .text.tu_fifo_read_n
                0x1000737a        0xa CMakeFiles/kalmantest.dir/C_/Program_Files/Raspberry_Pi/Pico_SDK_v1.5.1/pico-sdk/lib/tinyusb/src/common/tusb_fifo.c.obj
                0x1000737a                tu_fifo_read_n
 .text.tu_fifo_write
                0x10007384       0x64 CMakeFiles/kalmantest.dir/C_/Program_Files/Raspberry_Pi/Pico_SDK_v1.5.1/pico-sdk/lib/tinyusb/src/common/tusb_fifo.c.obj
                0x10007384                tu_fifo_write
 .text.tu_fifo_write_n
                0x100073e8        0xa CMakeFiles/kalmantest.dir/C_/Program_Files/Raspberry_Pi/Pico_SDK_v1.5.1/pico-sdk/lib/tinyusb/src/common/tusb_fifo.c.obj
                0x100073e8                tu_fifo_write_n
 .text.tu_fifo_clear
                0x100073f2       0x3e CMakeFiles/kalmantest.dir/C_/Program_Files/Raspberry_Pi/Pico_SDK_v1.5.1/pico-sdk/lib/tinyusb/src/common/tusb_fifo.c.obj
                0x100073f2                tu_fifo_clear
 .text.tu_fifo_set_overwritable
                0x10007430       0x46 CMakeFiles/kalmantest.dir/C_/Program_Files/Raspberry_Pi/Pico_SDK_v1.5.1/pico-sdk/lib/tinyusb/src/common/tusb_fifo.c.obj
                0x10007430                tu_fifo_set_overwritable
 *fill*         0x10007476        0x2 
 .text._pio_can_add_program_at_offset
                0x10007478       0x3c CMakeFiles/kalmantest.dir/C_/Program_Files/Raspberry_Pi/Pico_SDK_v1.5.1/pico-sdk/src/rp2_common/hardware_pio/pio.c.obj
 .text._pio_find_offset_for_program
                0x100074b4       0x7c CMakeFiles/kalmantest.dir/C_/Program_Files/Raspberry_Pi/Pico_SDK_v1.5.1/pico-sdk/src/rp2_common/hardware_pio/pio.c.obj
 .text._pio_add_program_at_offset
                0x10007530       0x78 CMakeFiles/kalmantest.dir/C_/Program_Files/Raspberry_Pi/Pico_SDK_v1.5.1/pico-sdk/src/rp2_common/hardware_pio/pio.c.obj
 .text.pio_add_program
                0x100075a8       0x38 CMakeFiles/kalmantest.dir/C_/Program_Files/Raspberry_Pi/Pico_SDK_v1.5.1/pico-sdk/src/rp2_common/hardware_pio/pio.c.obj
                0x100075a8                pio_add_program
 .text.pio_sm_set_consecutive_pindirs
                0x100075e0       0xa4 CMakeFiles/kalmantest.dir/C_/Program_Files/Raspberry_Pi/Pico_SDK_v1.5.1/pico-sdk/src/rp2_common/hardware_pio/pio.c.obj
                0x100075e0                pio_sm_set_consecutive_pindirs
 .text.pio_sm_init
                0x10007684       0xe4 CMakeFiles/kalmantest.dir/C_/Program_Files/Raspberry_Pi/Pico_SDK_v1.5.1/pico-sdk/src/rp2_common/hardware_pio/pio.c.obj
                0x10007684                pio_sm_init
 .text.i2c_write_blocking_internal
                0x10007768      0x140 CMakeFiles/kalmantest.dir/C_/Program_Files/Raspberry_Pi/Pico_SDK_v1.5.1/pico-sdk/src/rp2_common/hardware_i2c/i2c.c.obj
 .text.i2c_read_blocking_internal
                0x100078a8       0xe6 CMakeFiles/kalmantest.dir/C_/Program_Files/Raspberry_Pi/Pico_SDK_v1.5.1/pico-sdk/src/rp2_common/hardware_i2c/i2c.c.obj
 *fill*         0x1000798e        0x2 
 .text.i2c_set_baudrate
                0x10007990       0xf0 CMakeFiles/kalmantest.dir/C_/Program_Files/Raspberry_Pi/Pico_SDK_v1.5.1/pico-sdk/src/rp2_common/hardware_i2c/i2c.c.obj
                0x10007990                i2c_set_baudrate
 .text.i2c_init
                0x10007a80       0x58 CMakeFiles/kalmantest.dir/C_/Program_Files/Raspberry_Pi/Pico_SDK_v1.5.1/pico-sdk/src/rp2_common/hardware_i2c/i2c.c.obj
                0x10007a80                i2c_init
 .text.i2c_write_blocking
                0x10007ad8       0x18 CMakeFiles/kalmantest.dir/C_/Program_Files/Raspberry_Pi/Pico_SDK_v1.5.1/pico-sdk/src/rp2_common/hardware_i2c/i2c.c.obj
                0x10007ad8                i2c_write_blocking
 .text.i2c_read_blocking
                0x10007af0       0x18 CMakeFiles/kalmantest.dir/C_/Program_Files/Raspberry_Pi/Pico_SDK_v1.5.1/pico-sdk/src/rp2_common/hardware_i2c/i2c.c.obj
                0x10007af0                i2c_read_blocking
 .text._ZdaPv   0x10007b08        0x8 c:/progra~1/raspbe~1/picosd~1.1/gcc-ar~1/bin/../lib/gcc/arm-none-eabi/10.3.1/../../../../arm-none-eabi/lib/thumb/v6-m/nofp\libstdc++.a(del_opv.o)
                0x10007b08                operator delete[](void*)
 .text.__cxa_end_cleanup
                0x10007b10        0xc c:/progra~1/raspbe~1/picosd~1.1/gcc-ar~1/bin/../lib/gcc/arm-none-eabi/10.3.1/../../../../arm-none-eabi/lib/thumb/v6-m/nofp\libstdc++.a(eh_arm.o)
                0x10007b10                __cxa_end_cleanup
 .text.__cxa_type_match
                0x10007b1c       0xc0 c:/progra~1/raspbe~1/picosd~1.1/gcc-ar~1/bin/../lib/gcc/arm-none-eabi/10.3.1/../../../../arm-none-eabi/lib/thumb/v6-m/nofp\libstdc++.a(eh_arm.o)
                0x10007b1c                __cxa_type_match
 .text.__cxa_begin_cleanup
                0x10007bdc       0x60 c:/progra~1/raspbe~1/picosd~1.1/gcc-ar~1/bin/../lib/gcc/arm-none-eabi/10.3.1/../../../../arm-none-eabi/lib/thumb/v6-m/nofp\libstdc++.a(eh_arm.o)
                0x10007bdc                __cxa_begin_cleanup
 .text.__gnu_end_cleanup
                0x10007c3c       0x70 c:/progra~1/raspbe~1/picosd~1.1/gcc-ar~1/bin/../lib/gcc/arm-none-eabi/10.3.1/../../../../arm-none-eabi/lib/thumb/v6-m/nofp\libstdc++.a(eh_arm.o)
                0x10007c3c                __gnu_end_cleanup
 .text.unlikely.__cxa_throw_bad_array_new_length
                0x10007cac       0x20 c:/progra~1/raspbe~1/picosd~1.1/gcc-ar~1/bin/../lib/gcc/arm-none-eabi/10.3.1/../../../../arm-none-eabi/lib/thumb/v6-m/nofp\libstdc++.a(eh_aux_runtime.o)
                0x10007cac                __cxa_throw_bad_array_new_length
 .text._ZNSt9exceptionD2Ev
                0x10007ccc        0x4 c:/progra~1/raspbe~1/picosd~1.1/gcc-ar~1/bin/../lib/gcc/arm-none-eabi/10.3.1/../../../../arm-none-eabi/lib/thumb/v6-m/nofp\libstdc++.a(eh_exception.o)
                0x10007ccc                std::exception::~exception()
                0x10007ccc                std::exception::~exception()
 .text._ZNSt13bad_exceptionD2Ev
                0x10007cd0        0x4 c:/progra~1/raspbe~1/picosd~1.1/gcc-ar~1/bin/../lib/gcc/arm-none-eabi/10.3.1/../../../../arm-none-eabi/lib/thumb/v6-m/nofp\libstdc++.a(eh_exception.o)
                0x10007cd0                std::bad_exception::~bad_exception()
                0x10007cd0                std::bad_exception::~bad_exception()
 .text._ZNKSt13bad_exception4whatEv
                0x10007cd4        0x8 c:/progra~1/raspbe~1/picosd~1.1/gcc-ar~1/bin/../lib/gcc/arm-none-eabi/10.3.1/../../../../arm-none-eabi/lib/thumb/v6-m/nofp\libstdc++.a(eh_exception.o)
                0x10007cd4                std::bad_exception::what() const
                0x10007cd4                transaction clone for std::bad_exception::what() const
 .text._ZNSt13bad_exceptionD0Ev
                0x10007cdc       0x10 c:/progra~1/raspbe~1/picosd~1.1/gcc-ar~1/bin/../lib/gcc/arm-none-eabi/10.3.1/../../../../arm-none-eabi/lib/thumb/v6-m/nofp\libstdc++.a(eh_exception.o)
                0x10007cdc                std::bad_exception::~bad_exception()
 .text.__cxa_get_globals_fast
                0x10007cec        0x8 c:/progra~1/raspbe~1/picosd~1.1/gcc-ar~1/bin/../lib/gcc/arm-none-eabi/10.3.1/../../../../arm-none-eabi/lib/thumb/v6-m/nofp\libstdc++.a(eh_globals.o)
                0x10007cec                __cxa_get_globals_fast
 .text.__cxa_get_globals
                0x10007cf4        0x8 c:/progra~1/raspbe~1/picosd~1.1/gcc-ar~1/bin/../lib/gcc/arm-none-eabi/10.3.1/../../../../arm-none-eabi/lib/thumb/v6-m/nofp\libstdc++.a(eh_globals.o)
                0x10007cf4                __cxa_get_globals
 .text._ZL28read_encoded_value_with_basehjPKhPj
                0x10007cfc      0x114 c:/progra~1/raspbe~1/picosd~1.1/gcc-ar~1/bin/../lib/gcc/arm-none-eabi/10.3.1/../../../../arm-none-eabi/lib/thumb/v6-m/nofp\libstdc++.a(eh_personality.o)
 .text._ZL21base_of_encoded_valuehP15_Unwind_Context
                0x10007e10       0x48 c:/progra~1/raspbe~1/picosd~1.1/gcc-ar~1/bin/../lib/gcc/arm-none-eabi/10.3.1/../../../../arm-none-eabi/lib/thumb/v6-m/nofp\libstdc++.a(eh_personality.o)
 .text._ZL17parse_lsda_headerP15_Unwind_ContextPKhP16lsda_header_info
                0x10007e58       0x98 c:/progra~1/raspbe~1/picosd~1.1/gcc-ar~1/bin/../lib/gcc/arm-none-eabi/10.3.1/../../../../arm-none-eabi/lib/thumb/v6-m/nofp\libstdc++.a(eh_personality.o)
 .text.__gxx_personality_v0
                0x10007ef0      0x4c8 c:/progra~1/raspbe~1/picosd~1.1/gcc-ar~1/bin/../lib/gcc/arm-none-eabi/10.3.1/../../../../arm-none-eabi/lib/thumb/v6-m/nofp\libstdc++.a(eh_personality.o)
                0x10007ef0                __gxx_personality_v0
 .text._ZN10__cxxabiv111__terminateEPFvvE
                0x100083b8       0x28 c:/progra~1/raspbe~1/picosd~1.1/gcc-ar~1/bin/../lib/gcc/arm-none-eabi/10.3.1/../../../../arm-none-eabi/lib/thumb/v6-m/nofp\libstdc++.a(eh_terminate.o)
                0x100083b8                __cxxabiv1::__terminate(void (*)())
 .text._ZSt9terminatev
                0x100083e0       0x10 c:/progra~1/raspbe~1/picosd~1.1/gcc-ar~1/bin/../lib/gcc/arm-none-eabi/10.3.1/../../../../arm-none-eabi/lib/thumb/v6-m/nofp\libstdc++.a(eh_terminate.o)
                0x100083e0                std::terminate()
 .text._ZN10__cxxabiv112__unexpectedEPFvvE
                0x100083f0        0x8 c:/progra~1/raspbe~1/picosd~1.1/gcc-ar~1/bin/../lib/gcc/arm-none-eabi/10.3.1/../../../../arm-none-eabi/lib/thumb/v6-m/nofp\libstdc++.a(eh_terminate.o)
                0x100083f0                __cxxabiv1::__unexpected(void (*)())
 .text._ZSt10unexpectedv
                0x100083f8       0x10 c:/progra~1/raspbe~1/picosd~1.1/gcc-ar~1/bin/../lib/gcc/arm-none-eabi/10.3.1/../../../../arm-none-eabi/lib/thumb/v6-m/nofp\libstdc++.a(eh_terminate.o)
                0x100083f8                std::unexpected()
 .text._ZSt13get_terminatev
                0x10008408        0xc c:/progra~1/raspbe~1/picosd~1.1/gcc-ar~1/bin/../lib/gcc/arm-none-eabi/10.3.1/../../../../arm-none-eabi/lib/thumb/v6-m/nofp\libstdc++.a(eh_terminate.o)
                0x10008408                std::get_terminate()
 .text._ZSt14get_unexpectedv
                0x10008414        0xc c:/progra~1/raspbe~1/picosd~1.1/gcc-ar~1/bin/../lib/gcc/arm-none-eabi/10.3.1/../../../../arm-none-eabi/lib/thumb/v6-m/nofp\libstdc++.a(eh_terminate.o)
                0x10008414                std::get_unexpected()
 .text._ZL23__gxx_exception_cleanup19_Unwind_Reason_CodeP21_Unwind_Control_Block
                0x10008420       0x34 c:/progra~1/raspbe~1/picosd~1.1/gcc-ar~1/bin/../lib/gcc/arm-none-eabi/10.3.1/../../../../arm-none-eabi/lib/thumb/v6-m/nofp\libstdc++.a(eh_throw.o)
 .text.__cxa_init_primary_exception
                0x10008454       0x4c c:/progra~1/raspbe~1/picosd~1.1/gcc-ar~1/bin/../lib/gcc/arm-none-eabi/10.3.1/../../../../arm-none-eabi/lib/thumb/v6-m/nofp\libstdc++.a(eh_throw.o)
                0x10008454                __cxa_init_primary_exception
 .text.__cxa_throw
                0x100084a0       0x34 c:/progra~1/raspbe~1/picosd~1.1/gcc-ar~1/bin/../lib/gcc/arm-none-eabi/10.3.1/../../../../arm-none-eabi/lib/thumb/v6-m/nofp\libstdc++.a(eh_throw.o)
                0x100084a0                __cxa_throw
 .text.__cxa_rethrow
                0x100084d4       0x70 c:/progra~1/raspbe~1/picosd~1.1/gcc-ar~1/bin/../lib/gcc/arm-none-eabi/10.3.1/../../../../arm-none-eabi/lib/thumb/v6-m/nofp\libstdc++.a(eh_throw.o)
                0x100084d4                __cxa_rethrow
 .text._Znaj    0x10008544        0x8 c:/progra~1/raspbe~1/picosd~1.1/gcc-ar~1/bin/../lib/gcc/arm-none-eabi/10.3.1/../../../../arm-none-eabi/lib/thumb/v6-m/nofp\libstdc++.a(new_opv.o)
                0x10008544                operator new[](unsigned int)
 .text._ZN10__cxxabiv120__si_class_type_infoD2Ev
                0x1000854c       0x18 c:/progra~1/raspbe~1/picosd~1.1/gcc-ar~1/bin/../lib/gcc/arm-none-eabi/10.3.1/../../../../arm-none-eabi/lib/thumb/v6-m/nofp\libstdc++.a(si_class_type_info.o)
                0x1000854c                __cxxabiv1::__si_class_type_info::~__si_class_type_info()
                0x1000854c                __cxxabiv1::__si_class_type_info::~__si_class_type_info()
 .text._ZN10__cxxabiv120__si_class_type_infoD0Ev
                0x10008564       0x20 c:/progra~1/raspbe~1/picosd~1.1/gcc-ar~1/bin/../lib/gcc/arm-none-eabi/10.3.1/../../../../arm-none-eabi/lib/thumb/v6-m/nofp\libstdc++.a(si_class_type_info.o)
                0x10008564                __cxxabiv1::__si_class_type_info::~__si_class_type_info()
 .text._ZNK10__cxxabiv120__si_class_type_info20__do_find_public_srcEiPKvPKNS_17__class_type_infoES2_
                0x10008584       0x38 c:/progra~1/raspbe~1/picosd~1.1/gcc-ar~1/bin/../lib/gcc/arm-none-eabi/10.3.1/../../../../arm-none-eabi/lib/thumb/v6-m/nofp\libstdc++.a(si_class_type_info.o)
                0x10008584                __cxxabiv1::__si_class_type_info::__do_find_public_src(int, void const*, __cxxabiv1::__class_type_info const*, void const*) const
 .text._ZNK10__cxxabiv120__si_class_type_info12__do_dyncastEiNS_17__class_type_info10__sub_kindEPKS1_PKvS4_S6_RNS1_16__dyncast_resultE
                0x100085bc       0x9c c:/progra~1/raspbe~1/picosd~1.1/gcc-ar~1/bin/../lib/gcc/arm-none-eabi/10.3.1/../../../../arm-none-eabi/lib/thumb/v6-m/nofp\libstdc++.a(si_class_type_info.o)
                0x100085bc                __cxxabiv1::__si_class_type_info::__do_dyncast(int, __cxxabiv1::__class_type_info::__sub_kind, __cxxabiv1::__class_type_info const*, void const*, __cxxabiv1::__class_type_info const*, void const*, __cxxabiv1::__class_type_info::__dyncast_result&) const
 .text._ZNK10__cxxabiv120__si_class_type_info11__do_upcastEPKNS_17__class_type_infoEPKvRNS1_15__upcast_resultE
                0x10008658       0x24 c:/progra~1/raspbe~1/picosd~1.1/gcc-ar~1/bin/../lib/gcc/arm-none-eabi/10.3.1/../../../../arm-none-eabi/lib/thumb/v6-m/nofp\libstdc++.a(si_class_type_info.o)
                0x10008658                __cxxabiv1::__si_class_type_info::__do_upcast(__cxxabiv1::__class_type_info const*, void const*, __cxxabiv1::__class_type_info::__upcast_result&) const
 .text._ZNSt9type_infoD2Ev
                0x1000867c        0x4 c:/progra~1/raspbe~1/picosd~1.1/gcc-ar~1/bin/../lib/gcc/arm-none-eabi/10.3.1/../../../../arm-none-eabi/lib/thumb/v6-m/nofp\libstdc++.a(tinfo.o)
                0x1000867c                std::type_info::~type_info()
                0x1000867c                std::type_info::~type_info()
 .text._ZNKSt9type_info14__is_pointer_pEv
                0x10008680        0x4 c:/progra~1/raspbe~1/picosd~1.1/gcc-ar~1/bin/../lib/gcc/arm-none-eabi/10.3.1/../../../../arm-none-eabi/lib/thumb/v6-m/nofp\libstdc++.a(tinfo.o)
                0x10008680                std::type_info::__is_pointer_p() const
                0x10008680                std::type_info::__is_function_p() const
 .text._ZNKSt9type_infoeqERKS_
                0x10008684       0x30 c:/progra~1/raspbe~1/picosd~1.1/gcc-ar~1/bin/../lib/gcc/arm-none-eabi/10.3.1/../../../../arm-none-eabi/lib/thumb/v6-m/nofp\libstdc++.a(tinfo.o)
                0x10008684                std::type_info::operator==(std::type_info const&) const
 .text._ZN9__gnu_cxx27__verbose_terminate_handlerEv
                0x100086b4      0x114 c:/progra~1/raspbe~1/picosd~1.1/gcc-ar~1/bin/../lib/gcc/arm-none-eabi/10.3.1/../../../../arm-none-eabi/lib/thumb/v6-m/nofp\libstdc++.a(vterminate.o)
                0x100086b4                __gnu_cxx::__verbose_terminate_handler()
 .text._ZNKSt20bad_array_new_length4whatEv
                0x100087c8        0x8 c:/progra~1/raspbe~1/picosd~1.1/gcc-ar~1/bin/../lib/gcc/arm-none-eabi/10.3.1/../../../../arm-none-eabi/lib/thumb/v6-m/nofp\libstdc++.a(bad_array_new.o)
                0x100087c8                std::bad_array_new_length::what() const
 .text._ZNSt20bad_array_new_lengthD2Ev
                0x100087d0       0x18 c:/progra~1/raspbe~1/picosd~1.1/gcc-ar~1/bin/../lib/gcc/arm-none-eabi/10.3.1/../../../../arm-none-eabi/lib/thumb/v6-m/nofp\libstdc++.a(bad_array_new.o)
                0x100087d0                std::bad_array_new_length::~bad_array_new_length()
                0x100087d0                std::bad_array_new_length::~bad_array_new_length()
 .text._ZNSt20bad_array_new_lengthD0Ev
                0x100087e8       0x20 c:/progra~1/raspbe~1/picosd~1.1/gcc-ar~1/bin/../lib/gcc/arm-none-eabi/10.3.1/../../../../arm-none-eabi/lib/thumb/v6-m/nofp\libstdc++.a(bad_array_new.o)
                0x100087e8                std::bad_array_new_length::~bad_array_new_length()
 .text._ZNK10__cxxabiv117__class_type_info11__do_upcastEPKS0_PPv
                0x10008808       0x34 c:/progra~1/raspbe~1/picosd~1.1/gcc-ar~1/bin/../lib/gcc/arm-none-eabi/10.3.1/../../../../arm-none-eabi/lib/thumb/v6-m/nofp\libstdc++.a(class_type_info.o)
                0x10008808                __cxxabiv1::__class_type_info::__do_upcast(__cxxabiv1::__class_type_info const*, void**) const
 .text._ZNK10__cxxabiv117__class_type_info20__do_find_public_srcEiPKvPKS0_S2_
                0x1000883c       0x14 c:/progra~1/raspbe~1/picosd~1.1/gcc-ar~1/bin/../lib/gcc/arm-none-eabi/10.3.1/../../../../arm-none-eabi/lib/thumb/v6-m/nofp\libstdc++.a(class_type_info.o)
                0x1000883c                __cxxabiv1::__class_type_info::__do_find_public_src(int, void const*, __cxxabiv1::__class_type_info const*, void const*) const
 .text._ZN10__cxxabiv117__class_type_infoD2Ev
                0x10008850       0x18 c:/progra~1/raspbe~1/picosd~1.1/gcc-ar~1/bin/../lib/gcc/arm-none-eabi/10.3.1/../../../../arm-none-eabi/lib/thumb/v6-m/nofp\libstdc++.a(class_type_info.o)
                0x10008850                __cxxabiv1::__class_type_info::~__class_type_info()
                0x10008850                __cxxabiv1::__class_type_info::~__class_type_info()
 .text._ZN10__cxxabiv117__class_type_infoD0Ev
                0x10008868       0x20 c:/progra~1/raspbe~1/picosd~1.1/gcc-ar~1/bin/../lib/gcc/arm-none-eabi/10.3.1/../../../../arm-none-eabi/lib/thumb/v6-m/nofp\libstdc++.a(class_type_info.o)
                0x10008868                __cxxabiv1::__class_type_info::~__class_type_info()
 .text._ZNK10__cxxabiv117__class_type_info12__do_dyncastEiNS0_10__sub_kindEPKS0_PKvS3_S5_RNS0_16__dyncast_resultE
                0x10008888       0x40 c:/progra~1/raspbe~1/picosd~1.1/gcc-ar~1/bin/../lib/gcc/arm-none-eabi/10.3.1/../../../../arm-none-eabi/lib/thumb/v6-m/nofp\libstdc++.a(class_type_info.o)
                0x10008888                __cxxabiv1::__class_type_info::__do_dyncast(int, __cxxabiv1::__class_type_info::__sub_kind, __cxxabiv1::__class_type_info const*, void const*, __cxxabiv1::__class_type_info const*, void const*, __cxxabiv1::__class_type_info::__dyncast_result&) const
 .text._ZNK10__cxxabiv117__class_type_info11__do_upcastEPKS0_PKvRNS0_15__upcast_resultE
                0x100088c8       0x1c c:/progra~1/raspbe~1/picosd~1.1/gcc-ar~1/bin/../lib/gcc/arm-none-eabi/10.3.1/../../../../arm-none-eabi/lib/thumb/v6-m/nofp\libstdc++.a(class_type_info.o)
                0x100088c8                __cxxabiv1::__class_type_info::__do_upcast(__cxxabiv1::__class_type_info const*, void const*, __cxxabiv1::__class_type_info::__upcast_result&) const
 .text._ZNK10__cxxabiv117__class_type_info10__do_catchEPKSt9type_infoPPvj
                0x100088e4       0x24 c:/progra~1/raspbe~1/picosd~1.1/gcc-ar~1/bin/../lib/gcc/arm-none-eabi/10.3.1/../../../../arm-none-eabi/lib/thumb/v6-m/nofp\libstdc++.a(class_type_info.o)
                0x100088e4                __cxxabiv1::__class_type_info::__do_catch(std::type_info const*, void**, unsigned int) const
 .text          0x10008908     0x67e4 c:/progra~1/raspbe~1/picosd~1.1/gcc-ar~1/bin/../lib/gcc/arm-none-eabi/10.3.1/../../../../arm-none-eabi/lib/thumb/v6-m/nofp\libstdc++.a(cp-demangle.o)
                0x1000eff8                __cxa_demangle
                0x1000f0cc                __gcclibcxx_demangle_callback
 .text._ZdlPv   0x1000f0ec        0x8 c:/progra~1/raspbe~1/picosd~1.1/gcc-ar~1/bin/../lib/gcc/arm-none-eabi/10.3.1/../../../../arm-none-eabi/lib/thumb/v6-m/nofp\libstdc++.a(del_op.o)
                0x1000f0ec                operator delete(void*)
 .text._ZdlPvj  0x1000f0f4        0x8 c:/progra~1/raspbe~1/picosd~1.1/gcc-ar~1/bin/../lib/gcc/arm-none-eabi/10.3.1/../../../../arm-none-eabi/lib/thumb/v6-m/nofp\libstdc++.a(del_ops.o)
                0x1000f0f4                operator delete(void*, unsigned int)
 .text._ZN12_GLOBAL__N_14pool4freeEPv.constprop.0
                0x1000f0fc       0x78 c:/progra~1/raspbe~1/picosd~1.1/gcc-ar~1/bin/../lib/gcc/arm-none-eabi/10.3.1/../../../../arm-none-eabi/lib/thumb/v6-m/nofp\libstdc++.a(eh_alloc.o)
 .text._ZN12_GLOBAL__N_14pool8allocateEj.constprop.0
                0x1000f174       0x54 c:/progra~1/raspbe~1/picosd~1.1/gcc-ar~1/bin/../lib/gcc/arm-none-eabi/10.3.1/../../../../arm-none-eabi/lib/thumb/v6-m/nofp\libstdc++.a(eh_alloc.o)
 .text.__cxa_allocate_exception
                0x1000f1c8       0x2c c:/progra~1/raspbe~1/picosd~1.1/gcc-ar~1/bin/../lib/gcc/arm-none-eabi/10.3.1/../../../../arm-none-eabi/lib/thumb/v6-m/nofp\libstdc++.a(eh_alloc.o)
                0x1000f1c8                __cxa_allocate_exception
 .text.__cxa_free_exception
                0x1000f1f4       0x24 c:/progra~1/raspbe~1/picosd~1.1/gcc-ar~1/bin/../lib/gcc/arm-none-eabi/10.3.1/../../../../arm-none-eabi/lib/thumb/v6-m/nofp\libstdc++.a(eh_alloc.o)
                0x1000f1f4                __cxa_free_exception
 .text.startup._GLOBAL__sub_I__ZN9__gnu_cxx9__freeresEv
                0x1000f218       0x2c c:/progra~1/raspbe~1/picosd~1.1/gcc-ar~1/bin/../lib/gcc/arm-none-eabi/10.3.1/../../../../arm-none-eabi/lib/thumb/v6-m/nofp\libstdc++.a(eh_alloc.o)
 .text._ZN10__cxxabiv1L24__is_gxx_exception_classEPc
                0x1000f244       0x3c c:/progra~1/raspbe~1/picosd~1.1/gcc-ar~1/bin/../lib/gcc/arm-none-eabi/10.3.1/../../../../arm-none-eabi/lib/thumb/v6-m/nofp\libstdc++.a(eh_call.o)
 .text.__cxa_call_terminate
                0x1000f280       0x20 c:/progra~1/raspbe~1/picosd~1.1/gcc-ar~1/bin/../lib/gcc/arm-none-eabi/10.3.1/../../../../arm-none-eabi/lib/thumb/v6-m/nofp\libstdc++.a(eh_call.o)
                0x1000f280                __cxa_call_terminate
 .text.unlikely.__cxa_call_unexpected
                0x1000f2a0      0x100 c:/progra~1/raspbe~1/picosd~1.1/gcc-ar~1/bin/../lib/gcc/arm-none-eabi/10.3.1/../../../../arm-none-eabi/lib/thumb/v6-m/nofp\libstdc++.a(eh_call.o)
                0x1000f2a0                __cxa_call_unexpected
 .text.__cxa_begin_catch
                0x1000f3a0       0x74 c:/progra~1/raspbe~1/picosd~1.1/gcc-ar~1/bin/../lib/gcc/arm-none-eabi/10.3.1/../../../../arm-none-eabi/lib/thumb/v6-m/nofp\libstdc++.a(eh_catch.o)
                0x1000f3a0                __cxa_begin_catch
 .text.__cxa_end_catch
                0x1000f414       0x90 c:/progra~1/raspbe~1/picosd~1.1/gcc-ar~1/bin/../lib/gcc/arm-none-eabi/10.3.1/../../../../arm-none-eabi/lib/thumb/v6-m/nofp\libstdc++.a(eh_catch.o)
                0x1000f414                __cxa_end_catch
 .text.__cxa_current_exception_type
                0x1000f4a4       0x20 c:/progra~1/raspbe~1/picosd~1.1/gcc-ar~1/bin/../lib/gcc/arm-none-eabi/10.3.1/../../../../arm-none-eabi/lib/thumb/v6-m/nofp\libstdc++.a(eh_type.o)
                0x1000f4a4                __cxa_current_exception_type
 .text._Znwj    0x1000f4c4       0x40 c:/progra~1/raspbe~1/picosd~1.1/gcc-ar~1/bin/../lib/gcc/arm-none-eabi/10.3.1/../../../../arm-none-eabi/lib/thumb/v6-m/nofp\libstdc++.a(new_op.o)
                0x1000f4c4                operator new(unsigned int)
 .text._ZNKSt9bad_alloc4whatEv
                0x1000f504        0x8 c:/progra~1/raspbe~1/picosd~1.1/gcc-ar~1/bin/../lib/gcc/arm-none-eabi/10.3.1/../../../../arm-none-eabi/lib/thumb/v6-m/nofp\libstdc++.a(bad_alloc.o)
                0x1000f504                std::bad_alloc::what() const
 .text._ZNSt9bad_allocD2Ev
                0x1000f50c       0x18 c:/progra~1/raspbe~1/picosd~1.1/gcc-ar~1/bin/../lib/gcc/arm-none-eabi/10.3.1/../../../../arm-none-eabi/lib/thumb/v6-m/nofp\libstdc++.a(bad_alloc.o)
                0x1000f50c                std::bad_alloc::~bad_alloc()
                0x1000f50c                std::bad_alloc::~bad_alloc()
 .text._ZNSt9bad_allocD0Ev
                0x1000f524       0x20 c:/progra~1/raspbe~1/picosd~1.1/gcc-ar~1/bin/../lib/gcc/arm-none-eabi/10.3.1/../../../../arm-none-eabi/lib/thumb/v6-m/nofp\libstdc++.a(bad_alloc.o)
                0x1000f524                std::bad_alloc::~bad_alloc()
 .text._ZSt15get_new_handlerv
                0x1000f544        0xc c:/progra~1/raspbe~1/picosd~1.1/gcc-ar~1/bin/../lib/gcc/arm-none-eabi/10.3.1/../../../../arm-none-eabi/lib/thumb/v6-m/nofp\libstdc++.a(new_handler.o)
                0x1000f544                std::get_new_handler()
 .text.abort    0x1000f550       0x10 c:/progra~1/raspbe~1/picosd~1.1/gcc-ar~1/bin/../lib/gcc/arm-none-eabi/10.3.1/../../../../arm-none-eabi/lib/thumb/v6-m/nofp\libg.a(lib_a-abort.o)
                0x1000f550                abort
 .text.fputc    0x1000f560       0x58 c:/progra~1/raspbe~1/picosd~1.1/gcc-ar~1/bin/../lib/gcc/arm-none-eabi/10.3.1/../../../../arm-none-eabi/lib/thumb/v6-m/nofp\libg.a(lib_a-fputc.o)
                0x1000f560                fputc
 .text._fputs_r
                0x1000f5b8       0x8c c:/progra~1/raspbe~1/picosd~1.1/gcc-ar~1/bin/../lib/gcc/arm-none-eabi/10.3.1/../../../../arm-none-eabi/lib/thumb/v6-m/nofp\libg.a(lib_a-fputs.o)
                0x1000f5b8                _fputs_r
 .text.fputs    0x1000f644       0x18 c:/progra~1/raspbe~1/picosd~1.1/gcc-ar~1/bin/../lib/gcc/arm-none-eabi/10.3.1/../../../../arm-none-eabi/lib/thumb/v6-m/nofp\libg.a(lib_a-fputs.o)
                0x1000f644                fputs
 .text.__sfvwrite_r
                0x1000f65c      0x2f4 c:/progra~1/raspbe~1/picosd~1.1/gcc-ar~1/bin/../lib/gcc/arm-none-eabi/10.3.1/../../../../arm-none-eabi/lib/thumb/v6-m/nofp\libg.a(lib_a-fvwrite.o)